 SmBiosRead

 Timestamp is 62161076 (Wed Feb 23 18:46:14 2022)

 Preferred load address is 0000000000000000

 Start         Length     Name                   Class
 0001:00000000 00001e6eH .text                   CODE
 0002:00000000 00000020H .data                   DATA
 0002:00000020 0000132fH .rdata                  DATA
 0002:00001350 00000038H .bss                    DATA
 0003:00000000 00000150H .pdata                  DATA
 0004:00000000 000000d4H .xdata                  DATA

  Address         Publics by Value              Rva+Base               Lib:Object

 0001:00000000       _ModuleEntryPoint          00000000000002a0 f   UefiApplicationEntryPoint:ApplicationEntryPoint.obj
 0001:00000064       ProcessLibraryConstructorList 0000000000000304 f   SmBiosRead:AutoGen.obj
 0001:000001a4       ProcessModuleEntryPointList 0000000000000444 f   SmBiosRead:AutoGen.obj
 0001:000001ac       SmbiosRead                 000000000000044c f   SmBiosRead:SmBiosRead.obj
 0001:000005d8       UefiMain                   0000000000000878 f   SmBiosRead:SmBiosRead.obj
 0001:00000668       DebugPrint                 0000000000000908 f   BaseDebugLibNull:DebugLib.obj
 0001:00000674       DebugAssert                0000000000000914 f   BaseDebugLibNull:DebugLib.obj
 0001:00000674       ProcessLibraryDestructorList 0000000000000914 f   SmBiosRead:AutoGen.obj
 0001:00000678       DebugPrintLevelEnabled     0000000000000918 f   BaseDebugLibNull:DebugLib.obj
 0001:00000678       DebugAssertEnabled         0000000000000918 f   BaseDebugLibNull:DebugLib.obj
 0001:00000678       DebugPrintEnabled          0000000000000918 f   BaseDebugLibNull:DebugLib.obj
 0001:0000067c       StrLen                     000000000000091c f   BaseLib:String.obj
 0001:00000734       StrSize                    00000000000009d4 f   BaseLib:String.obj
 0001:00000748       StrCmp                     00000000000009e8 f   BaseLib:String.obj
 0001:000007f8       AsciiStrLen                0000000000000a98 f   BaseLib:String.obj
 0001:00000880       AsciiStrSize               0000000000000b20 f   BaseLib:String.obj
 0001:00000894       InternalMathDivRemU64x32   0000000000000b34 f   BaseLib:Math64.obj
 0001:000008b0       UefiBootServicesTableLibConstructor 0000000000000b50 f   UefiBootServicesTableLib:UefiBootServicesTableLib.obj
 0001:0000095c       UefiRuntimeServicesTableLibConstructor 0000000000000bfc f   UefiRuntimeServicesTableLib:UefiRuntimeServicesTableLib.obj
 0001:000009a0       UefiLibConstructor         0000000000000c40 f   UefiLib:UefiLib.obj
 0001:000009a4       EfiGetSystemConfigurationTable 0000000000000c44 f   UefiLib:UefiLib.obj
 0001:00000a7c       InternalPrint              0000000000000d1c f   UefiLib:UefiLibPrint.obj
 0001:00000b9c       Print                      0000000000000e3c f   UefiLib:UefiLibPrint.obj
 0001:00000bcc       ASCII_to_UCS2              0000000000000e6c f   MYLIB_StringLib:MYLIB_StringLib.obj
 0001:00000c20       GetSmbiosString            0000000000000ec0 f   MYLIB_SmBiosLib:MYLIB_SmBiosLib.obj
 0001:00000c50       ZeroMem                    0000000000000ef0 f   BaseMemoryLib:ZeroMemWrapper.obj
 0001:00000ccc       CompareGuid                0000000000000f6c f   BaseMemoryLib:MemLibGuid.obj
 0001:00000d34       InternalMemZeroMem         0000000000000fd4 f   BaseMemoryLib:MemLibGeneric.obj
 0001:00000d3c       InternalMemSetMem          0000000000000fdc f   BaseMemoryLib:SetMem.obj
 0001:00000d54       ReadUnaligned16            0000000000000ff4 f   BaseLib:Unaligned.obj
 0001:00000d8c       ReadUnaligned32            000000000000102c f   BaseLib:Unaligned.obj
 0001:00000dc4       ReadUnaligned64            0000000000001064 f   BaseLib:Unaligned.obj
 0001:00000dfc       UnicodeVSPrint             000000000000109c f   BasePrintLib:PrintLib.obj
 0001:00000ea0       BasePrintLibFillBuffer     0000000000001140 f   BasePrintLib:PrintLibInternal.obj
 0001:00000ed4       BasePrintLibValueToString  0000000000001174 f   BasePrintLib:PrintLibInternal.obj
 0001:00000f24       BasePrintLibSPrintMarker   00000000000011c4 f   BasePrintLib:PrintLibInternal.obj
 0001:00001d18       BasePrintLibSPrint         0000000000001fb8 f   BasePrintLib:PrintLibInternal.obj
 0001:00001d3c       InternalAllocatePool       0000000000001fdc f   UefiMemoryAllocationLib:MemoryAllocationLib.obj
 0001:00001d68       AllocatePool               0000000000002008 f   UefiMemoryAllocationLib:MemoryAllocationLib.obj
 0001:00001d78       AllocateZeroPool           0000000000002018 f   UefiMemoryAllocationLib:MemoryAllocationLib.obj
 0001:00001da4       FreePool                   0000000000002044 f   UefiMemoryAllocationLib:MemoryAllocationLib.obj
 0001:00001e18       DivU64x32Remainder         00000000000020b8 f   BaseLib:DivU64x32Remainder.obj
 0002:00000000       gEfiSmbiosTableGuid        0000000000002120     SmBiosRead:AutoGen.obj
 0002:00000010       gEfiSmbiosProtocolGuid     0000000000002130     SmBiosRead:AutoGen.obj
 0002:00000020       _gPcd_FixedAtBuild_PcdMaximumUnicodeStringLength 0000000000002140     SmBiosRead:AutoGen.obj
 0002:00000020       _gPcd_FixedAtBuild_PcdMaximumAsciiStringLength 0000000000002140     SmBiosRead:AutoGen.obj
 0002:00000024       _gPcd_FixedAtBuild_PcdUefiLibMaxPrintBufferSize 0000000000002144     SmBiosRead:AutoGen.obj
 0002:00000028       _gUefiDriverRevision       0000000000002148     SmBiosRead:AutoGen.obj
 0002:00000030       ??_C@_0FG@GDHEGDGI@q?3?2Build?2MyPkg?2RELEASE_DEVTLS?2X6@ 0000000000002150     SmBiosRead:AutoGen.obj
 0002:00000088       ??_C@_0BE@DCHLEIGN@?$CBEFI_ERROR?5?$CIStatus?$CJ?$AA@ 00000000000021a8     SmBiosRead:AutoGen.obj
 0002:000000a0       ??_C@_0CB@DMEJJJHA@?6ASSERT_EFI_ERROR?5?$CIStatus?5?$DN?5?$CFr?$CJ?6@ 00000000000021c0     SmBiosRead:AutoGen.obj
 0002:000000c8       ??_C@_17DCDPCIOM@?$AA?9?$AAt?$AA2?$AA?$AA@ 00000000000021e8     SmBiosRead:SmBiosRead.obj
 0002:000000d0       ??_C@_1DC@JCECLDJO@?$AAB?$AAI?$AAO?$AAS?$AA?5?$AAF?$AAa?$AAm?$AAi?$AAl?$AAy?$AA?5?$AA?5?$AA?5?$AA?5?$AA?5?$AA?5?$AA?5?$AA?5?$AA?3?$AA?5?$AA?$CF?$AAs?$AA?6?$AA?$AA@ 00000000000021f0     SmBiosRead:SmBiosRead.obj
 0002:00000108       ??_C@_1DC@OFOIEGBA@?$AAB?$AAI?$AAO?$AAS?$AA?5?$AAS?$AAK?$AAU?$AA?5?$AAN?$AAu?$AAm?$AAb?$AAe?$AAr?$AA?5?$AA?5?$AA?5?$AA?5?$AA?3?$AA?5?$AA?$CF?$AAs?$AA?6?$AA?$AA@ 0000000000002228     SmBiosRead:SmBiosRead.obj
 0002:00000140       ??_C@_1DE@GHDCOJPP@?$AAW?$AAa?$AAk?$AAe?$AAu?$AAp?$AA?5?$AAT?$AAy?$AAp?$AAe?$AA?5?$AA?5?$AA?5?$AA?5?$AA?5?$AA?5?$AA?5?$AA?5?$AA?3?$AA?5?$AA?$CF?$AAl?$AAx?$AA?6?$AA?$AA@ 0000000000002260     SmBiosRead:SmBiosRead.obj
 0002:00000180       ??_C@_1HI@PKGIEMIM@?$AAU?$AAU?$AAI?$AAD?$AA?5?$AA?5?$AA?5?$AA?5?$AA?5?$AA?5?$AA?5?$AA?5?$AA?5?$AA?5?$AA?5?$AA?5?$AA?5?$AA?5?$AA?5?$AA?3?$AA?5?$AA?$CF?$AAl?$AAx?$AA?9?$AA?$CF?$AAl?$AAx?$AA?9?$AA?$CF?$AAl?$AAx@ 00000000000022a0     SmBiosRead:SmBiosRead.obj
 0002:000001f8       ??_C@_1DC@BHJKJFCE@?$AAB?$AAI?$AAO?$AAS?$AA?5?$AAS?$AAe?$AAr?$AAi?$AAa?$AAl?$AA?5?$AAN?$AAu?$AAm?$AAb?$AAe?$AAr?$AA?5?$AA?3?$AA?5?$AA?$CF?$AAs?$AA?6?$AA?$AA@ 0000000000002318     SmBiosRead:SmBiosRead.obj
 0002:00000230       ??_C@_1DC@HPAHEBFK@?$AAB?$AAI?$AAO?$AAS?$AA?5?$AAV?$AAe?$AAr?$AAs?$AAi?$AAo?$AAn?$AA?5?$AA?5?$AA?5?$AA?5?$AA?5?$AA?5?$AA?5?$AA?3?$AA?5?$AA?$CF?$AAs?$AA?6?$AA?$AA@ 0000000000002350     SmBiosRead:SmBiosRead.obj
 0002:00000268       ??_C@_1DC@IGEHFEPE@?$AAB?$AAI?$AAO?$AAS?$AA?5?$AAP?$AAr?$AAo?$AAd?$AAu?$AAc?$AAt?$AA?5?$AAN?$AAa?$AAm?$AAe?$AA?5?$AA?5?$AA?3?$AA?5?$AA?$CF?$AAs?$AA?6?$AA?$AA@ 0000000000002388     SmBiosRead:SmBiosRead.obj
 0002:000002a0       ??_C@_1DC@LEEIHEMC@?$AAB?$AAI?$AAO?$AAS?$AA?5?$AAM?$AAa?$AAn?$AAu?$AAf?$AAa?$AAc?$AAt?$AAu?$AAr?$AAe?$AA?5?$AA?5?$AA?5?$AA?3?$AA?5?$AA?$CF?$AAs?$AA?6?$AA?$AA@ 00000000000023c0     SmBiosRead:SmBiosRead.obj
 0002:000002d8       ??_C@_1DM@KIEIKIH@?$AAH?$AAa?$AAn?$AAd?$AAl?$AAe?$AA?5?$AA?5?$AA?5?$AA?5?$AA?5?$AA?5?$AA?5?$AA?5?$AA?5?$AA?5?$AA?5?$AA?5?$AA?5?$AA?3?$AA?5?$AA0?$AAx?$AA?$CF?$AA0?$AA4?$AAl?$AAx?$AA?6?$AA?$AA@ 00000000000023f8     SmBiosRead:SmBiosRead.obj
 0002:00000318       ??_C@_1DI@NBDGLPHM@?$AAL?$AAe?$AAn?$AAg?$AAt?$AAh?$AA?5?$AA?5?$AA?5?$AA?5?$AA?5?$AA?5?$AA?5?$AA?5?$AA?5?$AA?5?$AA?5?$AA?5?$AA?5?$AA?3?$AA?5?$AA0?$AAx?$AA?$CF?$AAl?$AAx?$AA?6?$AA?$AA@ 0000000000002438     SmBiosRead:SmBiosRead.obj
 0002:00000350       ??_C@_1DI@GJGEAKC@?$AAT?$AAy?$AAp?$AAe?$AA?5?$AA?5?$AA?5?$AA?5?$AA?5?$AA?5?$AA?5?$AA?5?$AA?5?$AA?5?$AA?5?$AA?5?$AA?5?$AA?5?$AA?5?$AA?3?$AA?5?$AA?$CF?$AA0?$AA2?$AAl?$AAx?$AA?6?$AA?$AA@ 0000000000002470     SmBiosRead:SmBiosRead.obj
 0002:00000388       ??_C@_17CAIKIHAC@?$AA?9?$AAt?$AA1?$AA?$AA@ 00000000000024a8     SmBiosRead:SmBiosRead.obj
 0002:00000390       ??_C@_1EC@LKOFMFNO@?$AAE?$AAC?$AA?5?$AAF?$AAi?$AAr?$AAm?$AAw?$AAa?$AAr?$AAe?$AA?5?$AAM?$AAi?$AAn?$AAo?$AAr?$AA?5?$AAR?$AAe?$AAl?$AAe?$AAa?$AAs?$AAe?$AA?5?$AA?3?$AA?5?$AA?$CF?$AAl?$AAx?$AA?6@ 00000000000024b0     SmBiosRead:SmBiosRead.obj
 0002:000003e0       ??_C@_1EC@JLCGLJGK@?$AAE?$AAC?$AA?5?$AAF?$AAi?$AAr?$AAm?$AAw?$AAa?$AAr?$AAe?$AA?5?$AAM?$AAa?$AAj?$AAo?$AAr?$AA?5?$AAR?$AAe?$AAl?$AAe?$AAa?$AAs?$AAe?$AA?5?$AA?3?$AA?5?$AA?$CF?$AAl?$AAx?$AA?6@ 0000000000002500     SmBiosRead:SmBiosRead.obj
 0002:00000430       ??_C@_1EC@IPACCDEG@?$AAS?$AAy?$AAs?$AAt?$AAe?$AAm?$AA?5?$AAB?$AAi?$AAo?$AAs?$AA?5?$AAM?$AAi?$AAn?$AAo?$AAr?$AA?5?$AAR?$AAe?$AAl?$AAe?$AAa?$AAs?$AAe?$AA?5?$AA?3?$AA?5?$AA?$CF?$AAl?$AAx?$AA?6@ 0000000000002550     SmBiosRead:SmBiosRead.obj
 0002:00000480       ??_C@_1EC@KOMBFPPC@?$AAS?$AAy?$AAs?$AAt?$AAe?$AAm?$AA?5?$AAB?$AAi?$AAo?$AAs?$AA?5?$AAM?$AAa?$AAj?$AAo?$AAr?$AA?5?$AAR?$AAe?$AAl?$AAe?$AAa?$AAs?$AAe?$AA?5?$AA?3?$AA?5?$AA?$CF?$AAl?$AAx?$AA?6@ 00000000000025a0     SmBiosRead:SmBiosRead.obj
 0002:000004d0       ??_C@_1FC@FGKOLKJM@?$AAE?$AAx?$AAt?$AAe?$AAn?$AAs?$AAi?$AAo?$AAn?$AAB?$AAy?$AAt?$AAe?$AAs?$AA?5?$AA?5?$AA?5?$AA?5?$AA?5?$AA?5?$AA?5?$AA?5?$AA?5?$AA?5?$AA?5?$AA?5?$AA?3?$AA?5?$AA?$CF?$AA0?$AA2?$AAl@ 00000000000025f0     SmBiosRead:SmBiosRead.obj
 0002:00000530       ??_C@_1EC@EGIBAABM@?$AAC?$AAh?$AAa?$AAr?$AAa?$AAc?$AAt?$AAe?$AAr?$AAi?$AAs?$AAt?$AAi?$AAc?$AAs?$AA?5?$AA?5?$AA?5?$AA?5?$AA?5?$AA?5?$AA?5?$AA?5?$AA?5?$AA?5?$AA?5?$AA?3?$AA?5?$AA?$CF?$AAl?$AAx?$AA?6@ 0000000000002650     SmBiosRead:SmBiosRead.obj
 0002:00000580       ??_C@_1EA@HNKGOKGI@?$AAR?$AAe?$AAl?$AAe?$AAa?$AAs?$AAe?$AA?5?$AAD?$AAa?$AAt?$AAe?$AA?5?$AA?5?$AA?5?$AA?5?$AA?5?$AA?5?$AA?5?$AA?5?$AA?5?$AA?5?$AA?5?$AA?5?$AA?5?$AA?5?$AA?3?$AA?5?$AA?$CF?$AAs?$AA?6?$AA?$AA@ 00000000000026a0     SmBiosRead:SmBiosRead.obj
 0002:000005c0       ??_C@_1EC@JHBKICHB@?$AAB?$AAI?$AAO?$AAS?$AA?5?$AAS?$AAi?$AAz?$AAe?$AA?5?$AA?5?$AA?5?$AA?5?$AA?5?$AA?5?$AA?5?$AA?5?$AA?5?$AA?5?$AA?5?$AA?5?$AA?5?$AA?5?$AA?5?$AA?5?$AA?5?$AA?3?$AA?5?$AA?$CF?$AAl?$AAx?$AA?6@ 00000000000026e0     SmBiosRead:SmBiosRead.obj
 0002:00000610       ??_C@_1EA@CAAMMKJG@?$AAB?$AAI?$AAO?$AAS?$AA?5?$AAV?$AAe?$AAr?$AAs?$AAi?$AAo?$AAn?$AA?5?$AA?5?$AA?5?$AA?5?$AA?5?$AA?5?$AA?5?$AA?5?$AA?5?$AA?5?$AA?5?$AA?5?$AA?5?$AA?5?$AA?3?$AA?5?$AA?$CF?$AAs?$AA?6?$AA?$AA@ 0000000000002730     SmBiosRead:SmBiosRead.obj
 0002:00000650       ??_C@_1EA@HNGJMAAO@?$AAB?$AAI?$AAO?$AAS?$AA?5?$AAV?$AAe?$AAn?$AAd?$AAo?$AAr?$AA?5?$AA?5?$AA?5?$AA?5?$AA?5?$AA?5?$AA?5?$AA?5?$AA?5?$AA?5?$AA?5?$AA?5?$AA?5?$AA?5?$AA?5?$AA?3?$AA?5?$AA?$CF?$AAs?$AA?6?$AA?$AA@ 0000000000002770     SmBiosRead:SmBiosRead.obj
 0002:00000690       ??_C@_1EG@BBLLEPP@?$AAS?$AAt?$AAa?$AAr?$AAt?$AA?5?$AAA?$AAd?$AAd?$AAr?$AA?5?$AAB?$AAi?$AAo?$AAs?$AA?5?$AAS?$AAe?$AAg?$AAm?$AAe?$AAn?$AAt?$AA?5?$AA?5?$AA?5?$AA?3?$AA?5?$AA?$CF?$AA0?$AA4?$AAl@ 00000000000027b0     SmBiosRead:SmBiosRead.obj
 0002:000006e0       ??_C@_1EK@MMANEEHI@?$AAH?$AAa?$AAn?$AAd?$AAl?$AAe?$AA?5?$AA?5?$AA?5?$AA?5?$AA?5?$AA?5?$AA?5?$AA?5?$AA?5?$AA?5?$AA?5?$AA?5?$AA?5?$AA?5?$AA?5?$AA?5?$AA?5?$AA?5?$AA?5?$AA?5?$AA?3?$AA?5?$AA0?$AAx?$AA?$CF?$AA0@ 0000000000002800     SmBiosRead:SmBiosRead.obj
 0002:00000730       ??_C@_1EG@FHJGICBI@?$AAL?$AAe?$AAn?$AAg?$AAt?$AAh?$AA?5?$AA?5?$AA?5?$AA?5?$AA?5?$AA?5?$AA?5?$AA?5?$AA?5?$AA?5?$AA?5?$AA?5?$AA?5?$AA?5?$AA?5?$AA?5?$AA?5?$AA?5?$AA?5?$AA?5?$AA?3?$AA?5?$AA0?$AAx?$AA?$CF?$AAl@ 0000000000002850     SmBiosRead:SmBiosRead.obj
 0002:00000780       ??_C@_1EG@IJLIOFJD@?$AAT?$AAy?$AAp?$AAe?$AA?5?$AA?5?$AA?5?$AA?5?$AA?5?$AA?5?$AA?5?$AA?5?$AA?5?$AA?5?$AA?5?$AA?5?$AA?5?$AA?5?$AA?5?$AA?5?$AA?5?$AA?5?$AA?5?$AA?5?$AA?5?$AA?5?$AA?3?$AA?5?$AA?$CF?$AA0?$AA2?$AAl@ 00000000000028a0     SmBiosRead:SmBiosRead.obj
 0002:000007c8       ??_C@_17JIDGOAGH@?$AA?9?$AAt?$AA0?$AA?$AA@ 00000000000028e8     SmBiosRead:SmBiosRead.obj
 0002:000007d0       ??_C@_1DI@KNPLMFDN@?$AAS?$AAM?$AAB?$AAi?$AAo?$AAs?$AA?5?$AAV?$AAe?$AAr?$AA?3?$AA?5?$AA?$CF?$AAd?$AA?4?$AA?$CF?$AAd?$AA?5?$AA?5?$AAR?$AAe?$AAv?$AA?3?$AA?5?$AA?$CF?$AAd?$AA?6?$AA?$AA@ 00000000000028f0     SmBiosRead:SmBiosRead.obj
 0002:00000808       ??_C@_15BBFCHPHP@?$AA?9?$AAt?$AA?$AA@ 0000000000002928     SmBiosRead:SmBiosRead.obj
 0002:00000810       ??_C@_1IK@GGJNFPLP@?$AA?6?$AAS?$AAo?$AAr?$AAr?$AAy?$AA?0?$AA?5?$AAG?$AAe?$AAt?$AAt?$AAi?$AAn?$AAg?$AA?5?$AAS?$AAh?$AAe?$AAl?$AAl?$AA?5?$AAp?$AAa?$AAr?$AAa?$AAm?$AAs?$AA?5?$AAd?$AAi?$AAd@ 0000000000002930     SmBiosRead:SmBiosRead.obj
 0002:000008a0       ??_C@_0DK@EOJCOAME@Length?5?$DM?5_gPcd_FixedAtBuild_PcdM@ 00000000000029c0     BaseLib:String.obj
 0002:000008e0       ??_C@_0CD@BDCLIGHD@?$CI?$CIUINTN?$CJ?5String?5?$CG?50x00000001?$CJ?5?$DN?$DN@ 0000000000002a00     BaseLib:String.obj
 0002:00000908       ??_C@_0CD@OOJADBME@q?3?2MdePkg?2Library?2BaseLib?2String@ 0000000000002a28     BaseLib:String.obj
 0002:00000930       ??_C@_0BH@MAAHKCPC@String?5?$CB?$DN?5?$CI?$CIvoid?5?$CK?$CJ?50?$CJ?$AA@ 0000000000002a50     BaseLib:String.obj
 0002:00000948       ??_C@_0BM@DALBOILC@StrSize?5?$CISecondString?$CJ?5?$CB?$DN?50?$AA@ 0000000000002a68     BaseLib:String.obj
 0002:00000968       ??_C@_0BL@JAAMOCAJ@StrSize?5?$CIFirstString?$CJ?5?$CB?$DN?50?$AA@ 0000000000002a88     BaseLib:String.obj
 0002:00000988       ??_C@_0DI@MDIKFADO@Length?5?$DM?5_gPcd_FixedAtBuild_PcdM@ 0000000000002aa8     BaseLib:String.obj
 0002:000009c0       ??_C@_0N@KGHEHMDL@Divisor?5?$CB?$DN?50?$AA@ 0000000000002ae0     BaseLib:DivU64x32.obj
 0002:000009d0       ??_C@_0BE@BDFJLGLN@gBS?5?$CB?$DN?5?$CI?$CIvoid?5?$CK?$CJ?50?$CJ?$AA@ 0000000000002af0     UefiBootServicesTableLib:UefiBootServicesTableLib.obj
 0002:000009e8       ??_C@_0BE@DGNHAHIL@gST?5?$CB?$DN?5?$CI?$CIvoid?5?$CK?$CJ?50?$CJ?$AA@ 0000000000002b08     UefiBootServicesTableLib:UefiBootServicesTableLib.obj
 0002:00000a00       ??_C@_0EG@IHBEIGJL@q?3?2MdePkg?2Library?2UefiBootServic@ 0000000000002b20     UefiBootServicesTableLib:UefiBootServicesTableLib.obj
 0002:00000a48       ??_C@_0BN@COECPDCC@gImageHandle?5?$CB?$DN?5?$CI?$CIvoid?5?$CK?$CJ?50?$CJ?$AA@ 0000000000002b68     UefiBootServicesTableLib:UefiBootServicesTableLib.obj
 0002:00000a70       ??_C@_0EM@DLKNJEFG@q?3?2MdePkg?2Library?2UefiRuntimeSer@ 0000000000002b90     UefiRuntimeServicesTableLib:UefiRuntimeServicesTableLib.obj
 0002:00000ac0       ??_C@_0BE@OBDFIHND@gRT?5?$CB?$DN?5?$CI?$CIvoid?5?$CK?$CJ?50?$CJ?$AA@ 0000000000002be0     UefiRuntimeServicesTableLib:UefiRuntimeServicesTableLib.obj
 0002:00000ad8       ??_C@_0BG@JDKEGFNB@Table?5?$CB?$DN?5?$CI?$CIvoid?5?$CK?$CJ?50?$CJ?$AA@ 0000000000002bf8     UefiLib:UefiLib.obj
 0002:00000af0       ??_C@_0CE@KFLJGPMN@q?3?2MdePkg?2Library?2UefiLib?2UefiLi@ 0000000000002c10     UefiLib:UefiLib.obj
 0002:00000b18       ??_C@_0BK@PPOBBAMB@TableGuid?5?$CB?$DN?5?$CI?$CIvoid?5?$CK?$CJ?50?$CJ?$AA@ 0000000000002c38     UefiLib:UefiLib.obj
 0002:00000b38       ??_C@_0BH@IACGKAP@Buffer?5?$CB?$DN?5?$CI?$CIvoid?5?$CK?$CJ?50?$CJ?$AA@ 0000000000002c58     UefiLib:UefiLibPrint.obj
 0002:00000b50       ??_C@_0BI@DIKLKBJC@Console?5?$CB?$DN?5?$CI?$CIvoid?5?$CK?$CJ?50?$CJ?$AA@ 0000000000002c70     UefiLib:UefiLibPrint.obj
 0002:00000b68       ??_C@_0CD@NJDNMGBE@?$CI?$CIUINTN?$CJ?5Format?5?$CG?50x00000001?$CJ?5?$DN?$DN@ 0000000000002c88     UefiLib:UefiLibPrint.obj
 0002:00000b90       ??_C@_0CJ@ICOLKBCP@q?3?2MdePkg?2Library?2UefiLib?2UefiLi@ 0000000000002cb0     UefiLib:UefiLibPrint.obj
 0002:00000bc0       ??_C@_0BH@LKMBFCBF@Format?5?$CB?$DN?5?$CI?$CIvoid?5?$CK?$CJ?50?$CJ?$AA@ 0000000000002ce0     UefiLib:UefiLibPrint.obj
 0002:00000bd8       ??_C@_0DG@EEENIGGL@Length?5?$DM?$DN?5?$CI0xFFFFFFFFFFFFFFFFULL@ 0000000000002cf8     BaseMemoryLib:ZeroMemWrapper.obj
 0002:00000c10       ??_C@_0DB@ELEHOMCE@q?3?2MdePkg?2Library?2BaseMemoryLib?2@ 0000000000002d30     BaseMemoryLib:ZeroMemWrapper.obj
 0002:00000c48       ??_C@_0CI@MNELLLEK@?$CB?$CIBuffer?5?$DN?$DN?5?$CI?$CIvoid?5?$CK?$CJ?50?$CJ?5?$CG?$CG?5Leng@ 0000000000002d68     BaseMemoryLib:ZeroMemWrapper.obj
 0002:00000c70       ??_C@_0CG@MHAECJIA@q?3?2MdePkg?2Library?2BaseLib?2Unalig@ 0000000000002d90     BaseLib:Unaligned.obj
 0002:00000c98       ??_C@_0CH@KJLBGOBB@?$CI?$CI?$CIUINTN?$CJ?5?$CIFormatString?$CJ?$CJ?5?$CG?50x01@ 0000000000002db8     BasePrintLib:PrintLib.obj
 0002:00000cc0       ??_C@_0CK@LOLCLJPB@q?3?2MdePkg?2Library?2BasePrintLib?2P@ 0000000000002de0     BasePrintLib:PrintLib.obj
 0002:00000cf0       ??_C@_0CI@BGLNHBLM@?$CI?$CI?$CIUINTN?$CJ?5?$CIStartOfBuffer?$CJ?$CJ?5?$CG?50x0@ 0000000000002e10     BasePrintLib:PrintLib.obj
 0002:00000d18       ??_C@_0BB@MFGDFIJM@Compromised?5Data?$AA@ 0000000000002e38     BasePrintLib:PrintLibInternal.obj
 0002:00000d30       ??_C@_0BB@KFJAMCOC@Invalid?5Language?$AA@ 0000000000002e50     BasePrintLib:PrintLibInternal.obj
 0002:00000d48       ??_C@_0M@FKGOBENP@End?5of?5File?$AA@ 0000000000002e68     BasePrintLib:PrintLibInternal.obj
 0002:00000d58       ??_C@_0O@GLPDOMCP@Reserved?5?$CI30?$CJ?$AA@ 0000000000002e78     BasePrintLib:PrintLibInternal.obj
 0002:00000d68       ??_C@_0O@NMJOLAMF@Reserved?5?$CI29?$CJ?$AA@ 0000000000002e88     BasePrintLib:PrintLibInternal.obj
 0002:00000d78       ??_C@_0N@JEJDHPO@End?5of?5Media?$AA@ 0000000000002e98     BasePrintLib:PrintLibInternal.obj
 0002:00000d88       ??_C@_09BOMAGJEG@CRC?5Error?$AA@ 0000000000002ea8     BasePrintLib:PrintLibInternal.obj
 0002:00000d98       ??_C@_0BD@KHMPCIOG@Security?5Violation?$AA@ 0000000000002eb8     BasePrintLib:PrintLibInternal.obj
 0002:00000db0       ??_C@_0BF@EHOBGFMI@Incompatible?5Version?$AA@ 0000000000002ed0     BasePrintLib:PrintLibInternal.obj
 0002:00000dc8       ??_C@_0P@NCJHBCLM@Protocol?5Error?$AA@ 0000000000002ee8     BasePrintLib:PrintLibInternal.obj
 0002:00000dd8       ??_C@_0L@DJKNJKHM@TFTP?5Error?$AA@ 0000000000002ef8     BasePrintLib:PrintLibInternal.obj
 0002:00000de8       ??_C@_0L@LKIFCMNO@ICMP?5Error?$AA@ 0000000000002f08     BasePrintLib:PrintLibInternal.obj
 0002:00000df8       ??_C@_07LCKDCBKK@Aborted?$AA@ 0000000000002f18     BasePrintLib:PrintLibInternal.obj
 0002:00000e00       ??_C@_0BA@IGIBFFPH@Already?5started?$AA@ 0000000000002f20     BasePrintLib:PrintLibInternal.obj
 0002:00000e10       ??_C@_0M@DCJFAFHJ@Not?5started?$AA@ 0000000000002f30     BasePrintLib:PrintLibInternal.obj
 0002:00000e20       ??_C@_08PAFJCNGP@Time?5out?$AA@ 0000000000002f40     BasePrintLib:PrintLibInternal.obj
 0002:00000e30       ??_C@_0L@IFPBNFC@No?5mapping?$AA@ 0000000000002f50     BasePrintLib:PrintLibInternal.obj
 0002:00000e40       ??_C@_0M@ENKCBFEP@No?5Response?$AA@ 0000000000002f60     BasePrintLib:PrintLibInternal.obj
 0002:00000e50       ??_C@_0O@NFHOBIDO@Access?5Denied?$AA@ 0000000000002f70     BasePrintLib:PrintLibInternal.obj
 0002:00000e60       ??_C@_09CFCBFJND@Not?5Found?$AA@ 0000000000002f80     BasePrintLib:PrintLibInternal.obj
 0002:00000e70       ??_C@_0O@JNCJKCCD@Media?5changed?$AA@ 0000000000002f90     BasePrintLib:PrintLibInternal.obj
 0002:00000e80       ??_C@_08KEGAJDNN@No?5Media?$AA@ 0000000000002fa0     BasePrintLib:PrintLibInternal.obj
 0002:00000e90       ??_C@_0M@HDLEPOFA@Volume?5Full?$AA@ 0000000000002fb0     BasePrintLib:PrintLibInternal.obj
 0002:00000ea0       ??_C@_0P@EIOJGIF@Volume?5Corrupt?$AA@ 0000000000002fc0     BasePrintLib:PrintLibInternal.obj
 0002:00000eb0       ??_C@_0BB@GOILNEAA@Out?5of?5Resources?$AA@ 0000000000002fd0     BasePrintLib:PrintLibInternal.obj
 0002:00000ec8       ??_C@_0BA@LNEDDFNB@Write?5Protected?$AA@ 0000000000002fe8     BasePrintLib:PrintLibInternal.obj
 0002:00000ed8       ??_C@_0N@HHEABDHO@Device?5Error?$AA@ 0000000000002ff8     BasePrintLib:PrintLibInternal.obj
 0002:00000ee8       ??_C@_09NKFGCIPN@Not?5Ready?$AA@ 0000000000003008     BasePrintLib:PrintLibInternal.obj
 0002:00000ef8       ??_C@_0BB@EGELJFOB@Buffer?5Too?5Small?$AA@ 0000000000003018     BasePrintLib:PrintLibInternal.obj
 0002:00000f10       ??_C@_0BA@FLNMPMCF@Bad?5Buffer?5Size?$AA@ 0000000000003030     BasePrintLib:PrintLibInternal.obj
 0002:00000f20       ??_C@_0M@BEECMOIL@Unsupported?$AA@ 0000000000003040     BasePrintLib:PrintLibInternal.obj
 0002:00000f30       ??_C@_0BC@HOFHKGJN@Invalid?5Parameter?$AA@ 0000000000003050     BasePrintLib:PrintLibInternal.obj
 0002:00000f48       ??_C@_0L@PLPBEPPC@Load?5Error?$AA@ 0000000000003068     BasePrintLib:PrintLibInternal.obj
 0002:00000f58       ??_C@_0BD@IFJNJCCO@Warning?5Stale?5Data?$AA@ 0000000000003078     BasePrintLib:PrintLibInternal.obj
 0002:00000f70       ??_C@_0BJ@ODIPDGHB@Warning?5Buffer?5Too?5Small?$AA@ 0000000000003090     BasePrintLib:PrintLibInternal.obj
 0002:00000f90       ??_C@_0BG@ECIJMOED@Warning?5Write?5Failure?$AA@ 00000000000030b0     BasePrintLib:PrintLibInternal.obj
 0002:00000fa8       ??_C@_0BH@GKKCJEPJ@Warning?5Delete?5Failure?$AA@ 00000000000030c8     BasePrintLib:PrintLibInternal.obj
 0002:00000fc0       ??_C@_0BG@CFJMNNJK@Warning?5Unknown?5Glyph?$AA@ 00000000000030e0     BasePrintLib:PrintLibInternal.obj
 0002:00000fd8       ??_C@_07PBILKAFL@Success?$AA@ 00000000000030f8     BasePrintLib:PrintLibInternal.obj
 0002:00000fe0       mHexStr                    0000000000003100     BasePrintLib:PrintLibInternal.obj
 0002:00000ff0       mStatusString              0000000000003110     BasePrintLib:PrintLibInternal.obj
 0002:00001128       ??_C@_0DC@CHCEMEEB@q?3?2MdePkg?2Library?2BasePrintLib?2P@ 0000000000003248     BasePrintLib:PrintLibInternal.obj
 0002:00001160       ??_C@_0EG@NFDMKACK@?$CI?$CI?$CIFlags?5?$CG?50x00000040?$CJ?5?$CB?$DN?50?$CJ?$CJ?5?$HM?$HM@ 0000000000003280     BasePrintLib:PrintLibInternal.obj
 0002:000011b0       ??_C@_0EM@FPGGOFNC@?$CI?$CI?$CIFlags?5?$CG?50x00000040?$CJ?5?$DN?$DN?50?$CJ?$CJ?5?$HM?$HM@ 00000000000032d0     BasePrintLib:PrintLibInternal.obj
 0002:000011fc       ??_C@_01LIIJDEN@?$AN?$AA@  000000000000331c     BasePrintLib:PrintLibInternal.obj
 0002:00001200       ??_C@_04JIMNDDED@?$CF08X?$AA@ 0000000000003320     BasePrintLib:PrintLibInternal.obj
 0002:00001208       ??_C@_0O@MLOLIMFM@?$DMnull?5string?$DO?$AA@ 0000000000003328     BasePrintLib:PrintLibInternal.obj
 0002:00001218       ??_C@_0BK@FCPKCIDD@?$CF02d?1?$CF02d?1?$CF04d?5?5?$CF02d?3?$CF02d?$AA@ 0000000000003338     BasePrintLib:PrintLibInternal.obj
 0002:00001238       ??_C@_0M@LHGBCIKM@?$DMnull?5time?$DO?$AA@ 0000000000003358     BasePrintLib:PrintLibInternal.obj
 0002:00001248       ??_C@_0DB@PMLHLBMO@?$CF08x?9?$CF04x?9?$CF04x?9?$CF02x?$CF02x?9?$CF02x?$CF02x@ 0000000000003368     BasePrintLib:PrintLibInternal.obj
 0002:00001280       ??_C@_0M@BJJDNPHK@?$DMnull?5guid?$DO?$AA@ 00000000000033a0     BasePrintLib:PrintLibInternal.obj
 0002:0000128c       ??_C@_02PCIJFNDE@?$AN?6?$AA@ 00000000000033ac     BasePrintLib:PrintLibInternal.obj
 0002:00001290       ??_C@_0BL@BFEFANFD@AsciiStrSize?5?$CIFormat?$CJ?5?$CB?$DN?50?$AA@ 00000000000033b0     BasePrintLib:PrintLibInternal.obj
 0002:000012b0       ??_C@_0CB@NIHAJGJE@StrSize?5?$CI?$CICHAR16?5?$CK?$CJ?5Format?$CJ?5?$CB?$DN?50@ 00000000000033d0     BasePrintLib:PrintLibInternal.obj
 0002:000012e0       ??_C@_0EA@JCDEKIGH@q?3?2MdePkg?2Library?2UefiMemoryAllo@ 0000000000003400     UefiMemoryAllocationLib:MemoryAllocationLib.obj
 0002:00001320       ??_C@_0CP@CPEPIGGJ@q?3?2MdePkg?2Library?2BaseLib?2DivU64@ 0000000000003440     BaseLib:DivU64x32Remainder.obj
 0002:00001350       gImageHandle               0000000000003470     UefiBootServicesTableLib:UefiBootServicesTableLib.obj
 0002:00001358       gST                        0000000000003478     UefiBootServicesTableLib:UefiBootServicesTableLib.obj
 0002:00001360       gBS                        0000000000003480     UefiBootServicesTableLib:UefiBootServicesTableLib.obj
 0002:00001368       gRT                        0000000000003488     UefiRuntimeServicesTableLib:UefiRuntimeServicesTableLib.obj

 entry point at        0001:00000000

 Static symbols

