 CMOSTool

 Timestamp is 621ed442 (Wed Mar 02 10:19:46 2022)

 Preferred load address is 0000000000000000

 Start         Length     Name                   Class
 0001:00000000 00001cc3H .text                   CODE
 0002:00000000 00000000H .data                   DATA
 0002:00000000 00001547H .rdata                  DATA
 0002:00001548 00000020H .bss                    DATA
 0003:00000000 0000012cH .pdata                  DATA
 0004:00000000 000000c8H .xdata                  DATA

  Address         Publics by Value              Rva+Base               Lib:Object

 0001:00000000       _ModuleEntryPoint          00000000000002a0 f   UefiApplicationEntryPoint:ApplicationEntryPoint.obj
 0001:00000064       ProcessLibraryConstructorList 0000000000000304 f   CMOSTool:AutoGen.obj
 0001:000001a4       ProcessLibraryDestructorList 0000000000000444 f   CMOSTool:AutoGen.obj
 0001:000001a4       DebugAssert                0000000000000444 f   BaseDebugLibNull:DebugLib.obj
 0001:000001a8       ProcessModuleEntryPointList 0000000000000448 f   CMOSTool:AutoGen.obj
 0001:000001b0       ShowLog                    0000000000000450 f   CMOSTool:CMOSTool.obj
 0001:00000280       CMOSTool                   0000000000000520 f   CMOSTool:CMOSTool.obj
 0001:000003ec       UefiMain                   000000000000068c f   CMOSTool:CMOSTool.obj
 0001:0000047c       DebugPrint                 000000000000071c f   BaseDebugLibNull:DebugLib.obj
 0001:00000488       DebugAssertEnabled         0000000000000728 f   BaseDebugLibNull:DebugLib.obj
 0001:00000488       DebugPrintLevelEnabled     0000000000000728 f   BaseDebugLibNull:DebugLib.obj
 0001:00000488       DebugPrintEnabled          0000000000000728 f   BaseDebugLibNull:DebugLib.obj
 0001:0000048c       StrLen                     000000000000072c f   BaseLib:String.obj
 0001:00000544       StrSize                    00000000000007e4 f   BaseLib:String.obj
 0001:00000558       StrCmp                     00000000000007f8 f   BaseLib:String.obj
 0001:00000608       InternalHexCharToUintn     00000000000008a8 f   BaseLib:String.obj
 0001:00000638       InternalIsHexaDecimalDigitCharacter 00000000000008d8 f   BaseLib:String.obj
 0001:00000660       StrHexToUintn              0000000000000900 f   BaseLib:String.obj
 0001:0000074c       AsciiStrLen                00000000000009ec f   BaseLib:String.obj
 0001:000007d4       AsciiStrSize               0000000000000a74 f   BaseLib:String.obj
 0001:000007e8       InternalMathDivRemU64x32   0000000000000a88 f   BaseLib:Math64.obj
 0001:00000804       UefiBootServicesTableLibConstructor 0000000000000aa4 f   UefiBootServicesTableLib:UefiBootServicesTableLib.obj
 0001:000008b0       UefiRuntimeServicesTableLibConstructor 0000000000000b50 f   UefiRuntimeServicesTableLib:UefiRuntimeServicesTableLib.obj
 0001:000008f4       UefiLibConstructor         0000000000000b94 f   UefiLib:UefiLib.obj
 0001:000008f8       InternalPrint              0000000000000b98 f   UefiLib:UefiLibPrint.obj
 0001:00000a18       Print                      0000000000000cb8 f   UefiLib:UefiLibPrint.obj
 0001:00000a48       BankPrint                  0000000000000ce8 f   MYLIB_IoLib:MYLIB_IoLib.obj
 0001:00000bd4       ReadUnaligned16            0000000000000e74 f   BaseLib:Unaligned.obj
 0001:00000c0c       ReadUnaligned32            0000000000000eac f   BaseLib:Unaligned.obj
 0001:00000c44       IoRead8                    0000000000000ee4 f   BaseIoLibIntrinsic:IoLibMsc.obj
 0001:00000c4c       IoWrite8                   0000000000000eec f   BaseIoLibIntrinsic:IoLibMsc.obj
 0001:00000c54       InternalAllocatePool       0000000000000ef4 f   UefiMemoryAllocationLib:MemoryAllocationLib.obj
 0001:00000c80       AllocatePool               0000000000000f20 f   UefiMemoryAllocationLib:MemoryAllocationLib.obj
 0001:00000c90       FreePool                   0000000000000f30 f   UefiMemoryAllocationLib:MemoryAllocationLib.obj
 0001:00000d04       UnicodeVSPrint             0000000000000fa4 f   BasePrintLib:PrintLib.obj
 0001:00000da8       BasePrintLibFillBuffer     0000000000001048 f   BasePrintLib:PrintLibInternal.obj
 0001:00000ddc       BasePrintLibValueToString  000000000000107c f   BasePrintLib:PrintLibInternal.obj
 0001:00000e2c       BasePrintLibSPrintMarker   00000000000010cc f   BasePrintLib:PrintLibInternal.obj
 0001:00001c20       BasePrintLibSPrint         0000000000001ec0 f   BasePrintLib:PrintLibInternal.obj
 0001:00001c44       DivU64x32Remainder         0000000000001ee4 f   BaseLib:DivU64x32Remainder.obj
 0001:00001ca0       DisableInterrupts          0000000000001f40 f   BaseLib:DisableInterrupts.obj
 0001:00001cb0       EnableInterrupts           0000000000001f50 f   BaseLib:EnableInterrupts.obj
 0001:00001cc0       AsmReadEflags              0000000000001f60 f   BaseLib:ReadEflags.obj
 0002:00000000       _gPcd_FixedAtBuild_PcdMaximumAsciiStringLength 0000000000001f80     CMOSTool:AutoGen.obj
 0002:00000000       _gPcd_FixedAtBuild_PcdMaximumUnicodeStringLength 0000000000001f80     CMOSTool:AutoGen.obj
 0002:00000004       _gPcd_FixedAtBuild_PcdUefiLibMaxPrintBufferSize 0000000000001f84     CMOSTool:AutoGen.obj
 0002:00000008       _gUefiDriverRevision       0000000000001f88     CMOSTool:AutoGen.obj
 0002:00000010       ??_C@_0FG@IBOCFMOL@q?3?2Build?2MyPkg?2RELEASE_DEVTLS?2X6@ 0000000000001f90     CMOSTool:AutoGen.obj
 0002:00000068       ??_C@_0BE@DCHLEIGN@?$CBEFI_ERROR?5?$CIStatus?$CJ?$AA@ 0000000000001fe8     CMOSTool:AutoGen.obj
 0002:00000080       ??_C@_0CB@DMEJJJHA@?6ASSERT_EFI_ERROR?5?$CIStatus?5?$DN?5?$CFr?$CJ?6@ 0000000000002000     CMOSTool:AutoGen.obj
 0002:000000b0       ??_C@_1KI@CBAOBMPL@?$AA?$DN?$AA?$DN?$AA?$DN?$AA?$DN?$AA?$DN?$AA?$DN?$AA?$DN?$AA?$DN?$AA?$DN?$AA?$DN?$AA?$DN?$AA?$DN?$AA?$DN?$AA?$DN?$AA?$DN?$AA?$DN?$AA?$DN?$AA?$DN?$AA?$DN?$AA?$DN?$AA?$DN?$AA?$DN?$AA?$DN?$AA?$DN?$AA?$DN?$AA?$DN?$AA?$DN?$AA?$DN?$AA?$DN?$AA?$DN?$AA?$DN?$AA?$DN@ 0000000000002030     CMOSTool:CMOSTool.obj
 0002:00000160       ??_C@_1KI@JHMCFDJG@?$AA?$HM?$AA?$HM?$AA?5?$AA?5?$AA?5?$AA?5?$AA?5?$AA?5?$AA?5?$AA?5?$AA?5?$AA?5?$AA?5?$AA?5?$AA?5?$AA?5?$AA?5?$AA?5?$AA?5?$AA?5?$AA?5?$AA?5?$AA?5?$AA?5?$AA?5?$AA?5?$AA?5?$AA?5?$AA?5?$AA?5?$AA?5?$AA?5@ 00000000000020e0     CMOSTool:CMOSTool.obj
 0002:00000210       ??_C@_1KI@FHFCAFDH@?$AA?$HM?$AA?$HM?$AA?5?$AA?5?$AA?5?$AA?5?$AA?5?$AA?5?$AA?5?$AA?5?$AA?5?$AA?5?$AA?5?$AA?5?$AA?5?$AA?5?$AA?5?$AA?5?$AA?5?$AA?5?$AA?5?$AA?5?$AA?5?$AA?5?$AA?5?$AA?5?$AA?5?$AA?5?$AA?5?$AA?5?$AA?5?$AA?5@ 0000000000002190     CMOSTool:CMOSTool.obj
 0002:000002c0       ??_C@_1KI@ILIIAODM@?$AA?$HM?$AA?$HM?$AA?5?$AA?5?$AA?5?$AA?5?$AA?5?$AA?5?$AA?5?$AA?5?$AA?5?$AA?5?$AA?5?$AA?5?$AA?5?$AA?5?$AA?5?$AA?5?$AA?5?$AA?5?$AA?5?$AA?5?$AA?5?$AA?5?$AA?5?$AA?5?$AA?5?$AA?5?$AA?5?$AA?5?$AA?5?$AA?5@ 0000000000002240     CMOSTool:CMOSTool.obj
 0002:00000370       ??_C@_1KI@MMGFOFJE@?$AA?$HM?$AA?$HM?$AA?5?$AA?5?$AAe?$AAx?$AA?4?$AA?5?$AAw?$AA?5?$AA0?$AA?5?$AA3?$AA0?$AA?5?$AA2?$AA6?$AA?5?$AA?5?$AA?5?$AA?5?$AA?5?$AA?5?$AA?5?$AA?5?$AA?5?$AA?5?$AA?5?$AA?5?$AA?5?$AA?5?$AA?5@ 00000000000022f0     CMOSTool:CMOSTool.obj
 0002:00000420       ??_C@_1KI@KMFGCOFO@?$AA?$HM?$AA?$HM?$AA?5?$AA?5?$AA?$FL?$AAw?$AA?1?$AAW?$AA?$FN?$AA?5?$AA?$FL?$AA0?$AA?1?$AA1?$AA?$FN?$AA?5?$AA?$FL?$AAO?$AAF?$AAF?$AAS?$AAE?$AAT?$AA?$CD?$AA?$FN?$AA?5?$AA?$FL?$AAV?$AAA?$AAL?$AAU?$AAE@ 00000000000023a0     CMOSTool:CMOSTool.obj
 0002:000004d0       ??_C@_1KI@IIIKFGEG@?$AA?$HM?$AA?$HM?$AA?5?$AA?5?$AA?5?$AA?5?$AA?5?$AA?5?$AA?5?$AA?5?$AA?5?$AA?5?$AA?5?$AA?5?$AA?5?$AA?5?$AA?5?$AA?5?$AA?5?$AA?5?$AA?5?$AA?5?$AA?5?$AA?5?$AA?5?$AA?5?$AA?5?$AA?5?$AA?5?$AA?5?$AA?5?$AA?5@ 0000000000002450     CMOSTool:CMOSTool.obj
 0002:00000580       ??_C@_1KI@FJMCMIKB@?$AA?$HM?$AA?$HM?$AA?5?$AA?5?$AA?5?$AA?5?$AA?5?$AA?5?$AA?5?$AA?5?$AA?5?$AA?5?$AA?5?$AA?5?$AA?5?$AA?5?$AA?5?$AA?5?$AA?5?$AA?5?$AA?5?$AA?5?$AA?5?$AA?5?$AA?5?$AA?5?$AA?5?$AA?5?$AA?5?$AA?5?$AA?5?$AA?5@ 0000000000002500     CMOSTool:CMOSTool.obj
 0002:00000630       ??_C@_1KI@GCEOPEEI@?$AA?$HM?$AA?$HM?$AA?5?$AA?5?$AAe?$AAx?$AA?4?$AA?5?$AAr?$AA?5?$AA0?$AA?5?$AA?5?$AA?5?$AA?5?$AA?5?$AA?5?$AA?5?$AA?5?$AA?5?$AA?5?$AA?5?$AA?5?$AA?5?$AA?5?$AA?5?$AA?5?$AA?5?$AA?5?$AA?5?$AA?5?$AA?5@ 00000000000025b0     CMOSTool:CMOSTool.obj
 0002:000006e0       ??_C@_1KI@IOLOHJPJ@?$AA?$HM?$AA?$HM?$AA?5?$AA?5?$AA?$FL?$AAr?$AA?1?$AAR?$AA?$FN?$AA?5?$AA?$FL?$AA0?$AA?1?$AA1?$AA?$FN?$AA?5?$AA?5?$AA?5?$AA?5?$AA?5?$AA?5?$AA?5?$AA?5?$AA?5?$AA?5?$AA?5?$AA?5?$AA?5?$AA?5?$AA?5?$AA?5?$AA?5@ 0000000000002660     CMOSTool:CMOSTool.obj
 0002:00000790       ??_C@_1KI@DFIHIOLM@?$AA?$HM?$AA?$HM?$AA?5?$AA?5?$AA?5?$AA?5?$AA?5?$AA?5?$AA?5?$AA?5?$AA?5?$AA?5?$AA?5?$AA?5?$AA?5?$AA?5?$AA?5?$AA?5?$AA?5?$AA?5?$AA?5?$AA?5?$AA?5?$AA?5?$AA?5?$AA?5?$AA?5?$AA?5?$AA?5?$AA?5?$AA?5?$AA?5@ 0000000000002710     CMOSTool:CMOSTool.obj
 0002:00000840       ??_C@_1KK@NGMKLALC@?$AA?6?$AA?$DN?$AA?$DN?$AA?$DN?$AA?$DN?$AA?$DN?$AA?$DN?$AA?$DN?$AA?$DN?$AA?$DN?$AA?$DN?$AA?$DN?$AA?$DN?$AA?$DN?$AA?$DN?$AA?$DN?$AA?$DN?$AA?$DN?$AA?$DN?$AA?$DN?$AA?$DN?$AA?$DN?$AA?$DN?$AA?$DN?$AA?$DN?$AA?$DN?$AA?$DN?$AA?$DN?$AA?$DN?$AA?$DN?$AA?$DN?$AA?$DN@ 00000000000027c0     CMOSTool:CMOSTool.obj
 0002:000008f0       ??_C@_1HM@HBKCNDIA@?$AAP?$AAL?$AAE?$AAA?$AAS?$AAE?$AA?5?$AAE?$AAN?$AAT?$AAE?$AAR?$AA?5?$AA?8?$AA?9?$AAh?$AA?8?$AA?5?$AAO?$AAR?$AA?5?$AA?8?$AA?9?$AAh?$AAe?$AAl?$AAp?$AA?8?$AA?5?$AAT?$AAO?$AA?5@ 0000000000002870     CMOSTool:CMOSTool.obj
 0002:0000096c       ??_C@_13IIGBBHPI@?$AAW?$AA?$AA@ 00000000000028ec     CMOSTool:CMOSTool.obj
 0002:00000970       ??_C@_13CIFDLIMG@?$AAw?$AA?$AA@ 00000000000028f0     CMOSTool:CMOSTool.obj
 0002:00000974       ??_C@_13LPLPOHMK@?$AAR?$AA?$AA@ 00000000000028f4     CMOSTool:CMOSTool.obj
 0002:00000978       ??_C@_13BPINEIPE@?$AAr?$AA?$AA@ 00000000000028f8     CMOSTool:CMOSTool.obj
 0002:0000097c       ??_C@_15LJNJHFI@?$AA?9?$AAh?$AA?$AA@ 00000000000028fc     CMOSTool:CMOSTool.obj
 0002:00000988       ??_C@_1M@EMIGGGGA@?$AA?9?$AAh?$AAe?$AAl?$AAp?$AA?$AA@ 0000000000002908     CMOSTool:CMOSTool.obj
 0002:000009a0       ??_C@_1IK@GGJNFPLP@?$AA?6?$AAS?$AAo?$AAr?$AAr?$AAy?$AA?0?$AA?5?$AAG?$AAe?$AAt?$AAt?$AAi?$AAn?$AAg?$AA?5?$AAS?$AAh?$AAe?$AAl?$AAl?$AA?5?$AAp?$AAa?$AAr?$AAa?$AAm?$AAs?$AA?5?$AAd?$AAi?$AAd@ 0000000000002920     CMOSTool:CMOSTool.obj
 0002:00000a30       ??_C@_0DK@EOJCOAME@Length?5?$DM?5_gPcd_FixedAtBuild_PcdM@ 00000000000029b0     BaseLib:String.obj
 0002:00000a70       ??_C@_0CD@BDCLIGHD@?$CI?$CIUINTN?$CJ?5String?5?$CG?50x00000001?$CJ?5?$DN?$DN@ 00000000000029f0     BaseLib:String.obj
 0002:00000a98       ??_C@_0CD@OOJADBME@q?3?2MdePkg?2Library?2BaseLib?2String@ 0000000000002a18     BaseLib:String.obj
 0002:00000ac0       ??_C@_0BH@MAAHKCPC@String?5?$CB?$DN?5?$CI?$CIvoid?5?$CK?$CJ?50?$CJ?$AA@ 0000000000002a40     BaseLib:String.obj
 0002:00000ad8       ??_C@_0BM@DALBOILC@StrSize?5?$CISecondString?$CJ?5?$CB?$DN?50?$AA@ 0000000000002a58     BaseLib:String.obj
 0002:00000af8       ??_C@_0BL@JAAMOCAJ@StrSize?5?$CIFirstString?$CJ?5?$CB?$DN?50?$AA@ 0000000000002a78     BaseLib:String.obj
 0002:00000b18       ??_C@_0BG@KBNOLIGE@StrSize?5?$CIString?$CJ?5?$CB?$DN?50?$AA@ 0000000000002a98     BaseLib:String.obj
 0002:00000b30       ??_C@_0ED@BNMFHFDG@Result?5?$DM?$DN?5?$CI?$CI?$CI?$CIUINTN?$CJ?5?$HO0?$CJ?5?9?5Inter@ 0000000000002ab0     BaseLib:String.obj
 0002:00000b78       ??_C@_0DI@MDIKFADO@Length?5?$DM?5_gPcd_FixedAtBuild_PcdM@ 0000000000002af8     BaseLib:String.obj
 0002:00000bb0       ??_C@_0N@KGHEHMDL@Divisor?5?$CB?$DN?50?$AA@ 0000000000002b30     BaseLib:DivU64x32.obj
 0002:00000bc0       ??_C@_0BE@BDFJLGLN@gBS?5?$CB?$DN?5?$CI?$CIvoid?5?$CK?$CJ?50?$CJ?$AA@ 0000000000002b40     UefiBootServicesTableLib:UefiBootServicesTableLib.obj
 0002:00000bd8       ??_C@_0BE@DGNHAHIL@gST?5?$CB?$DN?5?$CI?$CIvoid?5?$CK?$CJ?50?$CJ?$AA@ 0000000000002b58     UefiBootServicesTableLib:UefiBootServicesTableLib.obj
 0002:00000bf0       ??_C@_0EG@IHBEIGJL@q?3?2MdePkg?2Library?2UefiBootServic@ 0000000000002b70     UefiBootServicesTableLib:UefiBootServicesTableLib.obj
 0002:00000c38       ??_C@_0BN@COECPDCC@gImageHandle?5?$CB?$DN?5?$CI?$CIvoid?5?$CK?$CJ?50?$CJ?$AA@ 0000000000002bb8     UefiBootServicesTableLib:UefiBootServicesTableLib.obj
 0002:00000c60       ??_C@_0EM@DLKNJEFG@q?3?2MdePkg?2Library?2UefiRuntimeSer@ 0000000000002be0     UefiRuntimeServicesTableLib:UefiRuntimeServicesTableLib.obj
 0002:00000cb0       ??_C@_0BE@OBDFIHND@gRT?5?$CB?$DN?5?$CI?$CIvoid?5?$CK?$CJ?50?$CJ?$AA@ 0000000000002c30     UefiRuntimeServicesTableLib:UefiRuntimeServicesTableLib.obj
 0002:00000cc8       ??_C@_0BH@IACGKAP@Buffer?5?$CB?$DN?5?$CI?$CIvoid?5?$CK?$CJ?50?$CJ?$AA@ 0000000000002c48     UefiLib:UefiLibPrint.obj
 0002:00000ce0       ??_C@_0BI@DIKLKBJC@Console?5?$CB?$DN?5?$CI?$CIvoid?5?$CK?$CJ?50?$CJ?$AA@ 0000000000002c60     UefiLib:UefiLibPrint.obj
 0002:00000cf8       ??_C@_0CD@NJDNMGBE@?$CI?$CIUINTN?$CJ?5Format?5?$CG?50x00000001?$CJ?5?$DN?$DN@ 0000000000002c78     UefiLib:UefiLibPrint.obj
 0002:00000d20       ??_C@_0CJ@ICOLKBCP@q?3?2MdePkg?2Library?2UefiLib?2UefiLi@ 0000000000002ca0     UefiLib:UefiLibPrint.obj
 0002:00000d50       ??_C@_0BH@LKMBFCBF@Format?5?$CB?$DN?5?$CI?$CIvoid?5?$CK?$CJ?50?$CJ?$AA@ 0000000000002cd0     UefiLib:UefiLibPrint.obj
 0002:00000d68       ??_C@_13LBAGMAIH@?$AA?6?$AA?$AA@ 0000000000002ce8     MYLIB_IoLib:MYLIB_IoLib.obj
 0002:00000d70       ??_C@_1O@NPKLGBOK@?$AA?$CF?$AA0?$AA2?$AAl?$AAx?$AA?5?$AA?$AA@ 0000000000002cf0     MYLIB_IoLib:MYLIB_IoLib.obj
 0002:00000d80       ??_C@_1BC@KHDDHLKK@?$AA?6?$AA?$CF?$AA0?$AA2?$AAl?$AAx?$AA?5?$AA?5?$AA?$AA@ 0000000000002d00     MYLIB_IoLib:MYLIB_IoLib.obj
 0002:00000da0       ??_C@_1GI@OCCDBFEA@?$AA?5?$AA?5?$AA?5?$AA?5?$AA0?$AA0?$AA?5?$AA0?$AA1?$AA?5?$AA0?$AA2?$AA?5?$AA0?$AA3?$AA?5?$AA0?$AA4?$AA?5?$AA0?$AA5?$AA?5?$AA0?$AA6?$AA?5?$AA0?$AA7?$AA?5?$AA0?$AA8?$AA?5?$AA0@ 0000000000002d20     MYLIB_IoLib:MYLIB_IoLib.obj
 0002:00000e10       ??_C@_1EO@PGMLHPJL@?$AA?6?$AA?5?$AA?5?$AA?5?$AA?5?$AA?5?$AA?5?$AA?5?$AA?5?$AA?5?$AA?5?$AA?5?$AA?5?$AA?5?$AA?5?$AA?5?$AA?5?$AA?$CD?$AA?$CD?$AA?5?$AAT?$AAh?$AAi?$AAs?$AA?5?$AAi?$AAs?$AA?5?$AAB?$AAa?$AAn?$AAk@ 0000000000002d90     MYLIB_IoLib:MYLIB_IoLib.obj
 0002:00000e60       ??_C@_0CG@MHAECJIA@q?3?2MdePkg?2Library?2BaseLib?2Unalig@ 0000000000002de0     BaseLib:Unaligned.obj
 0002:00000e90       ??_C@_0EA@JCDEKIGH@q?3?2MdePkg?2Library?2UefiMemoryAllo@ 0000000000002e10     UefiMemoryAllocationLib:MemoryAllocationLib.obj
 0002:00000ed0       ??_C@_0CH@KJLBGOBB@?$CI?$CI?$CIUINTN?$CJ?5?$CIFormatString?$CJ?$CJ?5?$CG?50x01@ 0000000000002e50     BasePrintLib:PrintLib.obj
 0002:00000ef8       ??_C@_0CK@LOLCLJPB@q?3?2MdePkg?2Library?2BasePrintLib?2P@ 0000000000002e78     BasePrintLib:PrintLib.obj
 0002:00000f28       ??_C@_0CI@BGLNHBLM@?$CI?$CI?$CIUINTN?$CJ?5?$CIStartOfBuffer?$CJ?$CJ?5?$CG?50x0@ 0000000000002ea8     BasePrintLib:PrintLib.obj
 0002:00000f50       ??_C@_0BB@MFGDFIJM@Compromised?5Data?$AA@ 0000000000002ed0     BasePrintLib:PrintLibInternal.obj
 0002:00000f68       ??_C@_0BB@KFJAMCOC@Invalid?5Language?$AA@ 0000000000002ee8     BasePrintLib:PrintLibInternal.obj
 0002:00000f80       ??_C@_0M@FKGOBENP@End?5of?5File?$AA@ 0000000000002f00     BasePrintLib:PrintLibInternal.obj
 0002:00000f90       ??_C@_0O@GLPDOMCP@Reserved?5?$CI30?$CJ?$AA@ 0000000000002f10     BasePrintLib:PrintLibInternal.obj
 0002:00000fa0       ??_C@_0O@NMJOLAMF@Reserved?5?$CI29?$CJ?$AA@ 0000000000002f20     BasePrintLib:PrintLibInternal.obj
 0002:00000fb0       ??_C@_0N@JEJDHPO@End?5of?5Media?$AA@ 0000000000002f30     BasePrintLib:PrintLibInternal.obj
 0002:00000fc0       ??_C@_09BOMAGJEG@CRC?5Error?$AA@ 0000000000002f40     BasePrintLib:PrintLibInternal.obj
 0002:00000fd0       ??_C@_0BD@KHMPCIOG@Security?5Violation?$AA@ 0000000000002f50     BasePrintLib:PrintLibInternal.obj
 0002:00000fe8       ??_C@_0BF@EHOBGFMI@Incompatible?5Version?$AA@ 0000000000002f68     BasePrintLib:PrintLibInternal.obj
 0002:00001000       ??_C@_0P@NCJHBCLM@Protocol?5Error?$AA@ 0000000000002f80     BasePrintLib:PrintLibInternal.obj
 0002:00001010       ??_C@_0L@DJKNJKHM@TFTP?5Error?$AA@ 0000000000002f90     BasePrintLib:PrintLibInternal.obj
 0002:00001020       ??_C@_0L@LKIFCMNO@ICMP?5Error?$AA@ 0000000000002fa0     BasePrintLib:PrintLibInternal.obj
 0002:00001030       ??_C@_07LCKDCBKK@Aborted?$AA@ 0000000000002fb0     BasePrintLib:PrintLibInternal.obj
 0002:00001038       ??_C@_0BA@IGIBFFPH@Already?5started?$AA@ 0000000000002fb8     BasePrintLib:PrintLibInternal.obj
 0002:00001048       ??_C@_0M@DCJFAFHJ@Not?5started?$AA@ 0000000000002fc8     BasePrintLib:PrintLibInternal.obj
 0002:00001058       ??_C@_08PAFJCNGP@Time?5out?$AA@ 0000000000002fd8     BasePrintLib:PrintLibInternal.obj
 0002:00001068       ??_C@_0L@IFPBNFC@No?5mapping?$AA@ 0000000000002fe8     BasePrintLib:PrintLibInternal.obj
 0002:00001078       ??_C@_0M@ENKCBFEP@No?5Response?$AA@ 0000000000002ff8     BasePrintLib:PrintLibInternal.obj
 0002:00001088       ??_C@_0O@NFHOBIDO@Access?5Denied?$AA@ 0000000000003008     BasePrintLib:PrintLibInternal.obj
 0002:00001098       ??_C@_09CFCBFJND@Not?5Found?$AA@ 0000000000003018     BasePrintLib:PrintLibInternal.obj
 0002:000010a8       ??_C@_0O@JNCJKCCD@Media?5changed?$AA@ 0000000000003028     BasePrintLib:PrintLibInternal.obj
 0002:000010b8       ??_C@_08KEGAJDNN@No?5Media?$AA@ 0000000000003038     BasePrintLib:PrintLibInternal.obj
 0002:000010c8       ??_C@_0M@HDLEPOFA@Volume?5Full?$AA@ 0000000000003048     BasePrintLib:PrintLibInternal.obj
 0002:000010d8       ??_C@_0P@EIOJGIF@Volume?5Corrupt?$AA@ 0000000000003058     BasePrintLib:PrintLibInternal.obj
 0002:000010e8       ??_C@_0BB@GOILNEAA@Out?5of?5Resources?$AA@ 0000000000003068     BasePrintLib:PrintLibInternal.obj
 0002:00001100       ??_C@_0BA@LNEDDFNB@Write?5Protected?$AA@ 0000000000003080     BasePrintLib:PrintLibInternal.obj
 0002:00001110       ??_C@_0N@HHEABDHO@Device?5Error?$AA@ 0000000000003090     BasePrintLib:PrintLibInternal.obj
 0002:00001120       ??_C@_09NKFGCIPN@Not?5Ready?$AA@ 00000000000030a0     BasePrintLib:PrintLibInternal.obj
 0002:00001130       ??_C@_0BB@EGELJFOB@Buffer?5Too?5Small?$AA@ 00000000000030b0     BasePrintLib:PrintLibInternal.obj
 0002:00001148       ??_C@_0BA@FLNMPMCF@Bad?5Buffer?5Size?$AA@ 00000000000030c8     BasePrintLib:PrintLibInternal.obj
 0002:00001158       ??_C@_0M@BEECMOIL@Unsupported?$AA@ 00000000000030d8     BasePrintLib:PrintLibInternal.obj
 0002:00001168       ??_C@_0BC@HOFHKGJN@Invalid?5Parameter?$AA@ 00000000000030e8     BasePrintLib:PrintLibInternal.obj
 0002:00001180       ??_C@_0L@PLPBEPPC@Load?5Error?$AA@ 0000000000003100     BasePrintLib:PrintLibInternal.obj
 0002:00001190       ??_C@_0BD@IFJNJCCO@Warning?5Stale?5Data?$AA@ 0000000000003110     BasePrintLib:PrintLibInternal.obj
 0002:000011a8       ??_C@_0BJ@ODIPDGHB@Warning?5Buffer?5Too?5Small?$AA@ 0000000000003128     BasePrintLib:PrintLibInternal.obj
 0002:000011c8       ??_C@_0BG@ECIJMOED@Warning?5Write?5Failure?$AA@ 0000000000003148     BasePrintLib:PrintLibInternal.obj
 0002:000011e0       ??_C@_0BH@GKKCJEPJ@Warning?5Delete?5Failure?$AA@ 0000000000003160     BasePrintLib:PrintLibInternal.obj
 0002:000011f8       ??_C@_0BG@CFJMNNJK@Warning?5Unknown?5Glyph?$AA@ 0000000000003178     BasePrintLib:PrintLibInternal.obj
 0002:00001210       ??_C@_07PBILKAFL@Success?$AA@ 0000000000003190     BasePrintLib:PrintLibInternal.obj
 0002:00001218       mHexStr                    0000000000003198     BasePrintLib:PrintLibInternal.obj
 0002:00001230       mStatusString              00000000000031b0     BasePrintLib:PrintLibInternal.obj
 0002:00001368       ??_C@_0DC@CHCEMEEB@q?3?2MdePkg?2Library?2BasePrintLib?2P@ 00000000000032e8     BasePrintLib:PrintLibInternal.obj
 0002:000013a0       ??_C@_0EG@NFDMKACK@?$CI?$CI?$CIFlags?5?$CG?50x00000040?$CJ?5?$CB?$DN?50?$CJ?$CJ?5?$HM?$HM@ 0000000000003320     BasePrintLib:PrintLibInternal.obj
 0002:000013f0       ??_C@_0EM@FPGGOFNC@?$CI?$CI?$CIFlags?5?$CG?50x00000040?$CJ?5?$DN?$DN?50?$CJ?$CJ?5?$HM?$HM@ 0000000000003370     BasePrintLib:PrintLibInternal.obj
 0002:0000143c       ??_C@_01LIIJDEN@?$AN?$AA@  00000000000033bc     BasePrintLib:PrintLibInternal.obj
 0002:00001440       ??_C@_04JIMNDDED@?$CF08X?$AA@ 00000000000033c0     BasePrintLib:PrintLibInternal.obj
 0002:00001448       ??_C@_0O@MLOLIMFM@?$DMnull?5string?$DO?$AA@ 00000000000033c8     BasePrintLib:PrintLibInternal.obj
 0002:00001458       ??_C@_0BK@FCPKCIDD@?$CF02d?1?$CF02d?1?$CF04d?5?5?$CF02d?3?$CF02d?$AA@ 00000000000033d8     BasePrintLib:PrintLibInternal.obj
 0002:00001478       ??_C@_0M@LHGBCIKM@?$DMnull?5time?$DO?$AA@ 00000000000033f8     BasePrintLib:PrintLibInternal.obj
 0002:00001488       ??_C@_0DB@PMLHLBMO@?$CF08x?9?$CF04x?9?$CF04x?9?$CF02x?$CF02x?9?$CF02x?$CF02x@ 0000000000003408     BasePrintLib:PrintLibInternal.obj
 0002:000014c0       ??_C@_0M@BJJDNPHK@?$DMnull?5guid?$DO?$AA@ 0000000000003440     BasePrintLib:PrintLibInternal.obj
 0002:000014cc       ??_C@_02PCIJFNDE@?$AN?6?$AA@ 000000000000344c     BasePrintLib:PrintLibInternal.obj
 0002:000014d0       ??_C@_0BL@BFEFANFD@AsciiStrSize?5?$CIFormat?$CJ?5?$CB?$DN?50?$AA@ 0000000000003450     BasePrintLib:PrintLibInternal.obj
 0002:000014f0       ??_C@_0CB@NIHAJGJE@StrSize?5?$CI?$CICHAR16?5?$CK?$CJ?5Format?$CJ?5?$CB?$DN?50@ 0000000000003470     BasePrintLib:PrintLibInternal.obj
 0002:00001518       ??_C@_0CP@CPEPIGGJ@q?3?2MdePkg?2Library?2BaseLib?2DivU64@ 0000000000003498     BaseLib:DivU64x32Remainder.obj
 0002:00001548       gImageHandle               00000000000034c8     UefiBootServicesTableLib:UefiBootServicesTableLib.obj
 0002:00001550       gST                        00000000000034d0     UefiBootServicesTableLib:UefiBootServicesTableLib.obj
 0002:00001558       gBS                        00000000000034d8     UefiBootServicesTableLib:UefiBootServicesTableLib.obj
 0002:00001560       gRT                        00000000000034e0     UefiRuntimeServicesTableLib:UefiRuntimeServicesTableLib.obj

 entry point at        0001:00000000

 Static symbols

