 MSR

 Timestamp is 62161076 (Wed Feb 23 18:46:14 2022)

 Preferred load address is 0000000000000000

 Start         Length     Name                   Class
 0001:00000000 0000193eH .text                   CODE
 0002:00000000 00000000H .data                   DATA
 0002:00000000 00000e17H .rdata                  DATA
 0002:00000e18 00000020H .bss                    DATA
 0003:00000000 00000108H .pdata                  DATA
 0004:00000000 000000b8H .xdata                  DATA

  Address         Publics by Value              Rva+Base               Lib:Object

 0001:00000000       _ModuleEntryPoint          00000000000002a0 f   UefiApplicationEntryPoint:ApplicationEntryPoint.obj
 0001:00000064       ProcessLibraryConstructorList 0000000000000304 f   MSR:AutoGen.obj
 0001:000001a4       ProcessModuleEntryPointList 0000000000000444 f   MSR:AutoGen.obj
 0001:000001ac       MsrStatus                  000000000000044c f   MSR:MSR.obj
 0001:000002a8       UefiMain                   0000000000000548 f   MSR:MSR.obj
 0001:0000032c       DebugPrint                 00000000000005cc f   BaseDebugLibNull:DebugLib.obj
 0001:00000338       DebugAssert                00000000000005d8 f   BaseDebugLibNull:DebugLib.obj
 0001:00000338       ProcessLibraryDestructorList 00000000000005d8 f   MSR:AutoGen.obj
 0001:0000033c       DebugPrintLevelEnabled     00000000000005dc f   BaseDebugLibNull:DebugLib.obj
 0001:0000033c       DebugPrintEnabled          00000000000005dc f   BaseDebugLibNull:DebugLib.obj
 0001:0000033c       DebugAssertEnabled         00000000000005dc f   BaseDebugLibNull:DebugLib.obj
 0001:00000340       AsmReadMsr64               00000000000005e0 f   BaseLib:ReadMsr64.obj
 0001:0000034c       StrLen                     00000000000005ec f   BaseLib:String.obj
 0001:00000404       StrSize                    00000000000006a4 f   BaseLib:String.obj
 0001:00000418       InternalHexCharToUintn     00000000000006b8 f   BaseLib:String.obj
 0001:00000448       InternalIsHexaDecimalDigitCharacter 00000000000006e8 f   BaseLib:String.obj
 0001:00000470       StrHexToUintn              0000000000000710 f   BaseLib:String.obj
 0001:0000055c       AsciiStrLen                00000000000007fc f   BaseLib:String.obj
 0001:000005e4       AsciiStrSize               0000000000000884 f   BaseLib:String.obj
 0001:00000600       AsmCpuid                   00000000000008a0 f   BaseLib:CpuId.obj
 0001:00000628       InternalMathDivRemU64x32   00000000000008c8 f   BaseLib:Math64.obj
 0001:00000644       UefiBootServicesTableLibConstructor 00000000000008e4 f   UefiBootServicesTableLib:UefiBootServicesTableLib.obj
 0001:000006f0       UefiRuntimeServicesTableLibConstructor 0000000000000990 f   UefiRuntimeServicesTableLib:UefiRuntimeServicesTableLib.obj
 0001:00000734       UefiLibConstructor         00000000000009d4 f   UefiLib:UefiLib.obj
 0001:00000738       InternalPrint              00000000000009d8 f   UefiLib:UefiLibPrint.obj
 0001:00000858       Print                      0000000000000af8 f   UefiLib:UefiLibPrint.obj
 0001:00000888       ReadUnaligned16            0000000000000b28 f   BaseLib:Unaligned.obj
 0001:000008c0       ReadUnaligned32            0000000000000b60 f   BaseLib:Unaligned.obj
 0001:000008f8       InternalAllocatePool       0000000000000b98 f   UefiMemoryAllocationLib:MemoryAllocationLib.obj
 0001:00000924       AllocatePool               0000000000000bc4 f   UefiMemoryAllocationLib:MemoryAllocationLib.obj
 0001:00000934       FreePool                   0000000000000bd4 f   UefiMemoryAllocationLib:MemoryAllocationLib.obj
 0001:000009a8       UnicodeVSPrint             0000000000000c48 f   BasePrintLib:PrintLib.obj
 0001:00000a4c       BasePrintLibFillBuffer     0000000000000cec f   BasePrintLib:PrintLibInternal.obj
 0001:00000a80       BasePrintLibValueToString  0000000000000d20 f   BasePrintLib:PrintLibInternal.obj
 0001:00000ad0       BasePrintLibSPrintMarker   0000000000000d70 f   BasePrintLib:PrintLibInternal.obj
 0001:000018c4       BasePrintLibSPrint         0000000000001b64 f   BasePrintLib:PrintLibInternal.obj
 0001:000018e8       DivU64x32Remainder         0000000000001b88 f   BaseLib:DivU64x32Remainder.obj
 0002:00000000       _gPcd_FixedAtBuild_PcdMaximumAsciiStringLength 0000000000001be0     MSR:AutoGen.obj
 0002:00000000       _gPcd_FixedAtBuild_PcdMaximumUnicodeStringLength 0000000000001be0     MSR:AutoGen.obj
 0002:00000004       _gPcd_FixedAtBuild_PcdUefiLibMaxPrintBufferSize 0000000000001be4     MSR:AutoGen.obj
 0002:00000008       _gUefiDriverRevision       0000000000001be8     MSR:AutoGen.obj
 0002:00000010       ??_C@_0EM@NKEHCIBK@q?3?2Build?2MyPkg?2RELEASE_DEVTLS?2X6@ 0000000000001bf0     MSR:AutoGen.obj
 0002:00000060       ??_C@_0BE@DCHLEIGN@?$CBEFI_ERROR?5?$CIStatus?$CJ?$AA@ 0000000000001c40     MSR:AutoGen.obj
 0002:00000078       ??_C@_0CB@DMEJJJHA@?6ASSERT_EFI_ERROR?5?$CIStatus?5?$DN?5?$CFr?$CJ?6@ 0000000000001c58     MSR:AutoGen.obj
 0002:000000a0       ??_C@_1EG@LOCFCIJJ@?$AAT?$AAh?$AAi?$AAs?$AA?5?$AAD?$AAe?$AAv?$AAi?$AAc?$AAe?$AA?5?$AAD?$AAo?$AAe?$AAs?$AA?5?$AAN?$AAO?$AAT?$AA?5?$AAS?$AAu?$AAp?$AAp?$AAo?$AAr?$AAt?$AA?5?$AAM?$AAS?$AAR@ 0000000000001c80     MSR:MSR.obj
 0002:000000e8       ??_C@_1DO@NPGKGMFM@?$AA?$DN?$AA?$DN?$AA?$DN?$AA?$DN?$AA?$DN?$AA?$DN?$AA?$DN?$AA?$DN?$AA?$DN?$AA?$DN?$AA?$DN?$AA?$DN?$AA?$DN?$AA?$DN?$AA?$DN?$AA?$DN?$AA?$DN?$AA?$DN?$AA?$DN?$AA?$DN?$AA?$DN?$AA?$DN?$AA?$DN?$AA?$DN?$AA?$DN?$AA?$DN?$AA?$DN?$AA?$DN?$AA?6?$AA?6?$AA?$AA@ 0000000000001cc8     MSR:MSR.obj
 0002:00000128       ??_C@_1DC@IAFNOBIB@?$AA?5?$AA?5?$AA?5?$AAL?$AAo?$AAw?$AA?5?$AAb?$AAi?$AAt?$AA?5?$AA?$CI?$AAE?$AAA?$AAX?$AA?$CJ?$AA?3?$AA?5?$AA?$CF?$AA0?$AA8?$AAl?$AAx?$AA?6?$AA?$AA@ 0000000000001d08     MSR:MSR.obj
 0002:00000160       ??_C@_1DC@ELBFIFFF@?$AA?5?$AA?5?$AAH?$AAi?$AAg?$AAh?$AA?5?$AAb?$AAi?$AAt?$AA?5?$AA?$CI?$AAE?$AAD?$AAX?$AA?$CJ?$AA?3?$AA?5?$AA?$CF?$AA0?$AA8?$AAl?$AAx?$AA?6?$AA?$AA@ 0000000000001d40     MSR:MSR.obj
 0002:00000198       ??_C@_1DM@HJNOGDAE@?$AA?$DN?$AA?$DN?$AA?$DN?$AA?$DN?$AA?$DN?$AA?$DN?$AA?$DN?$AA?$DN?$AA?$DN?$AA?$DN?$AA?$DN?$AA?$DN?$AA?$DN?$AA?$DN?$AA?$DN?$AA?$DN?$AA?$DN?$AA?$DN?$AA?$DN?$AA?$DN?$AA?$DN?$AA?$DN?$AA?$DN?$AA?$DN?$AA?$DN?$AA?$DN?$AA?$DN?$AA?$DN?$AA?6?$AA?$AA@ 0000000000001d78     MSR:MSR.obj
 0002:000001d8       ??_C@_1DC@JAFIDKJP@?$AA?6?$AA?5?$AA?5?$AA?5?$AA?5?$AA?5?$AA?5?$AAM?$AAS?$AAR?$AA?5?$AAR?$AAe?$AAg?$AAi?$AAt?$AAe?$AAr?$AA?5?$AAi?$AAn?$AAf?$AAo?$AA?6?$AA?$AA@ 0000000000001db8     MSR:MSR.obj
 0002:00000210       ??_C@_1GI@BNIADPGN@?$AA?$DN?$AA?$DN?$AA?$DN?$AA?$DN?$AA?$DN?$AA?$DN?$AA?$DN?$AA?$DN?$AA?$DN?$AA?$DN?$AA?$DN?$AA?$DN?$AA?$DN?$AA?$DN?$AA?$DN?$AA?$DN?$AA?$DN?$AA?$DN?$AA?$DN?$AA?$DN?$AA?$DN?$AA?$DN?$AA?$DN?$AA?$DN?$AA?$DN?$AA?$DN?$AA?$DN?$AA?$DN?$AA?$DN?$AA?$DN?$AA?$DN?$AA?$DN@ 0000000000001df0     MSR:MSR.obj
 0002:00000280       ??_C@_1GG@GEBPLFNC@?$AA?$HM?$AA?$HM?$AA?5?$AAE?$AAX?$AA?4?$AA1?$AA0?$AA?5?$AA?5?$AA?5?$AA?5?$AA?5?$AA?5?$AA?5?$AA?5?$AA?5?$AA?5?$AA?5?$AA?5?$AA?5?$AA?5?$AA?5?$AA?5?$AA?5?$AA?5?$AA?5?$AA?5?$AA?5?$AA?5?$AA?5?$AA?5@ 0000000000001e60     MSR:MSR.obj
 0002:000002f0       ??_C@_1GG@DMAGMJOJ@?$AA?$HM?$AA?$HM?$AA?5?$AA?$FL?$AAA?$AAD?$AAD?$AAR?$AAE?$AAS?$AAS?$AA?$FN?$AA?5?$AA?5?$AA?5?$AA?5?$AA?5?$AA?5?$AA?5?$AA?5?$AA?5?$AA?5?$AA?5?$AA?5?$AAR?$AAE?$AAA?$AAD?$AA?5?$AAM?$AAS?$AAR@ 0000000000001ed0     MSR:MSR.obj
 0002:00000360       ??_C@_1GG@CMKFBPDA@?$AA?$HM?$AA?$HM?$AA?5?$AA?5?$AA?5?$AA?5?$AA?5?$AA?5?$AA?5?$AA?5?$AA?5?$AA?5?$AA?5?$AA?5?$AA?5?$AA?5?$AA?5?$AA?5?$AA?5?$AA?5?$AA?5?$AA?5?$AA?5?$AA?5?$AA?5?$AA?5?$AA?5?$AA?5?$AA?5?$AA?5?$AA?5?$AA?5@ 0000000000001f40     MSR:MSR.obj
 0002:000003d0       ??_C@_1GI@KEICFPMK@?$AA?6?$AA?$DN?$AA?$DN?$AA?$DN?$AA?$DN?$AA?$DN?$AA?$DN?$AA?$DN?$AA?$DN?$AA?$DN?$AA?$DN?$AA?$DN?$AA?$DN?$AA?$DN?$AA?$DN?$AA?$DN?$AA?$DN?$AA?$DN?$AA?$DN?$AA?$DN?$AA?$DN?$AA?$DN?$AA?$DN?$AA?$DN?$AA?$DN?$AA?$DN?$AA?$DN?$AA?$DN?$AA?$DN?$AA?$DN?$AA?$DN?$AA?$DN@ 0000000000001fb0     MSR:MSR.obj
 0002:00000438       ??_C@_0DK@EOJCOAME@Length?5?$DM?5_gPcd_FixedAtBuild_PcdM@ 0000000000002018     BaseLib:String.obj
 0002:00000478       ??_C@_0CD@BDCLIGHD@?$CI?$CIUINTN?$CJ?5String?5?$CG?50x00000001?$CJ?5?$DN?$DN@ 0000000000002058     BaseLib:String.obj
 0002:000004a0       ??_C@_0CD@OOJADBME@q?3?2MdePkg?2Library?2BaseLib?2String@ 0000000000002080     BaseLib:String.obj
 0002:000004c8       ??_C@_0BH@MAAHKCPC@String?5?$CB?$DN?5?$CI?$CIvoid?5?$CK?$CJ?50?$CJ?$AA@ 00000000000020a8     BaseLib:String.obj
 0002:000004e0       ??_C@_0BG@KBNOLIGE@StrSize?5?$CIString?$CJ?5?$CB?$DN?50?$AA@ 00000000000020c0     BaseLib:String.obj
 0002:00000500       ??_C@_0ED@BNMFHFDG@Result?5?$DM?$DN?5?$CI?$CI?$CI?$CIUINTN?$CJ?5?$HO0?$CJ?5?9?5Inter@ 00000000000020e0     BaseLib:String.obj
 0002:00000548       ??_C@_0DI@MDIKFADO@Length?5?$DM?5_gPcd_FixedAtBuild_PcdM@ 0000000000002128     BaseLib:String.obj
 0002:00000580       ??_C@_0N@KGHEHMDL@Divisor?5?$CB?$DN?50?$AA@ 0000000000002160     BaseLib:DivU64x32.obj
 0002:00000590       ??_C@_0BE@BDFJLGLN@gBS?5?$CB?$DN?5?$CI?$CIvoid?5?$CK?$CJ?50?$CJ?$AA@ 0000000000002170     UefiBootServicesTableLib:UefiBootServicesTableLib.obj
 0002:000005a8       ??_C@_0BE@DGNHAHIL@gST?5?$CB?$DN?5?$CI?$CIvoid?5?$CK?$CJ?50?$CJ?$AA@ 0000000000002188     UefiBootServicesTableLib:UefiBootServicesTableLib.obj
 0002:000005c0       ??_C@_0EG@IHBEIGJL@q?3?2MdePkg?2Library?2UefiBootServic@ 00000000000021a0     UefiBootServicesTableLib:UefiBootServicesTableLib.obj
 0002:00000608       ??_C@_0BN@COECPDCC@gImageHandle?5?$CB?$DN?5?$CI?$CIvoid?5?$CK?$CJ?50?$CJ?$AA@ 00000000000021e8     UefiBootServicesTableLib:UefiBootServicesTableLib.obj
 0002:00000630       ??_C@_0EM@DLKNJEFG@q?3?2MdePkg?2Library?2UefiRuntimeSer@ 0000000000002210     UefiRuntimeServicesTableLib:UefiRuntimeServicesTableLib.obj
 0002:00000680       ??_C@_0BE@OBDFIHND@gRT?5?$CB?$DN?5?$CI?$CIvoid?5?$CK?$CJ?50?$CJ?$AA@ 0000000000002260     UefiRuntimeServicesTableLib:UefiRuntimeServicesTableLib.obj
 0002:00000698       ??_C@_0BH@IACGKAP@Buffer?5?$CB?$DN?5?$CI?$CIvoid?5?$CK?$CJ?50?$CJ?$AA@ 0000000000002278     UefiLib:UefiLibPrint.obj
 0002:000006b0       ??_C@_0BI@DIKLKBJC@Console?5?$CB?$DN?5?$CI?$CIvoid?5?$CK?$CJ?50?$CJ?$AA@ 0000000000002290     UefiLib:UefiLibPrint.obj
 0002:000006c8       ??_C@_0CD@NJDNMGBE@?$CI?$CIUINTN?$CJ?5Format?5?$CG?50x00000001?$CJ?5?$DN?$DN@ 00000000000022a8     UefiLib:UefiLibPrint.obj
 0002:000006f0       ??_C@_0CJ@ICOLKBCP@q?3?2MdePkg?2Library?2UefiLib?2UefiLi@ 00000000000022d0     UefiLib:UefiLibPrint.obj
 0002:00000720       ??_C@_0BH@LKMBFCBF@Format?5?$CB?$DN?5?$CI?$CIvoid?5?$CK?$CJ?50?$CJ?$AA@ 0000000000002300     UefiLib:UefiLibPrint.obj
 0002:00000738       ??_C@_0CG@MHAECJIA@q?3?2MdePkg?2Library?2BaseLib?2Unalig@ 0000000000002318     BaseLib:Unaligned.obj
 0002:00000760       ??_C@_0EA@JCDEKIGH@q?3?2MdePkg?2Library?2UefiMemoryAllo@ 0000000000002340     UefiMemoryAllocationLib:MemoryAllocationLib.obj
 0002:000007a0       ??_C@_0CH@KJLBGOBB@?$CI?$CI?$CIUINTN?$CJ?5?$CIFormatString?$CJ?$CJ?5?$CG?50x01@ 0000000000002380     BasePrintLib:PrintLib.obj
 0002:000007c8       ??_C@_0CK@LOLCLJPB@q?3?2MdePkg?2Library?2BasePrintLib?2P@ 00000000000023a8     BasePrintLib:PrintLib.obj
 0002:000007f8       ??_C@_0CI@BGLNHBLM@?$CI?$CI?$CIUINTN?$CJ?5?$CIStartOfBuffer?$CJ?$CJ?5?$CG?50x0@ 00000000000023d8     BasePrintLib:PrintLib.obj
 0002:00000820       ??_C@_0BB@MFGDFIJM@Compromised?5Data?$AA@ 0000000000002400     BasePrintLib:PrintLibInternal.obj
 0002:00000838       ??_C@_0BB@KFJAMCOC@Invalid?5Language?$AA@ 0000000000002418     BasePrintLib:PrintLibInternal.obj
 0002:00000850       ??_C@_0M@FKGOBENP@End?5of?5File?$AA@ 0000000000002430     BasePrintLib:PrintLibInternal.obj
 0002:00000860       ??_C@_0O@GLPDOMCP@Reserved?5?$CI30?$CJ?$AA@ 0000000000002440     BasePrintLib:PrintLibInternal.obj
 0002:00000870       ??_C@_0O@NMJOLAMF@Reserved?5?$CI29?$CJ?$AA@ 0000000000002450     BasePrintLib:PrintLibInternal.obj
 0002:00000880       ??_C@_0N@JEJDHPO@End?5of?5Media?$AA@ 0000000000002460     BasePrintLib:PrintLibInternal.obj
 0002:00000890       ??_C@_09BOMAGJEG@CRC?5Error?$AA@ 0000000000002470     BasePrintLib:PrintLibInternal.obj
 0002:000008a0       ??_C@_0BD@KHMPCIOG@Security?5Violation?$AA@ 0000000000002480     BasePrintLib:PrintLibInternal.obj
 0002:000008b8       ??_C@_0BF@EHOBGFMI@Incompatible?5Version?$AA@ 0000000000002498     BasePrintLib:PrintLibInternal.obj
 0002:000008d0       ??_C@_0P@NCJHBCLM@Protocol?5Error?$AA@ 00000000000024b0     BasePrintLib:PrintLibInternal.obj
 0002:000008e0       ??_C@_0L@DJKNJKHM@TFTP?5Error?$AA@ 00000000000024c0     BasePrintLib:PrintLibInternal.obj
 0002:000008f0       ??_C@_0L@LKIFCMNO@ICMP?5Error?$AA@ 00000000000024d0     BasePrintLib:PrintLibInternal.obj
 0002:00000900       ??_C@_07LCKDCBKK@Aborted?$AA@ 00000000000024e0     BasePrintLib:PrintLibInternal.obj
 0002:00000908       ??_C@_0BA@IGIBFFPH@Already?5started?$AA@ 00000000000024e8     BasePrintLib:PrintLibInternal.obj
 0002:00000918       ??_C@_0M@DCJFAFHJ@Not?5started?$AA@ 00000000000024f8     BasePrintLib:PrintLibInternal.obj
 0002:00000928       ??_C@_08PAFJCNGP@Time?5out?$AA@ 0000000000002508     BasePrintLib:PrintLibInternal.obj
 0002:00000938       ??_C@_0L@IFPBNFC@No?5mapping?$AA@ 0000000000002518     BasePrintLib:PrintLibInternal.obj
 0002:00000948       ??_C@_0M@ENKCBFEP@No?5Response?$AA@ 0000000000002528     BasePrintLib:PrintLibInternal.obj
 0002:00000958       ??_C@_0O@NFHOBIDO@Access?5Denied?$AA@ 0000000000002538     BasePrintLib:PrintLibInternal.obj
 0002:00000968       ??_C@_09CFCBFJND@Not?5Found?$AA@ 0000000000002548     BasePrintLib:PrintLibInternal.obj
 0002:00000978       ??_C@_0O@JNCJKCCD@Media?5changed?$AA@ 0000000000002558     BasePrintLib:PrintLibInternal.obj
 0002:00000988       ??_C@_08KEGAJDNN@No?5Media?$AA@ 0000000000002568     BasePrintLib:PrintLibInternal.obj
 0002:00000998       ??_C@_0M@HDLEPOFA@Volume?5Full?$AA@ 0000000000002578     BasePrintLib:PrintLibInternal.obj
 0002:000009a8       ??_C@_0P@EIOJGIF@Volume?5Corrupt?$AA@ 0000000000002588     BasePrintLib:PrintLibInternal.obj
 0002:000009b8       ??_C@_0BB@GOILNEAA@Out?5of?5Resources?$AA@ 0000000000002598     BasePrintLib:PrintLibInternal.obj
 0002:000009d0       ??_C@_0BA@LNEDDFNB@Write?5Protected?$AA@ 00000000000025b0     BasePrintLib:PrintLibInternal.obj
 0002:000009e0       ??_C@_0N@HHEABDHO@Device?5Error?$AA@ 00000000000025c0     BasePrintLib:PrintLibInternal.obj
 0002:000009f0       ??_C@_09NKFGCIPN@Not?5Ready?$AA@ 00000000000025d0     BasePrintLib:PrintLibInternal.obj
 0002:00000a00       ??_C@_0BB@EGELJFOB@Buffer?5Too?5Small?$AA@ 00000000000025e0     BasePrintLib:PrintLibInternal.obj
 0002:00000a18       ??_C@_0BA@FLNMPMCF@Bad?5Buffer?5Size?$AA@ 00000000000025f8     BasePrintLib:PrintLibInternal.obj
 0002:00000a28       ??_C@_0M@BEECMOIL@Unsupported?$AA@ 0000000000002608     BasePrintLib:PrintLibInternal.obj
 0002:00000a38       ??_C@_0BC@HOFHKGJN@Invalid?5Parameter?$AA@ 0000000000002618     BasePrintLib:PrintLibInternal.obj
 0002:00000a50       ??_C@_0L@PLPBEPPC@Load?5Error?$AA@ 0000000000002630     BasePrintLib:PrintLibInternal.obj
 0002:00000a60       ??_C@_0BD@IFJNJCCO@Warning?5Stale?5Data?$AA@ 0000000000002640     BasePrintLib:PrintLibInternal.obj
 0002:00000a78       ??_C@_0BJ@ODIPDGHB@Warning?5Buffer?5Too?5Small?$AA@ 0000000000002658     BasePrintLib:PrintLibInternal.obj
 0002:00000a98       ??_C@_0BG@ECIJMOED@Warning?5Write?5Failure?$AA@ 0000000000002678     BasePrintLib:PrintLibInternal.obj
 0002:00000ab0       ??_C@_0BH@GKKCJEPJ@Warning?5Delete?5Failure?$AA@ 0000000000002690     BasePrintLib:PrintLibInternal.obj
 0002:00000ac8       ??_C@_0BG@CFJMNNJK@Warning?5Unknown?5Glyph?$AA@ 00000000000026a8     BasePrintLib:PrintLibInternal.obj
 0002:00000ae0       ??_C@_07PBILKAFL@Success?$AA@ 00000000000026c0     BasePrintLib:PrintLibInternal.obj
 0002:00000ae8       mHexStr                    00000000000026c8     BasePrintLib:PrintLibInternal.obj
 0002:00000b00       mStatusString              00000000000026e0     BasePrintLib:PrintLibInternal.obj
 0002:00000c38       ??_C@_0DC@CHCEMEEB@q?3?2MdePkg?2Library?2BasePrintLib?2P@ 0000000000002818     BasePrintLib:PrintLibInternal.obj
 0002:00000c70       ??_C@_0EG@NFDMKACK@?$CI?$CI?$CIFlags?5?$CG?50x00000040?$CJ?5?$CB?$DN?50?$CJ?$CJ?5?$HM?$HM@ 0000000000002850     BasePrintLib:PrintLibInternal.obj
 0002:00000cc0       ??_C@_0EM@FPGGOFNC@?$CI?$CI?$CIFlags?5?$CG?50x00000040?$CJ?5?$DN?$DN?50?$CJ?$CJ?5?$HM?$HM@ 00000000000028a0     BasePrintLib:PrintLibInternal.obj
 0002:00000d0c       ??_C@_01LIIJDEN@?$AN?$AA@  00000000000028ec     BasePrintLib:PrintLibInternal.obj
 0002:00000d10       ??_C@_04JIMNDDED@?$CF08X?$AA@ 00000000000028f0     BasePrintLib:PrintLibInternal.obj
 0002:00000d18       ??_C@_0O@MLOLIMFM@?$DMnull?5string?$DO?$AA@ 00000000000028f8     BasePrintLib:PrintLibInternal.obj
 0002:00000d28       ??_C@_0BK@FCPKCIDD@?$CF02d?1?$CF02d?1?$CF04d?5?5?$CF02d?3?$CF02d?$AA@ 0000000000002908     BasePrintLib:PrintLibInternal.obj
 0002:00000d48       ??_C@_0M@LHGBCIKM@?$DMnull?5time?$DO?$AA@ 0000000000002928     BasePrintLib:PrintLibInternal.obj
 0002:00000d58       ??_C@_0DB@PMLHLBMO@?$CF08x?9?$CF04x?9?$CF04x?9?$CF02x?$CF02x?9?$CF02x?$CF02x@ 0000000000002938     BasePrintLib:PrintLibInternal.obj
 0002:00000d90       ??_C@_0M@BJJDNPHK@?$DMnull?5guid?$DO?$AA@ 0000000000002970     BasePrintLib:PrintLibInternal.obj
 0002:00000d9c       ??_C@_02PCIJFNDE@?$AN?6?$AA@ 000000000000297c     BasePrintLib:PrintLibInternal.obj
 0002:00000da0       ??_C@_0BL@BFEFANFD@AsciiStrSize?5?$CIFormat?$CJ?5?$CB?$DN?50?$AA@ 0000000000002980     BasePrintLib:PrintLibInternal.obj
 0002:00000dc0       ??_C@_0CB@NIHAJGJE@StrSize?5?$CI?$CICHAR16?5?$CK?$CJ?5Format?$CJ?5?$CB?$DN?50@ 00000000000029a0     BasePrintLib:PrintLibInternal.obj
 0002:00000de8       ??_C@_0CP@CPEPIGGJ@q?3?2MdePkg?2Library?2BaseLib?2DivU64@ 00000000000029c8     BaseLib:DivU64x32Remainder.obj
 0002:00000e18       gImageHandle               00000000000029f8     UefiBootServicesTableLib:UefiBootServicesTableLib.obj
 0002:00000e20       gST                        0000000000002a00     UefiBootServicesTableLib:UefiBootServicesTableLib.obj
 0002:00000e28       gBS                        0000000000002a08     UefiBootServicesTableLib:UefiBootServicesTableLib.obj
 0002:00000e30       gRT                        0000000000002a10     UefiRuntimeServicesTableLib:UefiRuntimeServicesTableLib.obj

 entry point at        0001:00000000

 Static symbols

