 SampleArgs

 Timestamp is 62161076 (Wed Feb 23 18:46:14 2022)

 Preferred load address is 0000000000000000

 Start         Length     Name                   Class
 0001:00000000 000016beH .text                   CODE
 0002:00000000 00000000H .data                   DATA
 0002:00000000 00000ab7H .rdata                  DATA
 0002:00000ab8 00000020H .bss                    DATA
 0003:00000000 000000f0H .pdata                  DATA
 0004:00000000 000000acH .xdata                  DATA

  Address         Publics by Value              Rva+Base               Lib:Object

 0001:00000000       _ModuleEntryPoint          0000000000000280 f   UefiApplicationEntryPoint:ApplicationEntryPoint.obj
 0001:00000064       ProcessLibraryConstructorList 00000000000002e4 f   SampleArgs:AutoGen.obj
 0001:000001a4       ProcessModuleEntryPointList 0000000000000424 f   SampleArgs:AutoGen.obj
 0001:000001ac       UefiMain                   000000000000042c f   SampleArgs:SampleArgs.obj
 0001:0000022c       DebugPrint                 00000000000004ac f   BaseDebugLibNull:DebugLib.obj
 0001:00000238       ProcessLibraryDestructorList 00000000000004b8 f   SampleArgs:AutoGen.obj
 0001:00000238       DebugAssert                00000000000004b8 f   BaseDebugLibNull:DebugLib.obj
 0001:0000023c       DebugPrintEnabled          00000000000004bc f   BaseDebugLibNull:DebugLib.obj
 0001:0000023c       DebugAssertEnabled         00000000000004bc f   BaseDebugLibNull:DebugLib.obj
 0001:0000023c       DebugPrintLevelEnabled     00000000000004bc f   BaseDebugLibNull:DebugLib.obj
 0001:00000240       UefiBootServicesTableLibConstructor 00000000000004c0 f   UefiBootServicesTableLib:UefiBootServicesTableLib.obj
 0001:000002ec       UefiRuntimeServicesTableLibConstructor 000000000000056c f   UefiRuntimeServicesTableLib:UefiRuntimeServicesTableLib.obj
 0001:00000330       UefiLibConstructor         00000000000005b0 f   UefiLib:UefiLib.obj
 0001:00000334       InternalPrint              00000000000005b4 f   UefiLib:UefiLibPrint.obj
 0001:00000454       Print                      00000000000006d4 f   UefiLib:UefiLibPrint.obj
 0001:00000484       ReadUnaligned16            0000000000000704 f   BaseLib:Unaligned.obj
 0001:000004bc       ReadUnaligned32            000000000000073c f   BaseLib:Unaligned.obj
 0001:000004f4       StrLen                     0000000000000774 f   BaseLib:String.obj
 0001:000005ac       StrSize                    000000000000082c f   BaseLib:String.obj
 0001:000005c0       AsciiStrLen                0000000000000840 f   BaseLib:String.obj
 0001:00000648       AsciiStrSize               00000000000008c8 f   BaseLib:String.obj
 0001:0000065c       InternalMathDivRemU64x32   00000000000008dc f   BaseLib:Math64.obj
 0001:00000678       InternalAllocatePool       00000000000008f8 f   UefiMemoryAllocationLib:MemoryAllocationLib.obj
 0001:000006a4       AllocatePool               0000000000000924 f   UefiMemoryAllocationLib:MemoryAllocationLib.obj
 0001:000006b4       FreePool                   0000000000000934 f   UefiMemoryAllocationLib:MemoryAllocationLib.obj
 0001:00000728       UnicodeVSPrint             00000000000009a8 f   BasePrintLib:PrintLib.obj
 0001:000007cc       BasePrintLibFillBuffer     0000000000000a4c f   BasePrintLib:PrintLibInternal.obj
 0001:00000800       BasePrintLibValueToString  0000000000000a80 f   BasePrintLib:PrintLibInternal.obj
 0001:00000850       BasePrintLibSPrintMarker   0000000000000ad0 f   BasePrintLib:PrintLibInternal.obj
 0001:00001644       BasePrintLibSPrint         00000000000018c4 f   BasePrintLib:PrintLibInternal.obj
 0001:00001668       DivU64x32Remainder         00000000000018e8 f   BaseLib:DivU64x32Remainder.obj
 0002:00000000       _gPcd_FixedAtBuild_PcdMaximumAsciiStringLength 0000000000001940     SampleArgs:AutoGen.obj
 0002:00000000       _gPcd_FixedAtBuild_PcdMaximumUnicodeStringLength 0000000000001940     SampleArgs:AutoGen.obj
 0002:00000004       _gPcd_FixedAtBuild_PcdUefiLibMaxPrintBufferSize 0000000000001944     SampleArgs:AutoGen.obj
 0002:00000008       _gUefiDriverRevision       0000000000001948     SampleArgs:AutoGen.obj
 0002:00000010       ??_C@_0FK@KNCOMAKL@q?3?2Build?2MyPkg?2RELEASE_DEVTLS?2X6@ 0000000000001950     SampleArgs:AutoGen.obj
 0002:00000070       ??_C@_0BE@DCHLEIGN@?$CBEFI_ERROR?5?$CIStatus?$CJ?$AA@ 00000000000019b0     SampleArgs:AutoGen.obj
 0002:00000088       ??_C@_0CB@DMEJJJHA@?6ASSERT_EFI_ERROR?5?$CIStatus?5?$DN?5?$CFr?$CJ?6@ 00000000000019c8     SampleArgs:AutoGen.obj
 0002:000000b0       ??_C@_1IK@GGJNFPLP@?$AA?6?$AAS?$AAo?$AAr?$AAr?$AAy?$AA?0?$AA?5?$AAG?$AAe?$AAt?$AAt?$AAi?$AAn?$AAg?$AA?5?$AAS?$AAh?$AAe?$AAl?$AAl?$AA?5?$AAp?$AAa?$AAr?$AAa?$AAm?$AAs?$AA?5?$AAd?$AAi?$AAd@ 00000000000019f0     SampleArgs:SampleArgs.obj
 0002:00000140       ??_C@_0BE@BDFJLGLN@gBS?5?$CB?$DN?5?$CI?$CIvoid?5?$CK?$CJ?50?$CJ?$AA@ 0000000000001a80     UefiBootServicesTableLib:UefiBootServicesTableLib.obj
 0002:00000158       ??_C@_0BE@DGNHAHIL@gST?5?$CB?$DN?5?$CI?$CIvoid?5?$CK?$CJ?50?$CJ?$AA@ 0000000000001a98     UefiBootServicesTableLib:UefiBootServicesTableLib.obj
 0002:00000170       ??_C@_0EG@IHBEIGJL@q?3?2MdePkg?2Library?2UefiBootServic@ 0000000000001ab0     UefiBootServicesTableLib:UefiBootServicesTableLib.obj
 0002:000001b8       ??_C@_0BN@COECPDCC@gImageHandle?5?$CB?$DN?5?$CI?$CIvoid?5?$CK?$CJ?50?$CJ?$AA@ 0000000000001af8     UefiBootServicesTableLib:UefiBootServicesTableLib.obj
 0002:000001e0       ??_C@_0EM@DLKNJEFG@q?3?2MdePkg?2Library?2UefiRuntimeSer@ 0000000000001b20     UefiRuntimeServicesTableLib:UefiRuntimeServicesTableLib.obj
 0002:00000230       ??_C@_0BE@OBDFIHND@gRT?5?$CB?$DN?5?$CI?$CIvoid?5?$CK?$CJ?50?$CJ?$AA@ 0000000000001b70     UefiRuntimeServicesTableLib:UefiRuntimeServicesTableLib.obj
 0002:00000248       ??_C@_0BH@IACGKAP@Buffer?5?$CB?$DN?5?$CI?$CIvoid?5?$CK?$CJ?50?$CJ?$AA@ 0000000000001b88     UefiLib:UefiLibPrint.obj
 0002:00000260       ??_C@_0BI@DIKLKBJC@Console?5?$CB?$DN?5?$CI?$CIvoid?5?$CK?$CJ?50?$CJ?$AA@ 0000000000001ba0     UefiLib:UefiLibPrint.obj
 0002:00000278       ??_C@_0CD@NJDNMGBE@?$CI?$CIUINTN?$CJ?5Format?5?$CG?50x00000001?$CJ?5?$DN?$DN@ 0000000000001bb8     UefiLib:UefiLibPrint.obj
 0002:000002a0       ??_C@_0CJ@ICOLKBCP@q?3?2MdePkg?2Library?2UefiLib?2UefiLi@ 0000000000001be0     UefiLib:UefiLibPrint.obj
 0002:000002d0       ??_C@_0BH@LKMBFCBF@Format?5?$CB?$DN?5?$CI?$CIvoid?5?$CK?$CJ?50?$CJ?$AA@ 0000000000001c10     UefiLib:UefiLibPrint.obj
 0002:000002e8       ??_C@_0CG@MHAECJIA@q?3?2MdePkg?2Library?2BaseLib?2Unalig@ 0000000000001c28     BaseLib:Unaligned.obj
 0002:00000310       ??_C@_0DK@EOJCOAME@Length?5?$DM?5_gPcd_FixedAtBuild_PcdM@ 0000000000001c50     BaseLib:String.obj
 0002:00000350       ??_C@_0CD@BDCLIGHD@?$CI?$CIUINTN?$CJ?5String?5?$CG?50x00000001?$CJ?5?$DN?$DN@ 0000000000001c90     BaseLib:String.obj
 0002:00000378       ??_C@_0CD@OOJADBME@q?3?2MdePkg?2Library?2BaseLib?2String@ 0000000000001cb8     BaseLib:String.obj
 0002:000003a0       ??_C@_0BH@MAAHKCPC@String?5?$CB?$DN?5?$CI?$CIvoid?5?$CK?$CJ?50?$CJ?$AA@ 0000000000001ce0     BaseLib:String.obj
 0002:000003b8       ??_C@_0DI@MDIKFADO@Length?5?$DM?5_gPcd_FixedAtBuild_PcdM@ 0000000000001cf8     BaseLib:String.obj
 0002:000003f0       ??_C@_0N@KGHEHMDL@Divisor?5?$CB?$DN?50?$AA@ 0000000000001d30     BaseLib:DivU64x32.obj
 0002:00000400       ??_C@_0EA@JCDEKIGH@q?3?2MdePkg?2Library?2UefiMemoryAllo@ 0000000000001d40     UefiMemoryAllocationLib:MemoryAllocationLib.obj
 0002:00000440       ??_C@_0CH@KJLBGOBB@?$CI?$CI?$CIUINTN?$CJ?5?$CIFormatString?$CJ?$CJ?5?$CG?50x01@ 0000000000001d80     BasePrintLib:PrintLib.obj
 0002:00000468       ??_C@_0CK@LOLCLJPB@q?3?2MdePkg?2Library?2BasePrintLib?2P@ 0000000000001da8     BasePrintLib:PrintLib.obj
 0002:00000498       ??_C@_0CI@BGLNHBLM@?$CI?$CI?$CIUINTN?$CJ?5?$CIStartOfBuffer?$CJ?$CJ?5?$CG?50x0@ 0000000000001dd8     BasePrintLib:PrintLib.obj
 0002:000004c0       ??_C@_0BB@MFGDFIJM@Compromised?5Data?$AA@ 0000000000001e00     BasePrintLib:PrintLibInternal.obj
 0002:000004d8       ??_C@_0BB@KFJAMCOC@Invalid?5Language?$AA@ 0000000000001e18     BasePrintLib:PrintLibInternal.obj
 0002:000004f0       ??_C@_0M@FKGOBENP@End?5of?5File?$AA@ 0000000000001e30     BasePrintLib:PrintLibInternal.obj
 0002:00000500       ??_C@_0O@GLPDOMCP@Reserved?5?$CI30?$CJ?$AA@ 0000000000001e40     BasePrintLib:PrintLibInternal.obj
 0002:00000510       ??_C@_0O@NMJOLAMF@Reserved?5?$CI29?$CJ?$AA@ 0000000000001e50     BasePrintLib:PrintLibInternal.obj
 0002:00000520       ??_C@_0N@JEJDHPO@End?5of?5Media?$AA@ 0000000000001e60     BasePrintLib:PrintLibInternal.obj
 0002:00000530       ??_C@_09BOMAGJEG@CRC?5Error?$AA@ 0000000000001e70     BasePrintLib:PrintLibInternal.obj
 0002:00000540       ??_C@_0BD@KHMPCIOG@Security?5Violation?$AA@ 0000000000001e80     BasePrintLib:PrintLibInternal.obj
 0002:00000558       ??_C@_0BF@EHOBGFMI@Incompatible?5Version?$AA@ 0000000000001e98     BasePrintLib:PrintLibInternal.obj
 0002:00000570       ??_C@_0P@NCJHBCLM@Protocol?5Error?$AA@ 0000000000001eb0     BasePrintLib:PrintLibInternal.obj
 0002:00000580       ??_C@_0L@DJKNJKHM@TFTP?5Error?$AA@ 0000000000001ec0     BasePrintLib:PrintLibInternal.obj
 0002:00000590       ??_C@_0L@LKIFCMNO@ICMP?5Error?$AA@ 0000000000001ed0     BasePrintLib:PrintLibInternal.obj
 0002:000005a0       ??_C@_07LCKDCBKK@Aborted?$AA@ 0000000000001ee0     BasePrintLib:PrintLibInternal.obj
 0002:000005a8       ??_C@_0BA@IGIBFFPH@Already?5started?$AA@ 0000000000001ee8     BasePrintLib:PrintLibInternal.obj
 0002:000005b8       ??_C@_0M@DCJFAFHJ@Not?5started?$AA@ 0000000000001ef8     BasePrintLib:PrintLibInternal.obj
 0002:000005c8       ??_C@_08PAFJCNGP@Time?5out?$AA@ 0000000000001f08     BasePrintLib:PrintLibInternal.obj
 0002:000005d8       ??_C@_0L@IFPBNFC@No?5mapping?$AA@ 0000000000001f18     BasePrintLib:PrintLibInternal.obj
 0002:000005e8       ??_C@_0M@ENKCBFEP@No?5Response?$AA@ 0000000000001f28     BasePrintLib:PrintLibInternal.obj
 0002:000005f8       ??_C@_0O@NFHOBIDO@Access?5Denied?$AA@ 0000000000001f38     BasePrintLib:PrintLibInternal.obj
 0002:00000608       ??_C@_09CFCBFJND@Not?5Found?$AA@ 0000000000001f48     BasePrintLib:PrintLibInternal.obj
 0002:00000618       ??_C@_0O@JNCJKCCD@Media?5changed?$AA@ 0000000000001f58     BasePrintLib:PrintLibInternal.obj
 0002:00000628       ??_C@_08KEGAJDNN@No?5Media?$AA@ 0000000000001f68     BasePrintLib:PrintLibInternal.obj
 0002:00000638       ??_C@_0M@HDLEPOFA@Volume?5Full?$AA@ 0000000000001f78     BasePrintLib:PrintLibInternal.obj
 0002:00000648       ??_C@_0P@EIOJGIF@Volume?5Corrupt?$AA@ 0000000000001f88     BasePrintLib:PrintLibInternal.obj
 0002:00000658       ??_C@_0BB@GOILNEAA@Out?5of?5Resources?$AA@ 0000000000001f98     BasePrintLib:PrintLibInternal.obj
 0002:00000670       ??_C@_0BA@LNEDDFNB@Write?5Protected?$AA@ 0000000000001fb0     BasePrintLib:PrintLibInternal.obj
 0002:00000680       ??_C@_0N@HHEABDHO@Device?5Error?$AA@ 0000000000001fc0     BasePrintLib:PrintLibInternal.obj
 0002:00000690       ??_C@_09NKFGCIPN@Not?5Ready?$AA@ 0000000000001fd0     BasePrintLib:PrintLibInternal.obj
 0002:000006a0       ??_C@_0BB@EGELJFOB@Buffer?5Too?5Small?$AA@ 0000000000001fe0     BasePrintLib:PrintLibInternal.obj
 0002:000006b8       ??_C@_0BA@FLNMPMCF@Bad?5Buffer?5Size?$AA@ 0000000000001ff8     BasePrintLib:PrintLibInternal.obj
 0002:000006c8       ??_C@_0M@BEECMOIL@Unsupported?$AA@ 0000000000002008     BasePrintLib:PrintLibInternal.obj
 0002:000006d8       ??_C@_0BC@HOFHKGJN@Invalid?5Parameter?$AA@ 0000000000002018     BasePrintLib:PrintLibInternal.obj
 0002:000006f0       ??_C@_0L@PLPBEPPC@Load?5Error?$AA@ 0000000000002030     BasePrintLib:PrintLibInternal.obj
 0002:00000700       ??_C@_0BD@IFJNJCCO@Warning?5Stale?5Data?$AA@ 0000000000002040     BasePrintLib:PrintLibInternal.obj
 0002:00000718       ??_C@_0BJ@ODIPDGHB@Warning?5Buffer?5Too?5Small?$AA@ 0000000000002058     BasePrintLib:PrintLibInternal.obj
 0002:00000738       ??_C@_0BG@ECIJMOED@Warning?5Write?5Failure?$AA@ 0000000000002078     BasePrintLib:PrintLibInternal.obj
 0002:00000750       ??_C@_0BH@GKKCJEPJ@Warning?5Delete?5Failure?$AA@ 0000000000002090     BasePrintLib:PrintLibInternal.obj
 0002:00000768       ??_C@_0BG@CFJMNNJK@Warning?5Unknown?5Glyph?$AA@ 00000000000020a8     BasePrintLib:PrintLibInternal.obj
 0002:00000780       ??_C@_07PBILKAFL@Success?$AA@ 00000000000020c0     BasePrintLib:PrintLibInternal.obj
 0002:00000788       mHexStr                    00000000000020c8     BasePrintLib:PrintLibInternal.obj
 0002:000007a0       mStatusString              00000000000020e0     BasePrintLib:PrintLibInternal.obj
 0002:000008d8       ??_C@_0DC@CHCEMEEB@q?3?2MdePkg?2Library?2BasePrintLib?2P@ 0000000000002218     BasePrintLib:PrintLibInternal.obj
 0002:00000910       ??_C@_0EG@NFDMKACK@?$CI?$CI?$CIFlags?5?$CG?50x00000040?$CJ?5?$CB?$DN?50?$CJ?$CJ?5?$HM?$HM@ 0000000000002250     BasePrintLib:PrintLibInternal.obj
 0002:00000960       ??_C@_0EM@FPGGOFNC@?$CI?$CI?$CIFlags?5?$CG?50x00000040?$CJ?5?$DN?$DN?50?$CJ?$CJ?5?$HM?$HM@ 00000000000022a0     BasePrintLib:PrintLibInternal.obj
 0002:000009ac       ??_C@_01LIIJDEN@?$AN?$AA@  00000000000022ec     BasePrintLib:PrintLibInternal.obj
 0002:000009b0       ??_C@_04JIMNDDED@?$CF08X?$AA@ 00000000000022f0     BasePrintLib:PrintLibInternal.obj
 0002:000009b8       ??_C@_0O@MLOLIMFM@?$DMnull?5string?$DO?$AA@ 00000000000022f8     BasePrintLib:PrintLibInternal.obj
 0002:000009c8       ??_C@_0BK@FCPKCIDD@?$CF02d?1?$CF02d?1?$CF04d?5?5?$CF02d?3?$CF02d?$AA@ 0000000000002308     BasePrintLib:PrintLibInternal.obj
 0002:000009e8       ??_C@_0M@LHGBCIKM@?$DMnull?5time?$DO?$AA@ 0000000000002328     BasePrintLib:PrintLibInternal.obj
 0002:000009f8       ??_C@_0DB@PMLHLBMO@?$CF08x?9?$CF04x?9?$CF04x?9?$CF02x?$CF02x?9?$CF02x?$CF02x@ 0000000000002338     BasePrintLib:PrintLibInternal.obj
 0002:00000a30       ??_C@_0M@BJJDNPHK@?$DMnull?5guid?$DO?$AA@ 0000000000002370     BasePrintLib:PrintLibInternal.obj
 0002:00000a3c       ??_C@_02PCIJFNDE@?$AN?6?$AA@ 000000000000237c     BasePrintLib:PrintLibInternal.obj
 0002:00000a40       ??_C@_0BL@BFEFANFD@AsciiStrSize?5?$CIFormat?$CJ?5?$CB?$DN?50?$AA@ 0000000000002380     BasePrintLib:PrintLibInternal.obj
 0002:00000a60       ??_C@_0CB@NIHAJGJE@StrSize?5?$CI?$CICHAR16?5?$CK?$CJ?5Format?$CJ?5?$CB?$DN?50@ 00000000000023a0     BasePrintLib:PrintLibInternal.obj
 0002:00000a88       ??_C@_0CP@CPEPIGGJ@q?3?2MdePkg?2Library?2BaseLib?2DivU64@ 00000000000023c8     BaseLib:DivU64x32Remainder.obj
 0002:00000ab8       gImageHandle               00000000000023f8     UefiBootServicesTableLib:UefiBootServicesTableLib.obj
 0002:00000ac0       gST                        0000000000002400     UefiBootServicesTableLib:UefiBootServicesTableLib.obj
 0002:00000ac8       gBS                        0000000000002408     UefiBootServicesTableLib:UefiBootServicesTableLib.obj
 0002:00000ad0       gRT                        0000000000002410     UefiRuntimeServicesTableLib:UefiRuntimeServicesTableLib.obj

 entry point at        0001:00000000

 Static symbols

