 ECCMD

 Timestamp is 621ed442 (Wed Mar 02 10:19:46 2022)

 Preferred load address is 0000000000000000

 Start         Length     Name                   Class
 0001:00000000 00001bc3H .text                   CODE
 0002:00000000 00000000H .data                   DATA
 0002:00000000 00000ea7H .rdata                  DATA
 0002:00000ea8 00000038H .bss                    DATA
 0003:00000000 00000144H .pdata                  DATA
 0004:00000000 000000acH .xdata                  DATA

  Address         Publics by Value              Rva+Base               Lib:Object

 0001:00000000       _ModuleEntryPoint          00000000000002a0 f   UefiApplicationEntryPoint:ApplicationEntryPoint.obj
 0001:00000064       ProcessLibraryConstructorList 0000000000000304 f   ECCMD:AutoGen.obj
 0001:000001a4       ProcessModuleEntryPointList 0000000000000444 f   ECCMD:AutoGen.obj
 0001:000001ac       ReadEC                     000000000000044c f   ECCMD:ECCMD.obj
 0001:00000274       UefiMain                   0000000000000514 f   ECCMD:ECCMD.obj
 0001:00000304       StrLen                     00000000000005a4 f   BaseLib:String.obj
 0001:000003bc       StrSize                    000000000000065c f   BaseLib:String.obj
 0001:000003d0       InternalHexCharToUintn     0000000000000670 f   BaseLib:String.obj
 0001:00000400       InternalIsHexaDecimalDigitCharacter 00000000000006a0 f   BaseLib:String.obj
 0001:00000428       StrHexToUintn              00000000000006c8 f   BaseLib:String.obj
 0001:00000514       AsciiStrLen                00000000000007b4 f   BaseLib:String.obj
 0001:0000059c       AsciiStrSize               000000000000083c f   BaseLib:String.obj
 0001:000005b0       InternalMathDivRemU64x32   0000000000000850 f   BaseLib:Math64.obj
 0001:000005cc       DebugPrint                 000000000000086c f   BaseDebugLibNull:DebugLib.obj
 0001:000005d8       ProcessLibraryDestructorList 0000000000000878 f   ECCMD:AutoGen.obj
 0001:000005d8       DebugAssert                0000000000000878 f   BaseDebugLibNull:DebugLib.obj
 0001:000005dc       DebugPrintEnabled          000000000000087c f   BaseDebugLibNull:DebugLib.obj
 0001:000005dc       DebugAssertEnabled         000000000000087c f   BaseDebugLibNull:DebugLib.obj
 0001:000005dc       DebugPrintLevelEnabled     000000000000087c f   BaseDebugLibNull:DebugLib.obj
 0001:000005e0       UefiBootServicesTableLibConstructor 0000000000000880 f   UefiBootServicesTableLib:UefiBootServicesTableLib.obj
 0001:0000068c       UefiRuntimeServicesTableLibConstructor 000000000000092c f   UefiRuntimeServicesTableLib:UefiRuntimeServicesTableLib.obj
 0001:000006d0       UefiLibConstructor         0000000000000970 f   UefiLib:UefiLib.obj
 0001:000006d4       InternalPrint              0000000000000974 f   UefiLib:UefiLibPrint.obj
 0001:000007f4       Print                      0000000000000a94 f   UefiLib:UefiLibPrint.obj
 0001:00000824       LogShow                    0000000000000ac4 f   MYLIB_IoLib:MYLIB_IoLib.obj
 0001:0000086c       Wait4IBF                   0000000000000b0c f   MYLIB_IoLib:MYLIB_IoLib.obj
 0001:000008bc       Wait4OBF                   0000000000000b5c f   MYLIB_IoLib:MYLIB_IoLib.obj
 0001:0000090c       EcWait                     0000000000000bac f   MYLIB_IoLib:MYLIB_IoLib.obj
 0001:00000964       ReadWriteEC                0000000000000c04 f   MYLIB_EcLib:MYLIB_EcLib.obj
 0001:00000a7c       ReadUnaligned16            0000000000000d1c f   BaseLib:Unaligned.obj
 0001:00000ab4       ReadUnaligned32            0000000000000d54 f   BaseLib:Unaligned.obj
 0001:00000aec       IoRead8                    0000000000000d8c f   BaseIoLibIntrinsic:IoLibMsc.obj
 0001:00000af4       IoWrite8                   0000000000000d94 f   BaseIoLibIntrinsic:IoLibMsc.obj
 0001:00000afc       InternalAllocatePool       0000000000000d9c f   UefiMemoryAllocationLib:MemoryAllocationLib.obj
 0001:00000b28       AllocatePool               0000000000000dc8 f   UefiMemoryAllocationLib:MemoryAllocationLib.obj
 0001:00000b38       FreePool                   0000000000000dd8 f   UefiMemoryAllocationLib:MemoryAllocationLib.obj
 0001:00000bac       UnicodeVSPrint             0000000000000e4c f   BasePrintLib:PrintLib.obj
 0001:00000c50       BasePrintLibFillBuffer     0000000000000ef0 f   BasePrintLib:PrintLibInternal.obj
 0001:00000c84       BasePrintLibValueToString  0000000000000f24 f   BasePrintLib:PrintLibInternal.obj
 0001:00000cd4       BasePrintLibSPrintMarker   0000000000000f74 f   BasePrintLib:PrintLibInternal.obj
 0001:00001ac8       BasePrintLibSPrint         0000000000001d68 f   BasePrintLib:PrintLibInternal.obj
 0001:00001aec       ShowAsciiStr               0000000000001d8c f   MYLIB_StringLib:MYLIB_StringLib.obj
 0001:00001b40       DivU64x32Remainder         0000000000001de0 f   BaseLib:DivU64x32Remainder.obj
 0001:00001ba0       DisableInterrupts          0000000000001e40 f   BaseLib:DisableInterrupts.obj
 0001:00001bb0       EnableInterrupts           0000000000001e50 f   BaseLib:EnableInterrupts.obj
 0001:00001bc0       AsmReadEflags              0000000000001e60 f   BaseLib:ReadEflags.obj
 0002:00000000       _gPcd_FixedAtBuild_PcdMaximumUnicodeStringLength 0000000000001e80     ECCMD:AutoGen.obj
 0002:00000000       _gPcd_FixedAtBuild_PcdMaximumAsciiStringLength 0000000000001e80     ECCMD:AutoGen.obj
 0002:00000004       _gPcd_FixedAtBuild_PcdUefiLibMaxPrintBufferSize 0000000000001e84     ECCMD:AutoGen.obj
 0002:00000008       _gUefiDriverRevision       0000000000001e88     ECCMD:AutoGen.obj
 0002:00000010       ??_C@_0FA@PLGEIFOI@q?3?2Build?2MyPkg?2RELEASE_DEVTLS?2X6@ 0000000000001e90     ECCMD:AutoGen.obj
 0002:00000060       ??_C@_0BE@DCHLEIGN@?$CBEFI_ERROR?5?$CIStatus?$CJ?$AA@ 0000000000001ee0     ECCMD:AutoGen.obj
 0002:00000078       ??_C@_0CB@DMEJJJHA@?6ASSERT_EFI_ERROR?5?$CIStatus?5?$DN?5?$CFr?$CJ?6@ 0000000000001ef8     ECCMD:AutoGen.obj
 0002:000000a0       ??_C@_1FC@NDJCGBC@?$AA?5?$AA?5?$AA?5?$AA?$DM?$AA?5?$AAM?$AAU?$AAS?$AAT?$AA?5?$AAE?$AAN?$AAT?$AAE?$AAR?$AA?5?$AAC?$AAO?$AAM?$AAM?$AAA?$AAN?$AAD?$AA?5?$AAB?$AAE?$AAF?$AAO?$AAR?$AAE?$AA?5?$AAD@ 0000000000001f20     ECCMD:ECCMD.obj
 0002:000000f8       ??_C@_1CC@GJDILJNP@?$AA?5?$AA?5?$AA?5?$AAE?$AAX?$AA?4?$AA?5?$AA6?$AA6?$AA?5?$AA5?$AA2?$AA?5?$AAA?$AA0?$AA?6?$AA?$AA@ 0000000000001f78     ECCMD:ECCMD.obj
 0002:00000120       ??_C@_1DE@FCLLJKND@?$AA?5?$AA?5?$AA?5?$AA?$FL?$AAP?$AAo?$AAr?$AAt?$AA?$FN?$AA?$FL?$AAC?$AAo?$AAm?$AAm?$AAa?$AAn?$AAd?$AA?$FN?$AA?$FL?$AAD?$AAa?$AAt?$AAa?$AA?$FN?$AA?6?$AA?$AA@ 0000000000001fa0     ECCMD:ECCMD.obj
 0002:00000158       ??_C@_1DE@JMEPPHNK@?$AA?5?$AA?5?$AA?5?$AA?5?$AA?5?$AA?5?$AA?5?$AA?5?$AA?5?$AA?5?$AA?5?$AA?5?$AA?5?$AA?5?$AAT?$AAO?$AAO?$AAL?$AA?5?$AAU?$AAS?$AAA?$AAG?$AAE?$AA?6?$AA?$AA@ 0000000000001fd8     ECCMD:ECCMD.obj
 0002:00000190       ??_C@_1FC@CGBIPDLJ@?$AA?$DN?$AA?$DN?$AA?$DN?$AA?$DN?$AA?$DN?$AA?$DN?$AA?$DN?$AA?$DN?$AA?$DN?$AA?$DN?$AA?$DN?$AA?$DN?$AA?$DN?$AA?$DN?$AA?$DN?$AA?$DN?$AA?$DN?$AA?$DN?$AA?$DN?$AA?$DN?$AA?$DN?$AA?$DN?$AA?$DN?$AA?$DN?$AA?$DN?$AA?$DN?$AA?$DN?$AA?$DN?$AA?$DN?$AA?$DN?$AA?$DN?$AA?$DN@ 0000000000002010     ECCMD:ECCMD.obj
 0002:000001f0       ??_C@_1IK@GGJNFPLP@?$AA?6?$AAS?$AAo?$AAr?$AAr?$AAy?$AA?0?$AA?5?$AAG?$AAe?$AAt?$AAt?$AAi?$AAn?$AAg?$AA?5?$AAS?$AAh?$AAe?$AAl?$AAl?$AA?5?$AAp?$AAa?$AAr?$AAa?$AAm?$AAs?$AA?5?$AAd?$AAi?$AAd@ 0000000000002070     ECCMD:ECCMD.obj
 0002:00000280       ??_C@_0DK@EOJCOAME@Length?5?$DM?5_gPcd_FixedAtBuild_PcdM@ 0000000000002100     BaseLib:String.obj
 0002:000002c0       ??_C@_0CD@BDCLIGHD@?$CI?$CIUINTN?$CJ?5String?5?$CG?50x00000001?$CJ?5?$DN?$DN@ 0000000000002140     BaseLib:String.obj
 0002:000002e8       ??_C@_0CD@OOJADBME@q?3?2MdePkg?2Library?2BaseLib?2String@ 0000000000002168     BaseLib:String.obj
 0002:00000310       ??_C@_0BH@MAAHKCPC@String?5?$CB?$DN?5?$CI?$CIvoid?5?$CK?$CJ?50?$CJ?$AA@ 0000000000002190     BaseLib:String.obj
 0002:00000328       ??_C@_0BG@KBNOLIGE@StrSize?5?$CIString?$CJ?5?$CB?$DN?50?$AA@ 00000000000021a8     BaseLib:String.obj
 0002:00000340       ??_C@_0ED@BNMFHFDG@Result?5?$DM?$DN?5?$CI?$CI?$CI?$CIUINTN?$CJ?5?$HO0?$CJ?5?9?5Inter@ 00000000000021c0     BaseLib:String.obj
 0002:00000388       ??_C@_0DI@MDIKFADO@Length?5?$DM?5_gPcd_FixedAtBuild_PcdM@ 0000000000002208     BaseLib:String.obj
 0002:000003c0       ??_C@_0N@KGHEHMDL@Divisor?5?$CB?$DN?50?$AA@ 0000000000002240     BaseLib:DivU64x32.obj
 0002:000003d0       ??_C@_0BE@BDFJLGLN@gBS?5?$CB?$DN?5?$CI?$CIvoid?5?$CK?$CJ?50?$CJ?$AA@ 0000000000002250     UefiBootServicesTableLib:UefiBootServicesTableLib.obj
 0002:000003e8       ??_C@_0BE@DGNHAHIL@gST?5?$CB?$DN?5?$CI?$CIvoid?5?$CK?$CJ?50?$CJ?$AA@ 0000000000002268     UefiBootServicesTableLib:UefiBootServicesTableLib.obj
 0002:00000400       ??_C@_0EG@IHBEIGJL@q?3?2MdePkg?2Library?2UefiBootServic@ 0000000000002280     UefiBootServicesTableLib:UefiBootServicesTableLib.obj
 0002:00000448       ??_C@_0BN@COECPDCC@gImageHandle?5?$CB?$DN?5?$CI?$CIvoid?5?$CK?$CJ?50?$CJ?$AA@ 00000000000022c8     UefiBootServicesTableLib:UefiBootServicesTableLib.obj
 0002:00000470       ??_C@_0EM@DLKNJEFG@q?3?2MdePkg?2Library?2UefiRuntimeSer@ 00000000000022f0     UefiRuntimeServicesTableLib:UefiRuntimeServicesTableLib.obj
 0002:000004c0       ??_C@_0BE@OBDFIHND@gRT?5?$CB?$DN?5?$CI?$CIvoid?5?$CK?$CJ?50?$CJ?$AA@ 0000000000002340     UefiRuntimeServicesTableLib:UefiRuntimeServicesTableLib.obj
 0002:000004d8       ??_C@_0BH@IACGKAP@Buffer?5?$CB?$DN?5?$CI?$CIvoid?5?$CK?$CJ?50?$CJ?$AA@ 0000000000002358     UefiLib:UefiLibPrint.obj
 0002:000004f0       ??_C@_0BI@DIKLKBJC@Console?5?$CB?$DN?5?$CI?$CIvoid?5?$CK?$CJ?50?$CJ?$AA@ 0000000000002370     UefiLib:UefiLibPrint.obj
 0002:00000508       ??_C@_0CD@NJDNMGBE@?$CI?$CIUINTN?$CJ?5Format?5?$CG?50x00000001?$CJ?5?$DN?$DN@ 0000000000002388     UefiLib:UefiLibPrint.obj
 0002:00000530       ??_C@_0CJ@ICOLKBCP@q?3?2MdePkg?2Library?2UefiLib?2UefiLi@ 00000000000023b0     UefiLib:UefiLibPrint.obj
 0002:00000560       ??_C@_0BH@LKMBFCBF@Format?5?$CB?$DN?5?$CI?$CIvoid?5?$CK?$CJ?50?$CJ?$AA@ 00000000000023e0     UefiLib:UefiLibPrint.obj
 0002:00000580       ??_C@_1GC@LHCPFEKB@?$AAW?$AAA?$AAR?$AAN?$AAI?$AAN?$AAG?$AA?3?$AA?5?$AAY?$AAO?$AAU?$AA?5?$AAC?$AAA?$AAN?$AA?5?$AAO?$AAN?$AAL?$AAY?$AA?5?$AAE?$AAN?$AAT?$AAE?$AAR?$AA?5?$AAT?$AAH?$AAR?$AAE@ 0000000000002400     MYLIB_IoLib:MYLIB_IoLib.obj
 0002:000005f0       ??_C@_1EK@NBMGEION@?$AAW?$AAA?$AAR?$AAN?$AAI?$AAN?$AAG?$AA?3?$AA?5?$AAP?$AAL?$AAE?$AAA?$AAS?$AAE?$AA?5?$AAE?$AAN?$AAT?$AAE?$AAR?$AA?5?$AAP?$AAO?$AAR?$AAT?$AA?5?$AA6?$AA4?$AA?5?$AAO?$AAR@ 0000000000002470     MYLIB_IoLib:MYLIB_IoLib.obj
 0002:00000640       ??_C@_1EA@PEDDGIKH@?$AA?5?$AA?5?$AAW?$AAA?$AAR?$AAN?$AAI?$AAN?$AAG?$AA?3?$AA?5?$AAO?$AAB?$AAF?$AA?5?$AAW?$AAA?$AAI?$AAT?$AAI?$AAN?$AAG?$AA?5?$AAT?$AAI?$AAM?$AAE?$AAO?$AAU?$AAT?$AA?6?$AA?$AA@ 00000000000024c0     MYLIB_IoLib:MYLIB_IoLib.obj
 0002:00000680       ??_C@_1EA@IEEEHOEB@?$AA?5?$AA?5?$AAW?$AAA?$AAR?$AAN?$AAI?$AAN?$AAG?$AA?3?$AA?5?$AAI?$AAB?$AAF?$AA?5?$AAW?$AAA?$AAI?$AAT?$AAI?$AAN?$AAG?$AA?5?$AAT?$AAI?$AAM?$AAE?$AAO?$AAU?$AAT?$AA?6?$AA?$AA@ 0000000000002500     MYLIB_IoLib:MYLIB_IoLib.obj
 0002:000006c0       ??_C@_11LOCGONAA@?$AA?$AA@ 0000000000002540     MYLIB_EcLib:MYLIB_EcLib.obj
 0002:000006c8       ??_C@_1DO@EINOKMDI@?$AA?5?$AA?5?$AA?5?$AAY?$AAO?$AAU?$AA?5?$AAA?$AAR?$AAE?$AA?5?$AAN?$AAO?$AAW?$AA?5?$AAR?$AAE?$AAA?$AAD?$AAI?$AAN?$AAG?$AA?5?$AAP?$AAO?$AAR?$AAT?$AA6?$AA2?$AA?6?$AA?$AA@ 0000000000002548     MYLIB_EcLib:MYLIB_EcLib.obj
 0002:00000708       ??_C@_1DI@JILNANFG@?$AA?5?$AA?5?$AA?5?$AA?5?$AA?5?$AA?5?$AA?5?$AA?5?$AA?5?$AAD?$AAa?$AAt?$AAa?$AA?5?$AA0?$AA?$CF?$AAd?$AA?3?$AA?5?$AA?$CF?$AAl?$AAx?$AA?$FL?$AA?$CF?$AAs?$AA?$FN?$AA?6?$AA?$AA@ 0000000000002588     MYLIB_EcLib:MYLIB_EcLib.obj
 0002:00000740       ??_C@_1EC@JLBGPJAE@?$AA?$DN?$AA?$DN?$AA?$DN?$AA?$DN?$AA?$DN?$AA?$DN?$AA?$DN?$AA?$DN?$AA?$DN?$AA?$DN?$AA?$DN?$AA?$DN?$AA?$DN?$AA?$DN?$AA?$DN?$AA?$DN?$AA?$DN?$AA?$DN?$AA?$DN?$AA?$DN?$AA?$DN?$AA?$DN?$AA?$DN?$AA?$DN?$AA?$DN?$AA?$DN?$AA?$DN?$AA?$DN?$AA?$DN?$AA?$DN?$AA?$DN?$AA?6@ 00000000000025c0     MYLIB_EcLib:MYLIB_EcLib.obj
 0002:00000788       ??_C@_1DO@FBGANDD@?$AA?5?$AA?5?$AA?5?$AAY?$AAO?$AAU?$AA?5?$AAA?$AAR?$AAE?$AA?5?$AAN?$AAO?$AAW?$AA?5?$AAR?$AAE?$AAA?$AAD?$AAI?$AAN?$AAG?$AA?5?$AAP?$AAO?$AAR?$AAT?$AA6?$AA0?$AA?6?$AA?$AA@ 0000000000002608     MYLIB_EcLib:MYLIB_EcLib.obj
 0002:000007c8       ??_C@_0CG@MHAECJIA@q?3?2MdePkg?2Library?2BaseLib?2Unalig@ 0000000000002648     BaseLib:Unaligned.obj
 0002:000007f0       ??_C@_0EA@JCDEKIGH@q?3?2MdePkg?2Library?2UefiMemoryAllo@ 0000000000002670     UefiMemoryAllocationLib:MemoryAllocationLib.obj
 0002:00000830       ??_C@_0CH@KJLBGOBB@?$CI?$CI?$CIUINTN?$CJ?5?$CIFormatString?$CJ?$CJ?5?$CG?50x01@ 00000000000026b0     BasePrintLib:PrintLib.obj
 0002:00000858       ??_C@_0CK@LOLCLJPB@q?3?2MdePkg?2Library?2BasePrintLib?2P@ 00000000000026d8     BasePrintLib:PrintLib.obj
 0002:00000888       ??_C@_0CI@BGLNHBLM@?$CI?$CI?$CIUINTN?$CJ?5?$CIStartOfBuffer?$CJ?$CJ?5?$CG?50x0@ 0000000000002708     BasePrintLib:PrintLib.obj
 0002:000008b0       ??_C@_0BB@MFGDFIJM@Compromised?5Data?$AA@ 0000000000002730     BasePrintLib:PrintLibInternal.obj
 0002:000008c8       ??_C@_0BB@KFJAMCOC@Invalid?5Language?$AA@ 0000000000002748     BasePrintLib:PrintLibInternal.obj
 0002:000008e0       ??_C@_0M@FKGOBENP@End?5of?5File?$AA@ 0000000000002760     BasePrintLib:PrintLibInternal.obj
 0002:000008f0       ??_C@_0O@GLPDOMCP@Reserved?5?$CI30?$CJ?$AA@ 0000000000002770     BasePrintLib:PrintLibInternal.obj
 0002:00000900       ??_C@_0O@NMJOLAMF@Reserved?5?$CI29?$CJ?$AA@ 0000000000002780     BasePrintLib:PrintLibInternal.obj
 0002:00000910       ??_C@_0N@JEJDHPO@End?5of?5Media?$AA@ 0000000000002790     BasePrintLib:PrintLibInternal.obj
 0002:00000920       ??_C@_09BOMAGJEG@CRC?5Error?$AA@ 00000000000027a0     BasePrintLib:PrintLibInternal.obj
 0002:00000930       ??_C@_0BD@KHMPCIOG@Security?5Violation?$AA@ 00000000000027b0     BasePrintLib:PrintLibInternal.obj
 0002:00000948       ??_C@_0BF@EHOBGFMI@Incompatible?5Version?$AA@ 00000000000027c8     BasePrintLib:PrintLibInternal.obj
 0002:00000960       ??_C@_0P@NCJHBCLM@Protocol?5Error?$AA@ 00000000000027e0     BasePrintLib:PrintLibInternal.obj
 0002:00000970       ??_C@_0L@DJKNJKHM@TFTP?5Error?$AA@ 00000000000027f0     BasePrintLib:PrintLibInternal.obj
 0002:00000980       ??_C@_0L@LKIFCMNO@ICMP?5Error?$AA@ 0000000000002800     BasePrintLib:PrintLibInternal.obj
 0002:00000990       ??_C@_07LCKDCBKK@Aborted?$AA@ 0000000000002810     BasePrintLib:PrintLibInternal.obj
 0002:00000998       ??_C@_0BA@IGIBFFPH@Already?5started?$AA@ 0000000000002818     BasePrintLib:PrintLibInternal.obj
 0002:000009a8       ??_C@_0M@DCJFAFHJ@Not?5started?$AA@ 0000000000002828     BasePrintLib:PrintLibInternal.obj
 0002:000009b8       ??_C@_08PAFJCNGP@Time?5out?$AA@ 0000000000002838     BasePrintLib:PrintLibInternal.obj
 0002:000009c8       ??_C@_0L@IFPBNFC@No?5mapping?$AA@ 0000000000002848     BasePrintLib:PrintLibInternal.obj
 0002:000009d8       ??_C@_0M@ENKCBFEP@No?5Response?$AA@ 0000000000002858     BasePrintLib:PrintLibInternal.obj
 0002:000009e8       ??_C@_0O@NFHOBIDO@Access?5Denied?$AA@ 0000000000002868     BasePrintLib:PrintLibInternal.obj
 0002:000009f8       ??_C@_09CFCBFJND@Not?5Found?$AA@ 0000000000002878     BasePrintLib:PrintLibInternal.obj
 0002:00000a08       ??_C@_0O@JNCJKCCD@Media?5changed?$AA@ 0000000000002888     BasePrintLib:PrintLibInternal.obj
 0002:00000a18       ??_C@_08KEGAJDNN@No?5Media?$AA@ 0000000000002898     BasePrintLib:PrintLibInternal.obj
 0002:00000a28       ??_C@_0M@HDLEPOFA@Volume?5Full?$AA@ 00000000000028a8     BasePrintLib:PrintLibInternal.obj
 0002:00000a38       ??_C@_0P@EIOJGIF@Volume?5Corrupt?$AA@ 00000000000028b8     BasePrintLib:PrintLibInternal.obj
 0002:00000a48       ??_C@_0BB@GOILNEAA@Out?5of?5Resources?$AA@ 00000000000028c8     BasePrintLib:PrintLibInternal.obj
 0002:00000a60       ??_C@_0BA@LNEDDFNB@Write?5Protected?$AA@ 00000000000028e0     BasePrintLib:PrintLibInternal.obj
 0002:00000a70       ??_C@_0N@HHEABDHO@Device?5Error?$AA@ 00000000000028f0     BasePrintLib:PrintLibInternal.obj
 0002:00000a80       ??_C@_09NKFGCIPN@Not?5Ready?$AA@ 0000000000002900     BasePrintLib:PrintLibInternal.obj
 0002:00000a90       ??_C@_0BB@EGELJFOB@Buffer?5Too?5Small?$AA@ 0000000000002910     BasePrintLib:PrintLibInternal.obj
 0002:00000aa8       ??_C@_0BA@FLNMPMCF@Bad?5Buffer?5Size?$AA@ 0000000000002928     BasePrintLib:PrintLibInternal.obj
 0002:00000ab8       ??_C@_0M@BEECMOIL@Unsupported?$AA@ 0000000000002938     BasePrintLib:PrintLibInternal.obj
 0002:00000ac8       ??_C@_0BC@HOFHKGJN@Invalid?5Parameter?$AA@ 0000000000002948     BasePrintLib:PrintLibInternal.obj
 0002:00000ae0       ??_C@_0L@PLPBEPPC@Load?5Error?$AA@ 0000000000002960     BasePrintLib:PrintLibInternal.obj
 0002:00000af0       ??_C@_0BD@IFJNJCCO@Warning?5Stale?5Data?$AA@ 0000000000002970     BasePrintLib:PrintLibInternal.obj
 0002:00000b08       ??_C@_0BJ@ODIPDGHB@Warning?5Buffer?5Too?5Small?$AA@ 0000000000002988     BasePrintLib:PrintLibInternal.obj
 0002:00000b28       ??_C@_0BG@ECIJMOED@Warning?5Write?5Failure?$AA@ 00000000000029a8     BasePrintLib:PrintLibInternal.obj
 0002:00000b40       ??_C@_0BH@GKKCJEPJ@Warning?5Delete?5Failure?$AA@ 00000000000029c0     BasePrintLib:PrintLibInternal.obj
 0002:00000b58       ??_C@_0BG@CFJMNNJK@Warning?5Unknown?5Glyph?$AA@ 00000000000029d8     BasePrintLib:PrintLibInternal.obj
 0002:00000b70       ??_C@_07PBILKAFL@Success?$AA@ 00000000000029f0     BasePrintLib:PrintLibInternal.obj
 0002:00000b78       mHexStr                    00000000000029f8     BasePrintLib:PrintLibInternal.obj
 0002:00000b90       mStatusString              0000000000002a10     BasePrintLib:PrintLibInternal.obj
 0002:00000cc8       ??_C@_0DC@CHCEMEEB@q?3?2MdePkg?2Library?2BasePrintLib?2P@ 0000000000002b48     BasePrintLib:PrintLibInternal.obj
 0002:00000d00       ??_C@_0EG@NFDMKACK@?$CI?$CI?$CIFlags?5?$CG?50x00000040?$CJ?5?$CB?$DN?50?$CJ?$CJ?5?$HM?$HM@ 0000000000002b80     BasePrintLib:PrintLibInternal.obj
 0002:00000d50       ??_C@_0EM@FPGGOFNC@?$CI?$CI?$CIFlags?5?$CG?50x00000040?$CJ?5?$DN?$DN?50?$CJ?$CJ?5?$HM?$HM@ 0000000000002bd0     BasePrintLib:PrintLibInternal.obj
 0002:00000d9c       ??_C@_01LIIJDEN@?$AN?$AA@  0000000000002c1c     BasePrintLib:PrintLibInternal.obj
 0002:00000da0       ??_C@_04JIMNDDED@?$CF08X?$AA@ 0000000000002c20     BasePrintLib:PrintLibInternal.obj
 0002:00000da8       ??_C@_0O@MLOLIMFM@?$DMnull?5string?$DO?$AA@ 0000000000002c28     BasePrintLib:PrintLibInternal.obj
 0002:00000db8       ??_C@_0BK@FCPKCIDD@?$CF02d?1?$CF02d?1?$CF04d?5?5?$CF02d?3?$CF02d?$AA@ 0000000000002c38     BasePrintLib:PrintLibInternal.obj
 0002:00000dd8       ??_C@_0M@LHGBCIKM@?$DMnull?5time?$DO?$AA@ 0000000000002c58     BasePrintLib:PrintLibInternal.obj
 0002:00000de8       ??_C@_0DB@PMLHLBMO@?$CF08x?9?$CF04x?9?$CF04x?9?$CF02x?$CF02x?9?$CF02x?$CF02x@ 0000000000002c68     BasePrintLib:PrintLibInternal.obj
 0002:00000e20       ??_C@_0M@BJJDNPHK@?$DMnull?5guid?$DO?$AA@ 0000000000002ca0     BasePrintLib:PrintLibInternal.obj
 0002:00000e2c       ??_C@_02PCIJFNDE@?$AN?6?$AA@ 0000000000002cac     BasePrintLib:PrintLibInternal.obj
 0002:00000e30       ??_C@_0BL@BFEFANFD@AsciiStrSize?5?$CIFormat?$CJ?5?$CB?$DN?50?$AA@ 0000000000002cb0     BasePrintLib:PrintLibInternal.obj
 0002:00000e50       ??_C@_0CB@NIHAJGJE@StrSize?5?$CI?$CICHAR16?5?$CK?$CJ?5Format?$CJ?5?$CB?$DN?50@ 0000000000002cd0     BasePrintLib:PrintLibInternal.obj
 0002:00000e78       ??_C@_0CP@CPEPIGGJ@q?3?2MdePkg?2Library?2BaseLib?2DivU64@ 0000000000002cf8     BaseLib:DivU64x32Remainder.obj
 0002:00000ea8       gImageHandle               0000000000002d28     UefiBootServicesTableLib:UefiBootServicesTableLib.obj
 0002:00000eb0       gST                        0000000000002d30     UefiBootServicesTableLib:UefiBootServicesTableLib.obj
 0002:00000eb8       gBS                        0000000000002d38     UefiBootServicesTableLib:UefiBootServicesTableLib.obj
 0002:00000ec0       gRT                        0000000000002d40     UefiRuntimeServicesTableLib:UefiRuntimeServicesTableLib.obj

 entry point at        0001:00000000

 Static symbols

