 ReadEDID

 Timestamp is 62161076 (Wed Feb 23 18:46:14 2022)

 Preferred load address is 0000000000000000

 Start         Length     Name                   Class
 0001:00000000 00001ea6H .text                   CODE
 0002:00000000 00000010H .data                   DATA
 0002:00000010 00001507H .rdata                  DATA
 0002:00001518 00000038H .bss                    DATA
 0003:00000000 0000015cH .pdata                  DATA
 0004:00000000 000000b0H .xdata                  DATA

  Address         Publics by Value              Rva+Base               Lib:Object

 0001:00000000       _ModuleEntryPoint          00000000000002a0 f   UefiApplicationEntryPoint:ApplicationEntryPoint.obj
 0001:00000064       ProcessLibraryConstructorList 0000000000000304 f   ReadEDID:AutoGen.obj
 0001:000001a4       ProcessModuleEntryPointList 0000000000000444 f   ReadEDID:AutoGen.obj
 0001:000001ac       ShowDigitalBitDepth        000000000000044c f   ReadEDID:ReadEDID.obj
 0001:000002b4       ShowVideoInterface         0000000000000554 f   ReadEDID:ReadEDID.obj
 0001:0000034c       ShowDigitalDisplayType     00000000000005ec f   ReadEDID:ReadEDID.obj
 0001:000003c0       ShowAnalogBitDepth         0000000000000660 f   ReadEDID:ReadEDID.obj
 0001:00000434       ShowAnalogDisplayType      00000000000006d4 f   ReadEDID:ReadEDID.obj
 0001:000004a8       ShowGamma                  0000000000000748 f   ReadEDID:ReadEDID.obj
 0001:0000050c       ShowManufacTiming          00000000000007ac f   ReadEDID:ReadEDID.obj
 0001:00000544       ImageRatioShow             00000000000007e4 f   ReadEDID:ReadEDID.obj
 0001:000005b8       PrintEdid                  0000000000000858 f   ReadEDID:ReadEDID.obj
 0001:000007d4       GetEDIDInfo                0000000000000a74 f   ReadEDID:ReadEDID.obj
 0001:00000958       DebugPrint                 0000000000000bf8 f   BaseDebugLibNull:DebugLib.obj
 0001:00000964       ProcessLibraryDestructorList 0000000000000c04 f   ReadEDID:AutoGen.obj
 0001:00000964       DebugAssert                0000000000000c04 f   BaseDebugLibNull:DebugLib.obj
 0001:00000968       DebugPrintLevelEnabled     0000000000000c08 f   BaseDebugLibNull:DebugLib.obj
 0001:00000968       DebugAssertEnabled         0000000000000c08 f   BaseDebugLibNull:DebugLib.obj
 0001:00000968       DebugPrintEnabled          0000000000000c08 f   BaseDebugLibNull:DebugLib.obj
 0001:0000096c       UefiBootServicesTableLibConstructor 0000000000000c0c f   UefiBootServicesTableLib:UefiBootServicesTableLib.obj
 0001:00000a18       UefiRuntimeServicesTableLibConstructor 0000000000000cb8 f   UefiRuntimeServicesTableLib:UefiRuntimeServicesTableLib.obj
 0001:00000a5c       UefiLibConstructor         0000000000000cfc f   UefiLib:UefiLib.obj
 0001:00000a60       InternalPrint              0000000000000d00 f   UefiLib:UefiLibPrint.obj
 0001:00000b80       Print                      0000000000000e20 f   UefiLib:UefiLibPrint.obj
 0001:00000bb0       ManufacturerAbbrev         0000000000000e50 f   MYLIB_StringLib:MYLIB_StringLib.obj
 0001:00000c0c       CheckBit                   0000000000000eac f   MYLIB_StringLib:MYLIB_StringLib.obj
 0001:00000c18       ShowAsciiStr               0000000000000eb8 f   MYLIB_StringLib:MYLIB_StringLib.obj
 0001:00000c6c       ReadUnaligned16            0000000000000f0c f   BaseLib:Unaligned.obj
 0001:00000ca4       ReadUnaligned32            0000000000000f44 f   BaseLib:Unaligned.obj
 0001:00000cdc       StrLen                     0000000000000f7c f   BaseLib:String.obj
 0001:00000d94       StrSize                    0000000000001034 f   BaseLib:String.obj
 0001:00000da8       AsciiStrLen                0000000000001048 f   BaseLib:String.obj
 0001:00000e30       AsciiStrSize               00000000000010d0 f   BaseLib:String.obj
 0001:00000e44       InternalMathDivRemU64x32   00000000000010e4 f   BaseLib:Math64.obj
 0001:00000e60       InternalAllocatePool       0000000000001100 f   UefiMemoryAllocationLib:MemoryAllocationLib.obj
 0001:00000e8c       AllocatePool               000000000000112c f   UefiMemoryAllocationLib:MemoryAllocationLib.obj
 0001:00000e9c       FreePool                   000000000000113c f   UefiMemoryAllocationLib:MemoryAllocationLib.obj
 0001:00000f10       UnicodeVSPrint             00000000000011b0 f   BasePrintLib:PrintLib.obj
 0001:00000fb4       BasePrintLibFillBuffer     0000000000001254 f   BasePrintLib:PrintLibInternal.obj
 0001:00000fe8       BasePrintLibValueToString  0000000000001288 f   BasePrintLib:PrintLibInternal.obj
 0001:00001038       BasePrintLibSPrintMarker   00000000000012d8 f   BasePrintLib:PrintLibInternal.obj
 0001:00001e2c       BasePrintLibSPrint         00000000000020cc f   BasePrintLib:PrintLibInternal.obj
 0001:00001e50       DivU64x32Remainder         00000000000020f0 f   BaseLib:DivU64x32Remainder.obj
 0002:00000000       gEfiEdidDiscoveredProtocolGuid 0000000000002160     ReadEDID:AutoGen.obj
 0002:00000010       _gPcd_FixedAtBuild_PcdMaximumAsciiStringLength 0000000000002170     ReadEDID:AutoGen.obj
 0002:00000010       _gPcd_FixedAtBuild_PcdMaximumUnicodeStringLength 0000000000002170     ReadEDID:AutoGen.obj
 0002:00000014       _gPcd_FixedAtBuild_PcdUefiLibMaxPrintBufferSize 0000000000002174     ReadEDID:AutoGen.obj
 0002:00000018       _gUefiDriverRevision       0000000000002178     ReadEDID:AutoGen.obj
 0002:00000020       ??_C@_0FG@HODHLOKE@q?3?2Build?2MyPkg?2RELEASE_DEVTLS?2X6@ 0000000000002180     ReadEDID:AutoGen.obj
 0002:00000078       ??_C@_0BE@DCHLEIGN@?$CBEFI_ERROR?5?$CIStatus?$CJ?$AA@ 00000000000021d8     ReadEDID:AutoGen.obj
 0002:00000090       ??_C@_0CB@DMEJJJHA@?6ASSERT_EFI_ERROR?5?$CIStatus?5?$DN?5?$CFr?$CJ?6@ 00000000000021f0     ReadEDID:AutoGen.obj
 0002:000000b4       ??_C@_13LBAGMAIH@?$AA?6?$AA?$AA@ 0000000000002214     ReadEDID:ReadEDID.obj
 0002:000000b8       ??_C@_1BE@MMALLPKO@?$AAu?$AAn?$AAd?$AAe?$AAf?$AAi?$AAn?$AAe?$AAd?$AA?$AA@ 0000000000002218     ReadEDID:ReadEDID.obj
 0002:000000d0       ??_C@_1CC@MCGBPMHH@?$AA6?$AA?5?$AAb?$AAi?$AAt?$AAs?$AA?5?$AAp?$AAe?$AAr?$AA?5?$AAc?$AAo?$AAl?$AAo?$AAr?$AA?$AA@ 0000000000002230     ReadEDID:ReadEDID.obj
 0002:000000f8       ??_C@_1CC@OGAPJFDC@?$AA8?$AA?5?$AAb?$AAi?$AAt?$AAs?$AA?5?$AAp?$AAe?$AAr?$AA?5?$AAc?$AAo?$AAl?$AAo?$AAr?$AA?$AA@ 0000000000002258     ReadEDID:ReadEDID.obj
 0002:00000120       ??_C@_1CE@FPGJLAAM@?$AA1?$AA0?$AA?5?$AAb?$AAi?$AAt?$AAs?$AA?5?$AAp?$AAe?$AAr?$AA?5?$AAc?$AAo?$AAl?$AAo?$AAr?$AA?$AA@ 0000000000002280     ReadEDID:ReadEDID.obj
 0002:00000148       ??_C@_1CE@BGGNBCGA@?$AA1?$AA2?$AA?5?$AAb?$AAi?$AAt?$AAs?$AA?5?$AAp?$AAe?$AAr?$AA?5?$AAc?$AAo?$AAl?$AAo?$AAr?$AA?$AA@ 00000000000022a8     ReadEDID:ReadEDID.obj
 0002:00000170       ??_C@_1CE@MNGAPENE@?$AA1?$AA4?$AA?5?$AAb?$AAi?$AAt?$AAs?$AA?5?$AAp?$AAe?$AAr?$AA?5?$AAc?$AAo?$AAl?$AAo?$AAr?$AA?$AA@ 00000000000022d0     ReadEDID:ReadEDID.obj
 0002:00000198       ??_C@_1CE@IEGEFGLI@?$AA1?$AA6?$AA?5?$AAb?$AAi?$AAt?$AAs?$AA?5?$AAp?$AAe?$AAr?$AA?5?$AAc?$AAo?$AAl?$AAo?$AAr?$AA?$AA@ 00000000000022f8     ReadEDID:ReadEDID.obj
 0002:000001c0       ??_C@_1BC@BIAHJJFB@?$AAR?$AAe?$AAs?$AAe?$AAr?$AAv?$AAe?$AAd?$AA?$AA@ 0000000000002320     ReadEDID:ReadEDID.obj
 0002:000001d8       ??_C@_1M@DMEBEDLK@?$AAH?$AAD?$AAM?$AAI?$AAa?$AA?$AA@ 0000000000002338     ReadEDID:ReadEDID.obj
 0002:000001e8       ??_C@_1M@COPEOMFE@?$AAH?$AAD?$AAM?$AAI?$AAb?$AA?$AA@ 0000000000002348     ReadEDID:ReadEDID.obj
 0002:000001f8       ??_C@_19KIDDIIED@?$AAM?$AAD?$AAD?$AAI?$AA?$AA@ 0000000000002358     ReadEDID:ReadEDID.obj
 0002:00000208       ??_C@_1BI@HCGHAEGA@?$AAD?$AAi?$AAs?$AAp?$AAl?$AAa?$AAy?$AAP?$AAo?$AAr?$AAt?$AA?$AA@ 0000000000002368     ReadEDID:ReadEDID.obj
 0002:00000220       ??_C@_1BE@GDBCMBLI@?$AAR?$AAG?$AAB?$AA?5?$AA4?$AA?3?$AA4?$AA?3?$AA4?$AA?$AA@ 0000000000002380     ReadEDID:ReadEDID.obj
 0002:00000238       ??_C@_1DA@PBGDFOOL@?$AAR?$AAG?$AAB?$AA?5?$AA4?$AA?3?$AA4?$AA?3?$AA4?$AA?5?$AA?$CL?$AA?5?$AAY?$AAC?$AAr?$AAC?$AAb?$AA?5?$AA4?$AA?3?$AA2?$AA?3?$AA2?$AA?$AA@ 0000000000002398     ReadEDID:ReadEDID.obj
 0002:00000268       ??_C@_1DA@BCGHAILA@?$AAR?$AAG?$AAB?$AA?5?$AA4?$AA?3?$AA4?$AA?3?$AA4?$AA?5?$AA?$CL?$AA?5?$AAY?$AAC?$AAr?$AAC?$AAb?$AA?5?$AA4?$AA?3?$AA4?$AA?3?$AA4?$AA?$AA@ 00000000000023c8     ReadEDID:ReadEDID.obj
 0002:000002a0       ??_C@_1EM@LGBMFOFA@?$AAR?$AAG?$AAB?$AA?5?$AA4?$AA?3?$AA4?$AA?3?$AA4?$AA?5?$AA?$CL?$AA?5?$AAY?$AAC?$AAr?$AAC?$AAb?$AA?5?$AA4?$AA?3?$AA4?$AA?3?$AA4?$AA?5?$AA?$CL?$AA?5?$AAY?$AAC?$AAr?$AAC?$AAb?$AA?5@ 0000000000002400     ReadEDID:ReadEDID.obj
 0002:000002f0       ??_C@_1BI@FLPOJLCF@?$AA?$CL?$AA0?$AA?4?$AA7?$AA?1?$AA?$DP?$AA0?$AA?4?$AA3?$AA?5?$AAV?$AA?$AA@ 0000000000002450     ReadEDID:ReadEDID.obj
 0002:00000308       ??_C@_1CA@OEIBBIFC@?$AA?$CL?$AA0?$AA?4?$AA7?$AA1?$AA4?$AA?1?$AA?$DP?$AA0?$AA?4?$AA2?$AA8?$AA6?$AA?5?$AAV?$AA?$AA@ 0000000000002468     ReadEDID:ReadEDID.obj
 0002:00000328       ??_C@_1BI@KHDNPMJI@?$AA?$CL?$AA1?$AA?4?$AA0?$AA?1?$AA?$DP?$AA0?$AA?4?$AA4?$AA?5?$AAV?$AA?$AA@ 0000000000002488     ReadEDID:ReadEDID.obj
 0002:00000340       ??_C@_1BO@BOFHBFLL@?$AA?$CL?$AA0?$AA?4?$AA7?$AA?1?$AA0?$AA?5?$AAV?$AA?5?$AA?$CI?$AAE?$AAV?$AAC?$AA?$CJ?$AA?$AA@ 00000000000024a0     ReadEDID:ReadEDID.obj
 0002:00000360       ??_C@_1DA@JOAENBII@?$AAm?$AAo?$AAn?$AAo?$AAc?$AAh?$AAr?$AAo?$AAm?$AAe?$AA?5?$AAo?$AAr?$AA?5?$AAg?$AAr?$AAa?$AAy?$AAs?$AAc?$AAa?$AAl?$AAe?$AA?$AA@ 00000000000024c0     ReadEDID:ReadEDID.obj
 0002:00000390       ??_C@_1BM@MKMPAPOJ@?$AAn?$AAo?$AAn?$AA?9?$AAR?$AAG?$AAB?$AA?5?$AAc?$AAo?$AAl?$AAo?$AAr?$AA?$AA@ 00000000000024f0     ReadEDID:ReadEDID.obj
 0002:000003b0       ??_C@_1BE@BADDEJOB@?$AAR?$AAG?$AAB?$AA?5?$AAc?$AAo?$AAl?$AAo?$AAr?$AA?$AA@ 0000000000002510     ReadEDID:ReadEDID.obj
 0002:000003c8       ??_C@_1BA@JNHOMMGI@?$AA?5?$AAg?$AAa?$AAm?$AAm?$AAa?$AA?6?$AA?$AA@ 0000000000002528     ReadEDID:ReadEDID.obj
 0002:000003d8       ??_C@_13JOFGPIOO@?$AA?4?$AA?$AA@ 0000000000002538     ReadEDID:ReadEDID.obj
 0002:000003dc       ??_C@_15KNBIKKIN@?$AA?$CF?$AAd?$AA?$AA@ 000000000000253c     ReadEDID:ReadEDID.obj
 0002:000003f0       ??_C@_1FE@NMLNIAOM@?$AAO?$AAt?$AAh?$AAe?$AAr?$AA?5?$AAm?$AAa?$AAn?$AAu?$AAf?$AAa?$AAc?$AAt?$AAu?$AAr?$AAe?$AAr?$AA?9?$AAs?$AAp?$AAe?$AAc?$AAi?$AAf?$AAi?$AAc?$AA?5?$AAd?$AAi?$AAs?$AAp@ 0000000000002550     ReadEDID:ReadEDID.obj
 0002:00000450       ??_C@_1EM@IDNFFLGM@?$AA1?$AA1?$AA5?$AA2?$AAx?$AA8?$AA7?$AA0?$AA?5?$AA?$EA?$AA?5?$AA7?$AA5?$AA?5?$AAH?$AAz?$AA?5?$AA?$CI?$AAA?$AAp?$AAp?$AAl?$AAe?$AA?5?$AAM?$AAa?$AAc?$AAi?$AAn?$AAt?$AAo?$AAs@ 00000000000025b0     ReadEDID:ReadEDID.obj
 0002:000004a0       ??_C@_1M@EFELNCJI@?$AA1?$AA6?$AA?3?$AA1?$AA0?$AA?$AA@ 0000000000002600     ReadEDID:ReadEDID.obj
 0002:000004b0       ??_C@_17NMCFAOJF@?$AA4?$AA?3?$AA3?$AA?$AA@ 0000000000002610     ReadEDID:ReadEDID.obj
 0002:000004b8       ??_C@_17INFIDGLC@?$AA5?$AA?3?$AA4?$AA?$AA@ 0000000000002618     ReadEDID:ReadEDID.obj
 0002:000004c0       ??_C@_19PACELHJF@?$AA1?$AA6?$AA?3?$AA9?$AA?$AA@ 0000000000002620     ReadEDID:ReadEDID.obj
 0002:000004d0       ??_C@_1EC@MAEICGGP@?$AAF?$AAi?$AAe?$AAl?$AAd?$AA?5?$AAR?$AAe?$AAf?$AAr?$AAe?$AAs?$AAh?$AA?5?$AAR?$AAa?$AAt?$AAe?$AA?5?$AA?5?$AA?5?$AA?5?$AA?5?$AA?3?$AA?5?$AA?$CF?$AAl?$AAd?$AA?5?$AAH?$AAz?$AA?6@ 0000000000002630     ReadEDID:ReadEDID.obj
 0002:00000518       ??_C@_1DE@LBKDNCO@?$AAI?$AAm?$AAa?$AAg?$AAe?$AA?5?$AAA?$AAs?$AAp?$AAe?$AAc?$AAt?$AA?5?$AAR?$AAa?$AAt?$AAi?$AAo?$AA?5?$AA?5?$AA?5?$AA?5?$AA?5?$AA?3?$AA?5?$AA?$AA@ 0000000000002678     ReadEDID:ReadEDID.obj
 0002:00000550       ??_C@_1EK@FAMFLCGB@?$AAR?$AAe?$AAs?$AAo?$AAl?$AAu?$AAt?$AAi?$AAo?$AAn?$AA?5?$AA?5?$AA?5?$AA?5?$AA?5?$AA?5?$AA?5?$AA?5?$AA?5?$AA?5?$AA?5?$AA?5?$AA?5?$AA?3?$AA?5?$AA?$CF?$AAl?$AAd?$AA?5?$AAp?$AAi?$AAx@ 00000000000026b0     ReadEDID:ReadEDID.obj
 0002:000005a0       ??_C@_1DE@LEJLHPLB@?$AAM?$AAa?$AAn?$AAu?$AAf?$AAa?$AAc?$AAt?$AAu?$AAr?$AAe?$AAr?$AA?8?$AAs?$AA?5?$AAT?$AAi?$AAm?$AAi?$AAn?$AAg?$AAs?$AA?5?$AA?3?$AA?5?$AA?$AA@ 0000000000002700     ReadEDID:ReadEDID.obj
 0002:000005e0       ??_C@_1EC@BLBDHIBD@?$AAM?$AAa?$AAx?$AA?5?$AAV?$AAe?$AAr?$AAt?$AAi?$AAc?$AAa?$AAl?$AA?5?$AA?5?$AAS?$AAi?$AAz?$AAe?$AA?5?$AA?5?$AA?5?$AA?5?$AA?5?$AA?3?$AA?5?$AA?$CF?$AA1?$AAd?$AA?5?$AAc?$AAm?$AA?6@ 0000000000002740     ReadEDID:ReadEDID.obj
 0002:00000630       ??_C@_1EC@NDOFIIHH@?$AAM?$AAa?$AAx?$AA?5?$AAH?$AAo?$AAr?$AAi?$AAz?$AAo?$AAn?$AAa?$AAl?$AA?5?$AAS?$AAi?$AAz?$AAe?$AA?5?$AA?5?$AA?5?$AA?5?$AA?5?$AA?3?$AA?5?$AA?$CF?$AA1?$AAd?$AA?5?$AAc?$AAm?$AA?6@ 0000000000002790     ReadEDID:ReadEDID.obj
 0002:00000678       ??_C@_1DE@GDHIAFDL@?$AAD?$AAi?$AAs?$AAp?$AAl?$AAa?$AAy?$AA?5?$AAG?$AAa?$AAm?$AAm?$AAa?$AA?5?$AA?5?$AA?5?$AA?5?$AA?5?$AA?5?$AA?5?$AA?5?$AA?5?$AA?5?$AA?3?$AA?5?$AA?$AA@ 00000000000027d8     ReadEDID:ReadEDID.obj
 0002:000006b0       ??_C@_1BA@NPLPKAGA@?$AAA?$AAn?$AAa?$AAl?$AAo?$AAg?$AA?6?$AA?$AA@ 0000000000002810     ReadEDID:ReadEDID.obj
 0002:000006c0       ??_C@_1DE@BGKNGLKK@?$AAD?$AAi?$AAs?$AAp?$AAl?$AAa?$AAy?$AA?5?$AAT?$AAy?$AAp?$AAe?$AA?5?$AA?5?$AA?5?$AA?5?$AA?5?$AA?5?$AA?5?$AA?5?$AA?5?$AA?5?$AA?5?$AA?3?$AA?5?$AA?$AA@ 0000000000002820     ReadEDID:ReadEDID.obj
 0002:000006f8       ??_C@_1DE@IDLOAHHA@?$AAV?$AAi?$AAd?$AAe?$AAo?$AA?5?$AAI?$AAn?$AAt?$AAe?$AAr?$AAf?$AAa?$AAc?$AAe?$AA?5?$AA?5?$AA?5?$AA?5?$AA?5?$AA?5?$AA?5?$AA?5?$AA?3?$AA?5?$AA?$AA@ 0000000000002858     ReadEDID:ReadEDID.obj
 0002:00000730       ??_C@_1DE@HDHAHEGK@?$AAB?$AAi?$AAt?$AA?5?$AAD?$AAe?$AAp?$AAt?$AAh?$AA?5?$AA?5?$AA?5?$AA?5?$AA?5?$AA?5?$AA?5?$AA?5?$AA?5?$AA?5?$AA?5?$AA?5?$AA?5?$AA?5?$AA?3?$AA?5?$AA?$AA@ 0000000000002890     ReadEDID:ReadEDID.obj
 0002:00000768       ??_C@_1BC@GCHIMNHP@?$AAD?$AAi?$AAg?$AAi?$AAt?$AAa?$AAl?$AA?6?$AA?$AA@ 00000000000028c8     ReadEDID:ReadEDID.obj
 0002:00000780       ??_C@_1DE@NCCMNMEJ@?$AAV?$AAi?$AAd?$AAe?$AAo?$AA?5?$AAI?$AAn?$AAp?$AAu?$AAt?$AA?5?$AA?5?$AA?5?$AA?5?$AA?5?$AA?5?$AA?5?$AA?5?$AA?5?$AA?5?$AA?5?$AA?5?$AA?3?$AA?5?$AA?$AA@ 00000000000028e0     ReadEDID:ReadEDID.obj
 0002:000007b8       ??_C@_1DK@GLKJLHLC@?$AAM?$AAa?$AAn?$AAu?$AAf?$AAa?$AAc?$AAt?$AAu?$AAr?$AAe?$AA?5?$AAY?$AAe?$AAa?$AAr?$AA?5?$AA?5?$AA?5?$AA?5?$AA?5?$AA?5?$AA?5?$AA?3?$AA?5?$AA?$CF?$AAd?$AA?6?$AA?$AA@ 0000000000002918     ReadEDID:ReadEDID.obj
 0002:000007f8       ??_C@_1DK@KJABJGPC@?$AAM?$AAa?$AAn?$AAu?$AAf?$AAa?$AAc?$AAt?$AAu?$AAr?$AAe?$AA?5?$AAW?$AAe?$AAe?$AAk?$AA?5?$AA?5?$AA?5?$AA?5?$AA?5?$AA?5?$AA?5?$AA?3?$AA?5?$AA?$CF?$AAd?$AA?6?$AA?$AA@ 0000000000002958     ReadEDID:ReadEDID.obj
 0002:00000838       ??_C@_19LNCFIABH@?$AA?$CF?$AAl?$AAX?$AA?6?$AA?$AA@ 0000000000002998     ReadEDID:ReadEDID.obj
 0002:00000848       ??_C@_1BI@NCLLPCLD@?$AA?$DM?$AAN?$AAO?$AAN?$AAE?$AA?5?$AAU?$AAS?$AAE?$AA?$DO?$AA?6?$AA?$AA@ 00000000000029a8     ReadEDID:ReadEDID.obj
 0002:00000860       ??_C@_1DE@KHGFMJGF@?$AAS?$AAe?$AAr?$AAi?$AAa?$AAl?$AA?5?$AAN?$AAu?$AAm?$AAb?$AAe?$AAr?$AA?5?$AA?5?$AA?5?$AA?5?$AA?5?$AA?5?$AA?5?$AA?5?$AA?5?$AA?5?$AA?3?$AA?5?$AA?$AA@ 00000000000029c0     ReadEDID:ReadEDID.obj
 0002:00000898       ??_C@_1DM@BCBBKPCJ@?$AAP?$AAr?$AAo?$AAd?$AAu?$AAc?$AAt?$AA?5?$AAI?$AAD?$AA?5?$AA?5?$AA?5?$AA?5?$AA?5?$AA?5?$AA?5?$AA?5?$AA?5?$AA?5?$AA?5?$AA?5?$AA?5?$AA?3?$AA?5?$AA?$CF?$AAl?$AAX?$AA?6?$AA?$AA@ 00000000000029f8     ReadEDID:ReadEDID.obj
 0002:000008d8       ??_C@_1DK@GPPLFNIF@?$AAV?$AAe?$AAn?$AAd?$AAo?$AAr?$AA?5?$AA?5?$AAI?$AAD?$AA?5?$AA?5?$AA?5?$AA?5?$AA?5?$AA?5?$AA?5?$AA?5?$AA?5?$AA?5?$AA?5?$AA?5?$AA?5?$AA?3?$AA?5?$AA?$CF?$AAs?$AA?6?$AA?$AA@ 0000000000002a38     ReadEDID:ReadEDID.obj
 0002:00000914       ??_C@_15GANGMFKL@?$AA?$CF?$AAs?$AA?$AA@ 0000000000002a74     ReadEDID:ReadEDID.obj
 0002:00000920       ??_C@_1DE@DBCJKGNJ@?$AAM?$AAo?$AAd?$AAe?$AAl?$AA?5?$AA?5?$AA?5?$AAI?$AAD?$AA?5?$AA?5?$AA?5?$AA?5?$AA?5?$AA?5?$AA?5?$AA?5?$AA?5?$AA?5?$AA?5?$AA?5?$AA?5?$AA?3?$AA?5?$AA?$AA@ 0000000000002a80     ReadEDID:ReadEDID.obj
 0002:00000960       ??_C@_1EE@CKBAFHBL@?$AAE?$AAD?$AAI?$AAD?$AA?5?$AAV?$AAe?$AAr?$AAs?$AAi?$AAo?$AAn?$AA?5?$AA?5?$AA?5?$AA?5?$AA?5?$AA?5?$AA?5?$AA?5?$AA?5?$AA?5?$AA?5?$AA?3?$AA?5?$AAV?$AA?5?$AA?$CF?$AAd?$AA?4?$AA?$CF?$AAd@ 0000000000002ac0     ReadEDID:ReadEDID.obj
 0002:000009b0       ??_C@_1EI@EMDNBGIN@?$AAE?$AAR?$AAR?$AAO?$AAR?$AA?5?$AA?3?$AA?5?$AAO?$AAP?$AAE?$AAN?$AA?5?$AAE?$AAD?$AAI?$AAD?$AA?5?$AAP?$AAR?$AAO?$AAT?$AAO?$AAC?$AAO?$AAL?$AA?5?$AAF?$AAA?$AAI?$AAL?$AAE@ 0000000000002b10     ReadEDID:ReadEDID.obj
 0002:00000a00       ??_C@_1FE@IHIDOFCO@?$AAE?$AAR?$AAR?$AAO?$AAR?$AA?5?$AA?3?$AA?5?$AAC?$AAL?$AAO?$AAS?$AAE?$AA?5?$AAE?$AAD?$AAI?$AAD?$AA?5?$AAD?$AAE?$AAV?$AAI?$AAC?$AAE?$AA?5?$AAH?$AAA?$AAN?$AAD?$AAL?$AAE@ 0000000000002b60     ReadEDID:ReadEDID.obj
 0002:00000a58       ??_C@_1M@OLEMGGOE@?$AA?$CF?$AA0?$AA2?$AAX?$AA?5?$AA?$AA@ 0000000000002bb8     ReadEDID:ReadEDID.obj
 0002:00000a68       ??_C@_1BA@DOBGDKDN@?$AA?$CF?$AA0?$AA2?$AAl?$AAx?$AA?5?$AA?5?$AA?$AA@ 0000000000002bc8     ReadEDID:ReadEDID.obj
 0002:00000a80       ??_C@_1GM@LPHCAOJB@?$AA?5?$AA?5?$AA?5?$AA?5?$AA0?$AA0?$AA?5?$AA0?$AA1?$AA?5?$AA0?$AA2?$AA?5?$AA0?$AA3?$AA?5?$AA0?$AA4?$AA?5?$AA0?$AA5?$AA?5?$AA0?$AA6?$AA?5?$AA0?$AA7?$AA?5?$AA0?$AA8?$AA?5?$AA0@ 0000000000002be0     ReadEDID:ReadEDID.obj
 0002:00000af0       ??_C@_1CC@MMONCFFJ@?$AAE?$AAD?$AAI?$AAD?$AA?5?$AAs?$AAi?$AAz?$AAe?$AA?5?$AA?5?$AA?3?$AA?5?$AA?$CF?$AAd?$AA?6?$AA?$AA@ 0000000000002c50     ReadEDID:ReadEDID.obj
 0002:00000b18       ??_C@_1CC@FMFHIHEI@?$AAE?$AAD?$AAI?$AAD?$AA?5?$AAc?$AAo?$AAu?$AAn?$AAt?$AA?5?$AA?3?$AA?5?$AA?$CF?$AAd?$AA?6?$AA?$AA@ 0000000000002c78     ReadEDID:ReadEDID.obj
 0002:00000b40       ??_C@_1FG@JALELLGN@?$AAE?$AAR?$AAR?$AAO?$AAR?$AA?5?$AA?3?$AA?5?$AAC?$AAA?$AAN?$AA?8?$AAT?$AA?5?$AAG?$AAE?$AAT?$AA?5?$AAE?$AAd?$AAi?$AAd?$AAD?$AAi?$AAs?$AAc?$AAo?$AAv?$AAe?$AAr?$AAe?$AAd@ 0000000000002ca0     ReadEDID:ReadEDID.obj
 0002:00000b98       ??_C@_0BE@BDFJLGLN@gBS?5?$CB?$DN?5?$CI?$CIvoid?5?$CK?$CJ?50?$CJ?$AA@ 0000000000002cf8     UefiBootServicesTableLib:UefiBootServicesTableLib.obj
 0002:00000bb0       ??_C@_0BE@DGNHAHIL@gST?5?$CB?$DN?5?$CI?$CIvoid?5?$CK?$CJ?50?$CJ?$AA@ 0000000000002d10     UefiBootServicesTableLib:UefiBootServicesTableLib.obj
 0002:00000bd0       ??_C@_0EG@IHBEIGJL@q?3?2MdePkg?2Library?2UefiBootServic@ 0000000000002d30     UefiBootServicesTableLib:UefiBootServicesTableLib.obj
 0002:00000c18       ??_C@_0BN@COECPDCC@gImageHandle?5?$CB?$DN?5?$CI?$CIvoid?5?$CK?$CJ?50?$CJ?$AA@ 0000000000002d78     UefiBootServicesTableLib:UefiBootServicesTableLib.obj
 0002:00000c40       ??_C@_0EM@DLKNJEFG@q?3?2MdePkg?2Library?2UefiRuntimeSer@ 0000000000002da0     UefiRuntimeServicesTableLib:UefiRuntimeServicesTableLib.obj
 0002:00000c90       ??_C@_0BE@OBDFIHND@gRT?5?$CB?$DN?5?$CI?$CIvoid?5?$CK?$CJ?50?$CJ?$AA@ 0000000000002df0     UefiRuntimeServicesTableLib:UefiRuntimeServicesTableLib.obj
 0002:00000ca8       ??_C@_0BH@IACGKAP@Buffer?5?$CB?$DN?5?$CI?$CIvoid?5?$CK?$CJ?50?$CJ?$AA@ 0000000000002e08     UefiLib:UefiLibPrint.obj
 0002:00000cc0       ??_C@_0BI@DIKLKBJC@Console?5?$CB?$DN?5?$CI?$CIvoid?5?$CK?$CJ?50?$CJ?$AA@ 0000000000002e20     UefiLib:UefiLibPrint.obj
 0002:00000cd8       ??_C@_0CD@NJDNMGBE@?$CI?$CIUINTN?$CJ?5Format?5?$CG?50x00000001?$CJ?5?$DN?$DN@ 0000000000002e38     UefiLib:UefiLibPrint.obj
 0002:00000d00       ??_C@_0CJ@ICOLKBCP@q?3?2MdePkg?2Library?2UefiLib?2UefiLi@ 0000000000002e60     UefiLib:UefiLibPrint.obj
 0002:00000d30       ??_C@_0BH@LKMBFCBF@Format?5?$CB?$DN?5?$CI?$CIvoid?5?$CK?$CJ?50?$CJ?$AA@ 0000000000002e90     UefiLib:UefiLibPrint.obj
 0002:00000d48       ??_C@_0CG@MHAECJIA@q?3?2MdePkg?2Library?2BaseLib?2Unalig@ 0000000000002ea8     BaseLib:Unaligned.obj
 0002:00000d70       ??_C@_0DK@EOJCOAME@Length?5?$DM?5_gPcd_FixedAtBuild_PcdM@ 0000000000002ed0     BaseLib:String.obj
 0002:00000db0       ??_C@_0CD@BDCLIGHD@?$CI?$CIUINTN?$CJ?5String?5?$CG?50x00000001?$CJ?5?$DN?$DN@ 0000000000002f10     BaseLib:String.obj
 0002:00000dd8       ??_C@_0CD@OOJADBME@q?3?2MdePkg?2Library?2BaseLib?2String@ 0000000000002f38     BaseLib:String.obj
 0002:00000e00       ??_C@_0BH@MAAHKCPC@String?5?$CB?$DN?5?$CI?$CIvoid?5?$CK?$CJ?50?$CJ?$AA@ 0000000000002f60     BaseLib:String.obj
 0002:00000e18       ??_C@_0DI@MDIKFADO@Length?5?$DM?5_gPcd_FixedAtBuild_PcdM@ 0000000000002f78     BaseLib:String.obj
 0002:00000e50       ??_C@_0N@KGHEHMDL@Divisor?5?$CB?$DN?50?$AA@ 0000000000002fb0     BaseLib:DivU64x32.obj
 0002:00000e60       ??_C@_0EA@JCDEKIGH@q?3?2MdePkg?2Library?2UefiMemoryAllo@ 0000000000002fc0     UefiMemoryAllocationLib:MemoryAllocationLib.obj
 0002:00000ea0       ??_C@_0CH@KJLBGOBB@?$CI?$CI?$CIUINTN?$CJ?5?$CIFormatString?$CJ?$CJ?5?$CG?50x01@ 0000000000003000     BasePrintLib:PrintLib.obj
 0002:00000ec8       ??_C@_0CK@LOLCLJPB@q?3?2MdePkg?2Library?2BasePrintLib?2P@ 0000000000003028     BasePrintLib:PrintLib.obj
 0002:00000ef8       ??_C@_0CI@BGLNHBLM@?$CI?$CI?$CIUINTN?$CJ?5?$CIStartOfBuffer?$CJ?$CJ?5?$CG?50x0@ 0000000000003058     BasePrintLib:PrintLib.obj
 0002:00000f20       ??_C@_0BB@MFGDFIJM@Compromised?5Data?$AA@ 0000000000003080     BasePrintLib:PrintLibInternal.obj
 0002:00000f38       ??_C@_0BB@KFJAMCOC@Invalid?5Language?$AA@ 0000000000003098     BasePrintLib:PrintLibInternal.obj
 0002:00000f50       ??_C@_0M@FKGOBENP@End?5of?5File?$AA@ 00000000000030b0     BasePrintLib:PrintLibInternal.obj
 0002:00000f60       ??_C@_0O@GLPDOMCP@Reserved?5?$CI30?$CJ?$AA@ 00000000000030c0     BasePrintLib:PrintLibInternal.obj
 0002:00000f70       ??_C@_0O@NMJOLAMF@Reserved?5?$CI29?$CJ?$AA@ 00000000000030d0     BasePrintLib:PrintLibInternal.obj
 0002:00000f80       ??_C@_0N@JEJDHPO@End?5of?5Media?$AA@ 00000000000030e0     BasePrintLib:PrintLibInternal.obj
 0002:00000f90       ??_C@_09BOMAGJEG@CRC?5Error?$AA@ 00000000000030f0     BasePrintLib:PrintLibInternal.obj
 0002:00000fa0       ??_C@_0BD@KHMPCIOG@Security?5Violation?$AA@ 0000000000003100     BasePrintLib:PrintLibInternal.obj
 0002:00000fb8       ??_C@_0BF@EHOBGFMI@Incompatible?5Version?$AA@ 0000000000003118     BasePrintLib:PrintLibInternal.obj
 0002:00000fd0       ??_C@_0P@NCJHBCLM@Protocol?5Error?$AA@ 0000000000003130     BasePrintLib:PrintLibInternal.obj
 0002:00000fe0       ??_C@_0L@DJKNJKHM@TFTP?5Error?$AA@ 0000000000003140     BasePrintLib:PrintLibInternal.obj
 0002:00000ff0       ??_C@_0L@LKIFCMNO@ICMP?5Error?$AA@ 0000000000003150     BasePrintLib:PrintLibInternal.obj
 0002:00001000       ??_C@_07LCKDCBKK@Aborted?$AA@ 0000000000003160     BasePrintLib:PrintLibInternal.obj
 0002:00001008       ??_C@_0BA@IGIBFFPH@Already?5started?$AA@ 0000000000003168     BasePrintLib:PrintLibInternal.obj
 0002:00001018       ??_C@_0M@DCJFAFHJ@Not?5started?$AA@ 0000000000003178     BasePrintLib:PrintLibInternal.obj
 0002:00001028       ??_C@_08PAFJCNGP@Time?5out?$AA@ 0000000000003188     BasePrintLib:PrintLibInternal.obj
 0002:00001038       ??_C@_0L@IFPBNFC@No?5mapping?$AA@ 0000000000003198     BasePrintLib:PrintLibInternal.obj
 0002:00001048       ??_C@_0M@ENKCBFEP@No?5Response?$AA@ 00000000000031a8     BasePrintLib:PrintLibInternal.obj
 0002:00001058       ??_C@_0O@NFHOBIDO@Access?5Denied?$AA@ 00000000000031b8     BasePrintLib:PrintLibInternal.obj
 0002:00001068       ??_C@_09CFCBFJND@Not?5Found?$AA@ 00000000000031c8     BasePrintLib:PrintLibInternal.obj
 0002:00001078       ??_C@_0O@JNCJKCCD@Media?5changed?$AA@ 00000000000031d8     BasePrintLib:PrintLibInternal.obj
 0002:00001088       ??_C@_08KEGAJDNN@No?5Media?$AA@ 00000000000031e8     BasePrintLib:PrintLibInternal.obj
 0002:00001098       ??_C@_0M@HDLEPOFA@Volume?5Full?$AA@ 00000000000031f8     BasePrintLib:PrintLibInternal.obj
 0002:000010a8       ??_C@_0P@EIOJGIF@Volume?5Corrupt?$AA@ 0000000000003208     BasePrintLib:PrintLibInternal.obj
 0002:000010b8       ??_C@_0BB@GOILNEAA@Out?5of?5Resources?$AA@ 0000000000003218     BasePrintLib:PrintLibInternal.obj
 0002:000010d0       ??_C@_0BA@LNEDDFNB@Write?5Protected?$AA@ 0000000000003230     BasePrintLib:PrintLibInternal.obj
 0002:000010e0       ??_C@_0N@HHEABDHO@Device?5Error?$AA@ 0000000000003240     BasePrintLib:PrintLibInternal.obj
 0002:000010f0       ??_C@_09NKFGCIPN@Not?5Ready?$AA@ 0000000000003250     BasePrintLib:PrintLibInternal.obj
 0002:00001100       ??_C@_0BB@EGELJFOB@Buffer?5Too?5Small?$AA@ 0000000000003260     BasePrintLib:PrintLibInternal.obj
 0002:00001118       ??_C@_0BA@FLNMPMCF@Bad?5Buffer?5Size?$AA@ 0000000000003278     BasePrintLib:PrintLibInternal.obj
 0002:00001128       ??_C@_0M@BEECMOIL@Unsupported?$AA@ 0000000000003288     BasePrintLib:PrintLibInternal.obj
 0002:00001138       ??_C@_0BC@HOFHKGJN@Invalid?5Parameter?$AA@ 0000000000003298     BasePrintLib:PrintLibInternal.obj
 0002:00001150       ??_C@_0L@PLPBEPPC@Load?5Error?$AA@ 00000000000032b0     BasePrintLib:PrintLibInternal.obj
 0002:00001160       ??_C@_0BD@IFJNJCCO@Warning?5Stale?5Data?$AA@ 00000000000032c0     BasePrintLib:PrintLibInternal.obj
 0002:00001178       ??_C@_0BJ@ODIPDGHB@Warning?5Buffer?5Too?5Small?$AA@ 00000000000032d8     BasePrintLib:PrintLibInternal.obj
 0002:00001198       ??_C@_0BG@ECIJMOED@Warning?5Write?5Failure?$AA@ 00000000000032f8     BasePrintLib:PrintLibInternal.obj
 0002:000011b0       ??_C@_0BH@GKKCJEPJ@Warning?5Delete?5Failure?$AA@ 0000000000003310     BasePrintLib:PrintLibInternal.obj
 0002:000011c8       ??_C@_0BG@CFJMNNJK@Warning?5Unknown?5Glyph?$AA@ 0000000000003328     BasePrintLib:PrintLibInternal.obj
 0002:000011e0       ??_C@_07PBILKAFL@Success?$AA@ 0000000000003340     BasePrintLib:PrintLibInternal.obj
 0002:000011e8       mHexStr                    0000000000003348     BasePrintLib:PrintLibInternal.obj
 0002:00001200       mStatusString              0000000000003360     BasePrintLib:PrintLibInternal.obj
 0002:00001338       ??_C@_0DC@CHCEMEEB@q?3?2MdePkg?2Library?2BasePrintLib?2P@ 0000000000003498     BasePrintLib:PrintLibInternal.obj
 0002:00001370       ??_C@_0EG@NFDMKACK@?$CI?$CI?$CIFlags?5?$CG?50x00000040?$CJ?5?$CB?$DN?50?$CJ?$CJ?5?$HM?$HM@ 00000000000034d0     BasePrintLib:PrintLibInternal.obj
 0002:000013c0       ??_C@_0EM@FPGGOFNC@?$CI?$CI?$CIFlags?5?$CG?50x00000040?$CJ?5?$DN?$DN?50?$CJ?$CJ?5?$HM?$HM@ 0000000000003520     BasePrintLib:PrintLibInternal.obj
 0002:0000140c       ??_C@_01LIIJDEN@?$AN?$AA@  000000000000356c     BasePrintLib:PrintLibInternal.obj
 0002:00001410       ??_C@_04JIMNDDED@?$CF08X?$AA@ 0000000000003570     BasePrintLib:PrintLibInternal.obj
 0002:00001418       ??_C@_0O@MLOLIMFM@?$DMnull?5string?$DO?$AA@ 0000000000003578     BasePrintLib:PrintLibInternal.obj
 0002:00001428       ??_C@_0BK@FCPKCIDD@?$CF02d?1?$CF02d?1?$CF04d?5?5?$CF02d?3?$CF02d?$AA@ 0000000000003588     BasePrintLib:PrintLibInternal.obj
 0002:00001448       ??_C@_0M@LHGBCIKM@?$DMnull?5time?$DO?$AA@ 00000000000035a8     BasePrintLib:PrintLibInternal.obj
 0002:00001458       ??_C@_0DB@PMLHLBMO@?$CF08x?9?$CF04x?9?$CF04x?9?$CF02x?$CF02x?9?$CF02x?$CF02x@ 00000000000035b8     BasePrintLib:PrintLibInternal.obj
 0002:00001490       ??_C@_0M@BJJDNPHK@?$DMnull?5guid?$DO?$AA@ 00000000000035f0     BasePrintLib:PrintLibInternal.obj
 0002:0000149c       ??_C@_02PCIJFNDE@?$AN?6?$AA@ 00000000000035fc     BasePrintLib:PrintLibInternal.obj
 0002:000014a0       ??_C@_0BL@BFEFANFD@AsciiStrSize?5?$CIFormat?$CJ?5?$CB?$DN?50?$AA@ 0000000000003600     BasePrintLib:PrintLibInternal.obj
 0002:000014c0       ??_C@_0CB@NIHAJGJE@StrSize?5?$CI?$CICHAR16?5?$CK?$CJ?5Format?$CJ?5?$CB?$DN?50@ 0000000000003620     BasePrintLib:PrintLibInternal.obj
 0002:000014e8       ??_C@_0CP@CPEPIGGJ@q?3?2MdePkg?2Library?2BaseLib?2DivU64@ 0000000000003648     BaseLib:DivU64x32Remainder.obj
 0002:00001518       gImageHandle               0000000000003678     UefiBootServicesTableLib:UefiBootServicesTableLib.obj
 0002:00001520       gST                        0000000000003680     UefiBootServicesTableLib:UefiBootServicesTableLib.obj
 0002:00001528       gBS                        0000000000003688     UefiBootServicesTableLib:UefiBootServicesTableLib.obj
 0002:00001530       gRT                        0000000000003690     UefiRuntimeServicesTableLib:UefiRuntimeServicesTableLib.obj

 entry point at        0001:00000000

 Static symbols

