 SMBus

 Timestamp is 621ed442 (Wed Mar 02 10:19:46 2022)

 Preferred load address is 0000000000000000

 Start         Length     Name                   Class
 0001:00000000 000018e3H .text                   CODE
 0002:00000000 00000000H .data                   DATA
 0002:00000000 00000bd7H .rdata                  DATA
 0002:00000bd8 00000020H .bss                    DATA
 0003:00000000 00000120H .pdata                  DATA
 0004:00000000 000000c0H .xdata                  DATA

  Address         Publics by Value              Rva+Base               Lib:Object

 0001:00000000       _ModuleEntryPoint          00000000000002a0 f   UefiApplicationEntryPoint:ApplicationEntryPoint.obj
 0001:00000064       ProcessLibraryConstructorList 0000000000000304 f   SMBus:AutoGen.obj
 0001:000001a4       ProcessModuleEntryPointList 0000000000000444 f   SMBus:AutoGen.obj
 0001:000001ac       SMBusTool                  000000000000044c f   SMBus:SMBus.obj
 0001:000002bc       DebugPrint                 000000000000055c f   BaseDebugLibNull:DebugLib.obj
 0001:000002c8       DebugAssert                0000000000000568 f   BaseDebugLibNull:DebugLib.obj
 0001:000002c8       ProcessLibraryDestructorList 0000000000000568 f   SMBus:AutoGen.obj
 0001:000002cc       DebugPrintLevelEnabled     000000000000056c f   BaseDebugLibNull:DebugLib.obj
 0001:000002cc       DebugAssertEnabled         000000000000056c f   BaseDebugLibNull:DebugLib.obj
 0001:000002cc       DebugPrintEnabled          000000000000056c f   BaseDebugLibNull:DebugLib.obj
 0001:000002d0       UefiBootServicesTableLibConstructor 0000000000000570 f   UefiBootServicesTableLib:UefiBootServicesTableLib.obj
 0001:0000037c       IoRead8                    000000000000061c f   BaseIoLibIntrinsic:IoLibMsc.obj
 0001:00000384       IoWrite8                   0000000000000624 f   BaseIoLibIntrinsic:IoLibMsc.obj
 0001:0000038c       IoRead32                   000000000000062c f   BaseIoLibIntrinsic:IoLibMsc.obj
 0001:000003c8       IoWrite32                  0000000000000668 f   BaseIoLibIntrinsic:IoLibMsc.obj
 0001:00000410       UefiRuntimeServicesTableLibConstructor 00000000000006b0 f   UefiRuntimeServicesTableLib:UefiRuntimeServicesTableLib.obj
 0001:00000454       UefiLibConstructor         00000000000006f4 f   UefiLib:UefiLib.obj
 0001:00000458       InternalPrint              00000000000006f8 f   UefiLib:UefiLibPrint.obj
 0001:00000578       Print                      0000000000000818 f   UefiLib:UefiLibPrint.obj
 0001:000005a8       GetSMBusIOport             0000000000000848 f   MYLIB_IoLib:MYLIB_IoLib.obj
 0001:00000618       ReadSmbus                  00000000000008b8 f   MYLIB_IoLib:MYLIB_IoLib.obj
 0001:00000680       ReadUnaligned16            0000000000000920 f   BaseLib:Unaligned.obj
 0001:000006b8       ReadUnaligned32            0000000000000958 f   BaseLib:Unaligned.obj
 0001:000006f0       StrLen                     0000000000000990 f   BaseLib:String.obj
 0001:000007a8       StrSize                    0000000000000a48 f   BaseLib:String.obj
 0001:000007bc       AsciiStrLen                0000000000000a5c f   BaseLib:String.obj
 0001:00000844       AsciiStrSize               0000000000000ae4 f   BaseLib:String.obj
 0001:00000858       InternalMathDivRemU64x32   0000000000000af8 f   BaseLib:Math64.obj
 0001:00000874       InternalAllocatePool       0000000000000b14 f   UefiMemoryAllocationLib:MemoryAllocationLib.obj
 0001:000008a0       AllocatePool               0000000000000b40 f   UefiMemoryAllocationLib:MemoryAllocationLib.obj
 0001:000008b0       FreePool                   0000000000000b50 f   UefiMemoryAllocationLib:MemoryAllocationLib.obj
 0001:00000924       UnicodeVSPrint             0000000000000bc4 f   BasePrintLib:PrintLib.obj
 0001:000009c8       BasePrintLibFillBuffer     0000000000000c68 f   BasePrintLib:PrintLibInternal.obj
 0001:000009fc       BasePrintLibValueToString  0000000000000c9c f   BasePrintLib:PrintLibInternal.obj
 0001:00000a4c       BasePrintLibSPrintMarker   0000000000000cec f   BasePrintLib:PrintLibInternal.obj
 0001:00001840       BasePrintLibSPrint         0000000000001ae0 f   BasePrintLib:PrintLibInternal.obj
 0001:00001864       DivU64x32Remainder         0000000000001b04 f   BaseLib:DivU64x32Remainder.obj
 0001:000018c0       DisableInterrupts          0000000000001b60 f   BaseLib:DisableInterrupts.obj
 0001:000018d0       EnableInterrupts           0000000000001b70 f   BaseLib:EnableInterrupts.obj
 0001:000018e0       AsmReadEflags              0000000000001b80 f   BaseLib:ReadEflags.obj
 0002:00000000       _gPcd_FixedAtBuild_PcdMaximumAsciiStringLength 0000000000001ba0     SMBus:AutoGen.obj
 0002:00000000       _gPcd_FixedAtBuild_PcdMaximumUnicodeStringLength 0000000000001ba0     SMBus:AutoGen.obj
 0002:00000004       _gPcd_FixedAtBuild_PcdUefiLibMaxPrintBufferSize 0000000000001ba4     SMBus:AutoGen.obj
 0002:00000008       _gUefiDriverRevision       0000000000001ba8     SMBus:AutoGen.obj
 0002:00000010       ??_C@_0FA@MLNEKCHJ@q?3?2Build?2MyPkg?2RELEASE_DEVTLS?2X6@ 0000000000001bb0     SMBus:AutoGen.obj
 0002:00000060       ??_C@_0BE@DCHLEIGN@?$CBEFI_ERROR?5?$CIStatus?$CJ?$AA@ 0000000000001c00     SMBus:AutoGen.obj
 0002:00000078       ??_C@_0CB@DMEJJJHA@?6ASSERT_EFI_ERROR?5?$CIStatus?5?$DN?5?$CFr?$CJ?6@ 0000000000001c18     SMBus:AutoGen.obj
 0002:0000009c       ??_C@_13LBAGMAIH@?$AA?6?$AA?$AA@ 0000000000001c3c     SMBus:SMBus.obj
 0002:000000a0       ??_C@_1O@NPKLGBOK@?$AA?$CF?$AA0?$AA2?$AAl?$AAx?$AA?5?$AA?$AA@ 0000000000001c40     SMBus:SMBus.obj
 0002:000000b0       ??_C@_1BC@KHDDHLKK@?$AA?6?$AA?$CF?$AA0?$AA2?$AAl?$AAx?$AA?5?$AA?5?$AA?$AA@ 0000000000001c50     SMBus:SMBus.obj
 0002:000000d0       ??_C@_1GK@PCBJKJKJ@?$AA?5?$AA?5?$AA?5?$AA?5?$AA0?$AA0?$AA?5?$AA0?$AA1?$AA?5?$AA0?$AA2?$AA?5?$AA0?$AA3?$AA?5?$AA0?$AA4?$AA?5?$AA0?$AA5?$AA?5?$AA0?$AA6?$AA?5?$AA0?$AA7?$AA?5?$AA0?$AA8?$AA?5?$AA0@ 0000000000001c70     SMBus:SMBus.obj
 0002:00000140       ??_C@_1GO@ENLDEBLK@?$AA?$DN?$AA?$DN?$AA?$DN?$AA?$DN?$AA?$DN?$AA?$DN?$AA?$DN?$AA?$DN?$AA?$DN?$AA?$DN?$AA?$DN?$AA?$DN?$AA?$DN?$AA?$DN?$AA?$DN?$AA?$DN?$AA?$DN?$AA?$DN?$AA?$DN?$AA?$DN?$AA?$DN?$AA?$DN?$AA?$DN?$AA?$DN?$AA?$DN?$AA?$DN?$AA?$DN?$AA?$DN?$AA?$DN?$AA?$DN?$AA?$DN?$AA?$DN@ 0000000000001ce0     SMBus:SMBus.obj
 0002:000001b0       ??_C@_1GO@PGJBNLAA@?$AA?5?$AA?5?$AA?5?$AA?5?$AA?5?$AA?5?$AA?5?$AA?5?$AA?5?$AA?5?$AAY?$AAO?$AAU?$AA?5?$AAA?$AAR?$AAE?$AA?5?$AAN?$AAO?$AAW?$AA?5?$AAR?$AAE?$AAA?$AAD?$AAI?$AAN?$AAG?$AA?5?$AAS?$AAP@ 0000000000001d50     SMBus:SMBus.obj
 0002:00000220       ??_C@_0BE@BDFJLGLN@gBS?5?$CB?$DN?5?$CI?$CIvoid?5?$CK?$CJ?50?$CJ?$AA@ 0000000000001dc0     UefiBootServicesTableLib:UefiBootServicesTableLib.obj
 0002:00000238       ??_C@_0BE@DGNHAHIL@gST?5?$CB?$DN?5?$CI?$CIvoid?5?$CK?$CJ?50?$CJ?$AA@ 0000000000001dd8     UefiBootServicesTableLib:UefiBootServicesTableLib.obj
 0002:00000250       ??_C@_0EG@IHBEIGJL@q?3?2MdePkg?2Library?2UefiBootServic@ 0000000000001df0     UefiBootServicesTableLib:UefiBootServicesTableLib.obj
 0002:00000298       ??_C@_0BN@COECPDCC@gImageHandle?5?$CB?$DN?5?$CI?$CIvoid?5?$CK?$CJ?50?$CJ?$AA@ 0000000000001e38     UefiBootServicesTableLib:UefiBootServicesTableLib.obj
 0002:000002b8       ??_C@_0DA@NKIBNOLC@q?3?2MdePkg?2Library?2BaseIoLibIntri@ 0000000000001e58     BaseIoLibIntrinsic:IoLibMsc.obj
 0002:000002e8       ??_C@_0BA@HCECIDGN@?$CIPort?5?$CG?53?$CJ?5?$DN?$DN?50?$AA@ 0000000000001e88     BaseIoLibIntrinsic:IoLibMsc.obj
 0002:00000300       ??_C@_0EM@DLKNJEFG@q?3?2MdePkg?2Library?2UefiRuntimeSer@ 0000000000001ea0     UefiRuntimeServicesTableLib:UefiRuntimeServicesTableLib.obj
 0002:00000350       ??_C@_0BE@OBDFIHND@gRT?5?$CB?$DN?5?$CI?$CIvoid?5?$CK?$CJ?50?$CJ?$AA@ 0000000000001ef0     UefiRuntimeServicesTableLib:UefiRuntimeServicesTableLib.obj
 0002:00000368       ??_C@_0BH@IACGKAP@Buffer?5?$CB?$DN?5?$CI?$CIvoid?5?$CK?$CJ?50?$CJ?$AA@ 0000000000001f08     UefiLib:UefiLibPrint.obj
 0002:00000380       ??_C@_0BI@DIKLKBJC@Console?5?$CB?$DN?5?$CI?$CIvoid?5?$CK?$CJ?50?$CJ?$AA@ 0000000000001f20     UefiLib:UefiLibPrint.obj
 0002:00000398       ??_C@_0CD@NJDNMGBE@?$CI?$CIUINTN?$CJ?5Format?5?$CG?50x00000001?$CJ?5?$DN?$DN@ 0000000000001f38     UefiLib:UefiLibPrint.obj
 0002:000003c0       ??_C@_0CJ@ICOLKBCP@q?3?2MdePkg?2Library?2UefiLib?2UefiLi@ 0000000000001f60     UefiLib:UefiLibPrint.obj
 0002:000003f0       ??_C@_0BH@LKMBFCBF@Format?5?$CB?$DN?5?$CI?$CIvoid?5?$CK?$CJ?50?$CJ?$AA@ 0000000000001f90     UefiLib:UefiLibPrint.obj
 0002:00000408       ??_C@_0CG@MHAECJIA@q?3?2MdePkg?2Library?2BaseLib?2Unalig@ 0000000000001fa8     BaseLib:Unaligned.obj
 0002:00000430       ??_C@_0DK@EOJCOAME@Length?5?$DM?5_gPcd_FixedAtBuild_PcdM@ 0000000000001fd0     BaseLib:String.obj
 0002:00000470       ??_C@_0CD@BDCLIGHD@?$CI?$CIUINTN?$CJ?5String?5?$CG?50x00000001?$CJ?5?$DN?$DN@ 0000000000002010     BaseLib:String.obj
 0002:00000498       ??_C@_0CD@OOJADBME@q?3?2MdePkg?2Library?2BaseLib?2String@ 0000000000002038     BaseLib:String.obj
 0002:000004c0       ??_C@_0BH@MAAHKCPC@String?5?$CB?$DN?5?$CI?$CIvoid?5?$CK?$CJ?50?$CJ?$AA@ 0000000000002060     BaseLib:String.obj
 0002:000004d8       ??_C@_0DI@MDIKFADO@Length?5?$DM?5_gPcd_FixedAtBuild_PcdM@ 0000000000002078     BaseLib:String.obj
 0002:00000510       ??_C@_0N@KGHEHMDL@Divisor?5?$CB?$DN?50?$AA@ 00000000000020b0     BaseLib:DivU64x32.obj
 0002:00000520       ??_C@_0EA@JCDEKIGH@q?3?2MdePkg?2Library?2UefiMemoryAllo@ 00000000000020c0     UefiMemoryAllocationLib:MemoryAllocationLib.obj
 0002:00000560       ??_C@_0CH@KJLBGOBB@?$CI?$CI?$CIUINTN?$CJ?5?$CIFormatString?$CJ?$CJ?5?$CG?50x01@ 0000000000002100     BasePrintLib:PrintLib.obj
 0002:00000588       ??_C@_0CK@LOLCLJPB@q?3?2MdePkg?2Library?2BasePrintLib?2P@ 0000000000002128     BasePrintLib:PrintLib.obj
 0002:000005b8       ??_C@_0CI@BGLNHBLM@?$CI?$CI?$CIUINTN?$CJ?5?$CIStartOfBuffer?$CJ?$CJ?5?$CG?50x0@ 0000000000002158     BasePrintLib:PrintLib.obj
 0002:000005e0       ??_C@_0BB@MFGDFIJM@Compromised?5Data?$AA@ 0000000000002180     BasePrintLib:PrintLibInternal.obj
 0002:000005f8       ??_C@_0BB@KFJAMCOC@Invalid?5Language?$AA@ 0000000000002198     BasePrintLib:PrintLibInternal.obj
 0002:00000610       ??_C@_0M@FKGOBENP@End?5of?5File?$AA@ 00000000000021b0     BasePrintLib:PrintLibInternal.obj
 0002:00000620       ??_C@_0O@GLPDOMCP@Reserved?5?$CI30?$CJ?$AA@ 00000000000021c0     BasePrintLib:PrintLibInternal.obj
 0002:00000630       ??_C@_0O@NMJOLAMF@Reserved?5?$CI29?$CJ?$AA@ 00000000000021d0     BasePrintLib:PrintLibInternal.obj
 0002:00000640       ??_C@_0N@JEJDHPO@End?5of?5Media?$AA@ 00000000000021e0     BasePrintLib:PrintLibInternal.obj
 0002:00000650       ??_C@_09BOMAGJEG@CRC?5Error?$AA@ 00000000000021f0     BasePrintLib:PrintLibInternal.obj
 0002:00000660       ??_C@_0BD@KHMPCIOG@Security?5Violation?$AA@ 0000000000002200     BasePrintLib:PrintLibInternal.obj
 0002:00000678       ??_C@_0BF@EHOBGFMI@Incompatible?5Version?$AA@ 0000000000002218     BasePrintLib:PrintLibInternal.obj
 0002:00000690       ??_C@_0P@NCJHBCLM@Protocol?5Error?$AA@ 0000000000002230     BasePrintLib:PrintLibInternal.obj
 0002:000006a0       ??_C@_0L@DJKNJKHM@TFTP?5Error?$AA@ 0000000000002240     BasePrintLib:PrintLibInternal.obj
 0002:000006b0       ??_C@_0L@LKIFCMNO@ICMP?5Error?$AA@ 0000000000002250     BasePrintLib:PrintLibInternal.obj
 0002:000006c0       ??_C@_07LCKDCBKK@Aborted?$AA@ 0000000000002260     BasePrintLib:PrintLibInternal.obj
 0002:000006c8       ??_C@_0BA@IGIBFFPH@Already?5started?$AA@ 0000000000002268     BasePrintLib:PrintLibInternal.obj
 0002:000006d8       ??_C@_0M@DCJFAFHJ@Not?5started?$AA@ 0000000000002278     BasePrintLib:PrintLibInternal.obj
 0002:000006e8       ??_C@_08PAFJCNGP@Time?5out?$AA@ 0000000000002288     BasePrintLib:PrintLibInternal.obj
 0002:000006f8       ??_C@_0L@IFPBNFC@No?5mapping?$AA@ 0000000000002298     BasePrintLib:PrintLibInternal.obj
 0002:00000708       ??_C@_0M@ENKCBFEP@No?5Response?$AA@ 00000000000022a8     BasePrintLib:PrintLibInternal.obj
 0002:00000718       ??_C@_0O@NFHOBIDO@Access?5Denied?$AA@ 00000000000022b8     BasePrintLib:PrintLibInternal.obj
 0002:00000728       ??_C@_09CFCBFJND@Not?5Found?$AA@ 00000000000022c8     BasePrintLib:PrintLibInternal.obj
 0002:00000738       ??_C@_0O@JNCJKCCD@Media?5changed?$AA@ 00000000000022d8     BasePrintLib:PrintLibInternal.obj
 0002:00000748       ??_C@_08KEGAJDNN@No?5Media?$AA@ 00000000000022e8     BasePrintLib:PrintLibInternal.obj
 0002:00000758       ??_C@_0M@HDLEPOFA@Volume?5Full?$AA@ 00000000000022f8     BasePrintLib:PrintLibInternal.obj
 0002:00000768       ??_C@_0P@EIOJGIF@Volume?5Corrupt?$AA@ 0000000000002308     BasePrintLib:PrintLibInternal.obj
 0002:00000778       ??_C@_0BB@GOILNEAA@Out?5of?5Resources?$AA@ 0000000000002318     BasePrintLib:PrintLibInternal.obj
 0002:00000790       ??_C@_0BA@LNEDDFNB@Write?5Protected?$AA@ 0000000000002330     BasePrintLib:PrintLibInternal.obj
 0002:000007a0       ??_C@_0N@HHEABDHO@Device?5Error?$AA@ 0000000000002340     BasePrintLib:PrintLibInternal.obj
 0002:000007b0       ??_C@_09NKFGCIPN@Not?5Ready?$AA@ 0000000000002350     BasePrintLib:PrintLibInternal.obj
 0002:000007c0       ??_C@_0BB@EGELJFOB@Buffer?5Too?5Small?$AA@ 0000000000002360     BasePrintLib:PrintLibInternal.obj
 0002:000007d8       ??_C@_0BA@FLNMPMCF@Bad?5Buffer?5Size?$AA@ 0000000000002378     BasePrintLib:PrintLibInternal.obj
 0002:000007e8       ??_C@_0M@BEECMOIL@Unsupported?$AA@ 0000000000002388     BasePrintLib:PrintLibInternal.obj
 0002:000007f8       ??_C@_0BC@HOFHKGJN@Invalid?5Parameter?$AA@ 0000000000002398     BasePrintLib:PrintLibInternal.obj
 0002:00000810       ??_C@_0L@PLPBEPPC@Load?5Error?$AA@ 00000000000023b0     BasePrintLib:PrintLibInternal.obj
 0002:00000820       ??_C@_0BD@IFJNJCCO@Warning?5Stale?5Data?$AA@ 00000000000023c0     BasePrintLib:PrintLibInternal.obj
 0002:00000838       ??_C@_0BJ@ODIPDGHB@Warning?5Buffer?5Too?5Small?$AA@ 00000000000023d8     BasePrintLib:PrintLibInternal.obj
 0002:00000858       ??_C@_0BG@ECIJMOED@Warning?5Write?5Failure?$AA@ 00000000000023f8     BasePrintLib:PrintLibInternal.obj
 0002:00000870       ??_C@_0BH@GKKCJEPJ@Warning?5Delete?5Failure?$AA@ 0000000000002410     BasePrintLib:PrintLibInternal.obj
 0002:00000888       ??_C@_0BG@CFJMNNJK@Warning?5Unknown?5Glyph?$AA@ 0000000000002428     BasePrintLib:PrintLibInternal.obj
 0002:000008a0       ??_C@_07PBILKAFL@Success?$AA@ 0000000000002440     BasePrintLib:PrintLibInternal.obj
 0002:000008a8       mHexStr                    0000000000002448     BasePrintLib:PrintLibInternal.obj
 0002:000008c0       mStatusString              0000000000002460     BasePrintLib:PrintLibInternal.obj
 0002:000009f8       ??_C@_0DC@CHCEMEEB@q?3?2MdePkg?2Library?2BasePrintLib?2P@ 0000000000002598     BasePrintLib:PrintLibInternal.obj
 0002:00000a30       ??_C@_0EG@NFDMKACK@?$CI?$CI?$CIFlags?5?$CG?50x00000040?$CJ?5?$CB?$DN?50?$CJ?$CJ?5?$HM?$HM@ 00000000000025d0     BasePrintLib:PrintLibInternal.obj
 0002:00000a80       ??_C@_0EM@FPGGOFNC@?$CI?$CI?$CIFlags?5?$CG?50x00000040?$CJ?5?$DN?$DN?50?$CJ?$CJ?5?$HM?$HM@ 0000000000002620     BasePrintLib:PrintLibInternal.obj
 0002:00000acc       ??_C@_01LIIJDEN@?$AN?$AA@  000000000000266c     BasePrintLib:PrintLibInternal.obj
 0002:00000ad0       ??_C@_04JIMNDDED@?$CF08X?$AA@ 0000000000002670     BasePrintLib:PrintLibInternal.obj
 0002:00000ad8       ??_C@_0O@MLOLIMFM@?$DMnull?5string?$DO?$AA@ 0000000000002678     BasePrintLib:PrintLibInternal.obj
 0002:00000ae8       ??_C@_0BK@FCPKCIDD@?$CF02d?1?$CF02d?1?$CF04d?5?5?$CF02d?3?$CF02d?$AA@ 0000000000002688     BasePrintLib:PrintLibInternal.obj
 0002:00000b08       ??_C@_0M@LHGBCIKM@?$DMnull?5time?$DO?$AA@ 00000000000026a8     BasePrintLib:PrintLibInternal.obj
 0002:00000b18       ??_C@_0DB@PMLHLBMO@?$CF08x?9?$CF04x?9?$CF04x?9?$CF02x?$CF02x?9?$CF02x?$CF02x@ 00000000000026b8     BasePrintLib:PrintLibInternal.obj
 0002:00000b50       ??_C@_0M@BJJDNPHK@?$DMnull?5guid?$DO?$AA@ 00000000000026f0     BasePrintLib:PrintLibInternal.obj
 0002:00000b5c       ??_C@_02PCIJFNDE@?$AN?6?$AA@ 00000000000026fc     BasePrintLib:PrintLibInternal.obj
 0002:00000b60       ??_C@_0BL@BFEFANFD@AsciiStrSize?5?$CIFormat?$CJ?5?$CB?$DN?50?$AA@ 0000000000002700     BasePrintLib:PrintLibInternal.obj
 0002:00000b80       ??_C@_0CB@NIHAJGJE@StrSize?5?$CI?$CICHAR16?5?$CK?$CJ?5Format?$CJ?5?$CB?$DN?50@ 0000000000002720     BasePrintLib:PrintLibInternal.obj
 0002:00000ba8       ??_C@_0CP@CPEPIGGJ@q?3?2MdePkg?2Library?2BaseLib?2DivU64@ 0000000000002748     BaseLib:DivU64x32Remainder.obj
 0002:00000bd8       gImageHandle               0000000000002778     UefiBootServicesTableLib:UefiBootServicesTableLib.obj
 0002:00000be0       gST                        0000000000002780     UefiBootServicesTableLib:UefiBootServicesTableLib.obj
 0002:00000be8       gBS                        0000000000002788     UefiBootServicesTableLib:UefiBootServicesTableLib.obj
 0002:00000bf0       gRT                        0000000000002790     UefiRuntimeServicesTableLib:UefiRuntimeServicesTableLib.obj

 entry point at        0001:00000000

 Static symbols

