 PciDump

 Timestamp is 621ed442 (Wed Mar 02 10:19:46 2022)

 Preferred load address is 0000000000000000

 Start         Length     Name                   Class
 0001:00000000 000020c3H .text                   CODE
 0002:00000000 00000000H .data                   DATA
 0002:00000000 00001a1fH .rdata                  DATA
 0002:00001a20 00000020H .bss                    DATA
 0003:00000000 00000180H .pdata                  DATA
 0004:00000000 000000e0H .xdata                  DATA

  Address         Publics by Value              Rva+Base               Lib:Object

 0001:00000000       _ModuleEntryPoint          00000000000002a0 f   UefiApplicationEntryPoint:ApplicationEntryPoint.obj
 0001:00000064       ProcessLibraryConstructorList 0000000000000304 f   PciDump:AutoGen.obj
 0001:000001a4       DebugAssert                0000000000000444 f   BaseDebugLibNull:DebugLib.obj
 0001:000001a4       ProcessLibraryDestructorList 0000000000000444 f   PciDump:AutoGen.obj
 0001:000001a8       ProcessModuleEntryPointList 0000000000000448 f   PciDump:AutoGen.obj
 0001:000001b0       ShowLog                    0000000000000450 f   PciDump:PciDump.obj
 0001:0000028c       PciDumpMain                000000000000052c f   PciDump:PciDump.obj
 0001:00000538       UefiMain                   00000000000007d8 f   PciDump:PciDump.obj
 0001:000005c8       StrLen                     0000000000000868 f   BaseLib:String.obj
 0001:00000680       StrSize                    0000000000000920 f   BaseLib:String.obj
 0001:00000694       StrCmp                     0000000000000934 f   BaseLib:String.obj
 0001:00000744       InternalHexCharToUintn     00000000000009e4 f   BaseLib:String.obj
 0001:00000774       InternalIsHexaDecimalDigitCharacter 0000000000000a14 f   BaseLib:String.obj
 0001:0000079c       StrHexToUintn              0000000000000a3c f   BaseLib:String.obj
 0001:00000888       AsciiStrLen                0000000000000b28 f   BaseLib:String.obj
 0001:00000910       AsciiStrSize               0000000000000bb0 f   BaseLib:String.obj
 0001:00000924       InternalMathDivRemU64x32   0000000000000bc4 f   BaseLib:Math64.obj
 0001:00000940       DebugPrint                 0000000000000be0 f   BaseDebugLibNull:DebugLib.obj
 0001:0000094c       DebugPrintLevelEnabled     0000000000000bec f   BaseDebugLibNull:DebugLib.obj
 0001:0000094c       DebugPrintEnabled          0000000000000bec f   BaseDebugLibNull:DebugLib.obj
 0001:0000094c       DebugAssertEnabled         0000000000000bec f   BaseDebugLibNull:DebugLib.obj
 0001:00000950       UefiBootServicesTableLibConstructor 0000000000000bf0 f   UefiBootServicesTableLib:UefiBootServicesTableLib.obj
 0001:000009fc       IoRead32                   0000000000000c9c f   BaseIoLibIntrinsic:IoLibMsc.obj
 0001:00000a38       IoWrite32                  0000000000000cd8 f   BaseIoLibIntrinsic:IoLibMsc.obj
 0001:00000a80       UefiRuntimeServicesTableLibConstructor 0000000000000d20 f   UefiRuntimeServicesTableLib:UefiRuntimeServicesTableLib.obj
 0001:00000ac4       UefiLibConstructor         0000000000000d64 f   UefiLib:UefiLib.obj
 0001:00000ac8       InternalPrint              0000000000000d68 f   UefiLib:UefiLibPrint.obj
 0001:00000be8       Print                      0000000000000e88 f   UefiLib:UefiLibPrint.obj
 0001:00000c18       PciRead32                  0000000000000eb8 f   BasePciLibCf8:PciLib.obj
 0001:00000c20       PciWrite32                 0000000000000ec0 f   BasePciLibCf8:PciLib.obj
 0001:00000c28       PciFormat                  0000000000000ec8 f   MYLIB_IoLib:MYLIB_IoLib.obj
 0001:00000e24       ReadUnaligned16            00000000000010c4 f   BaseLib:Unaligned.obj
 0001:00000e5c       ReadUnaligned32            00000000000010fc f   BaseLib:Unaligned.obj
 0001:00000e94       InternalAllocatePool       0000000000001134 f   UefiMemoryAllocationLib:MemoryAllocationLib.obj
 0001:00000ec0       AllocatePool               0000000000001160 f   UefiMemoryAllocationLib:MemoryAllocationLib.obj
 0001:00000ed0       FreePool                   0000000000001170 f   UefiMemoryAllocationLib:MemoryAllocationLib.obj
 0001:00000f44       UnicodeVSPrint             00000000000011e4 f   BasePrintLib:PrintLib.obj
 0001:00000fe8       BasePrintLibFillBuffer     0000000000001288 f   BasePrintLib:PrintLibInternal.obj
 0001:0000101c       BasePrintLibValueToString  00000000000012bc f   BasePrintLib:PrintLibInternal.obj
 0001:0000106c       BasePrintLibSPrintMarker   000000000000130c f   BasePrintLib:PrintLibInternal.obj
 0001:00001e60       BasePrintLibSPrint         0000000000002100 f   BasePrintLib:PrintLibInternal.obj
 0001:00001e84       PciCf8Read32               0000000000002124 f   BasePciCf8Lib:PciCf8Lib.obj
 0001:00001f30       PciCf8Write32              00000000000021d0 f   BasePciCf8Lib:PciCf8Lib.obj
 0001:00001ff0       DivU64x32Remainder         0000000000002290 f   BaseLib:DivU64x32Remainder.obj
 0001:00002048       SaveAndDisableInterrupts   00000000000022e8 f   BaseLib:Cpu.obj
 0001:00002064       SetInterruptState          0000000000002304 f   BaseLib:Cpu.obj
 0001:00002090       DisableInterrupts          0000000000002330 f   BaseLib:DisableInterrupts.obj
 0001:00002094       GetInterruptState          0000000000002334 f   BaseLib:X86GetInterruptState.obj
 0001:000020b0       EnableInterrupts           0000000000002350 f   BaseLib:EnableInterrupts.obj
 0001:000020c0       AsmReadEflags              0000000000002360 f   BaseLib:ReadEflags.obj
 0002:00000000       _gPcd_FixedAtBuild_PcdMaximumUnicodeStringLength 0000000000002380     PciDump:AutoGen.obj
 0002:00000000       _gPcd_FixedAtBuild_PcdMaximumAsciiStringLength 0000000000002380     PciDump:AutoGen.obj
 0002:00000004       _gPcd_FixedAtBuild_PcdUefiLibMaxPrintBufferSize 0000000000002384     PciDump:AutoGen.obj
 0002:00000008       _gUefiDriverRevision       0000000000002388     PciDump:AutoGen.obj
 0002:00000010       ??_C@_0FE@PJDDADME@q?3?2Build?2MyPkg?2RELEASE_DEVTLS?2X6@ 0000000000002390     PciDump:AutoGen.obj
 0002:00000068       ??_C@_0BE@DCHLEIGN@?$CBEFI_ERROR?5?$CIStatus?$CJ?$AA@ 00000000000023e8     PciDump:AutoGen.obj
 0002:00000080       ??_C@_0CB@DMEJJJHA@?6ASSERT_EFI_ERROR?5?$CIStatus?5?$DN?5?$CFr?$CJ?6@ 0000000000002400     PciDump:AutoGen.obj
 0002:000000b0       ??_C@_1NI@BMEPJBBA@?$AA?$DN?$AA?$DN?$AA?$DN?$AA?$DN?$AA?$DN?$AA?$DN?$AA?$DN?$AA?$DN?$AA?$DN?$AA?$DN?$AA?$DN?$AA?$DN?$AA?$DN?$AA?$DN?$AA?$DN?$AA?$DN?$AA?$DN?$AA?$DN?$AA?$DN?$AA?$DN?$AA?$DN?$AA?$DN?$AA?$DN?$AA?$DN?$AA?$DN?$AA?$DN?$AA?$DN?$AA?$DN?$AA?$DN?$AA?$DN?$AA?$DN?$AA?$DN@ 0000000000002430     PciDump:PciDump.obj
 0002:00000190       ??_C@_1NI@EIFEHNGI@?$AA?$HM?$AA?$HM?$AA?5?$AA?5?$AA?5?$AA?5?$AA?5?$AA?5?$AA?5?$AA?5?$AA?5?$AA?5?$AA?5?$AA?5?$AA?5?$AA?5?$AA?5?$AA?5?$AA?5?$AA?5?$AA?5?$AA?5?$AA?5?$AA?5?$AA?5?$AA?5?$AA?5?$AA?5?$AA?5?$AAV?$AAA?$AAR@ 0000000000002510     PciDump:PciDump.obj
 0002:00000270       ??_C@_1NI@OKDNLOKD@?$AA?$HM?$AA?$HM?$AA?5?$AA?5?$AA?5?$AA?5?$AA?5?$AA?5?$AA?5?$AA?5?$AA?5?$AA?5?$AA?5?$AA?5?$AA?5?$AA?5?$AA?5?$AA?5?$AA?5?$AA?5?$AA?5?$AA?5?$AA?5?$AA?5?$AA?5?$AA?5?$AA?5?$AA?5?$AA?5?$AA?5?$AAT?$AAH@ 00000000000025f0     PciDump:PciDump.obj
 0002:00000350       ??_C@_1NI@KACIIILL@?$AA?$HM?$AA?$HM?$AA?$DN?$AA?$DN?$AA?$DN?$AA?$DN?$AA?$DN?$AA?$DN?$AA?$DN?$AA?$DN?$AA?$DN?$AA?$DN?$AA?$DN?$AA?$DN?$AA?$DN?$AA?$DN?$AA?$DN?$AA?$DN?$AA?$DN?$AA?$DN?$AA?$DN?$AA?$DN?$AA?$DN?$AA?$DN?$AA?$DN?$AA?$DN?$AA?$DN?$AA?$DN?$AA?$DN?$AA?$DN?$AA?$DN?$AA?$DN@ 00000000000026d0     PciDump:PciDump.obj
 0002:00000430       ??_C@_1NI@HJDDCDPL@?$AA?$HM?$AA?$HM?$AA?5?$AAe?$AAx?$AA?4?$AA?5?$AA0?$AA?5?$AA2?$AA?5?$AA0?$AA?5?$AAE?$AA0?$AA?5?$AA6?$AA7?$AA?5?$AA?5?$AA?5?$AA?5?$AA?5?$AA?5?$AA?5?$AA?5?$AA?5?$AA?5?$AA?5?$AA?5?$AA?5?$AA?5@ 00000000000027b0     PciDump:PciDump.obj
 0002:00000510       ??_C@_1NI@PNBHCIOL@?$AA?$HM?$AA?$HM?$AA?5?$AA?$FL?$AAB?$AAU?$AAS?$AA?$CD?$AA?$FN?$AA?$FL?$AAD?$AAE?$AAV?$AAI?$AAC?$AAE?$AA?$CD?$AA?$FN?$AA?$FL?$AAF?$AAU?$AAN?$AAC?$AAT?$AAI?$AAO?$AAN?$AA?$CD?$AA?$FN?$AA?$FL?$AAO?$AAF@ 0000000000002890     PciDump:PciDump.obj
 0002:000005f0       ??_C@_1NI@LJDINAKO@?$AA?$HM?$AA?$HM?$AA?5?$AAe?$AAx?$AA?4?$AA?5?$AA0?$AA?5?$AA2?$AA?5?$AA0?$AA?5?$AAB?$AAy?$AAt?$AAe?$AA?5?$AA?5?$AA?5?$AA?5?$AA?5?$AA?5?$AA?5?$AA?5?$AA?5?$AA?5?$AA?5?$AA?5?$AA?5?$AA?5?$AA?5@ 0000000000002970     PciDump:PciDump.obj
 0002:000006d0       ??_C@_1NI@GPCACGFP@?$AA?$HM?$AA?$HM?$AA?5?$AA?$FL?$AAB?$AAU?$AAS?$AA?$CD?$AA?$FN?$AA?$FL?$AAD?$AAE?$AAV?$AAI?$AAC?$AAE?$AA?$CD?$AA?$FN?$AA?$FL?$AAF?$AAU?$AAN?$AAC?$AAT?$AAI?$AAO?$AAN?$AA?$CD?$AA?$FN?$AA?$FL?$AAB?$AAY@ 0000000000002a50     PciDump:PciDump.obj
 0002:000007b0       ??_C@_1NI@KKAMNIDL@?$AA?$HM?$AA?$HM?$AA?5?$AAe?$AAx?$AA?4?$AA?5?$AA0?$AA?5?$AA2?$AA?5?$AA0?$AA?5?$AA?5?$AA?5?$AA?5?$AA?5?$AA?5?$AA?5?$AA?5?$AA?5?$AA?5?$AA?5?$AA?5?$AA?5?$AA?5?$AA?5?$AA?5?$AA?5?$AA?5?$AA?5?$AA?5@ 0000000000002b30     PciDump:PciDump.obj
 0002:00000890       ??_C@_1NI@HNANHHJK@?$AA?$HM?$AA?$HM?$AA?5?$AA?$FL?$AAB?$AAU?$AAS?$AA?$CD?$AA?$FN?$AA?$FL?$AAD?$AAE?$AAV?$AAI?$AAC?$AAE?$AA?$CD?$AA?$FN?$AA?$FL?$AAF?$AAU?$AAN?$AAC?$AAT?$AAI?$AAO?$AAN?$AA?$CD?$AA?$FN?$AA?5?$AA?5?$AA?5@ 0000000000002c10     PciDump:PciDump.obj
 0002:00000970       ??_C@_1NI@LPNNIJHF@?$AA?$HM?$AA?$HM?$AA?5?$AA?5?$AA?5?$AA?5?$AA?5?$AA?5?$AA?5?$AA?5?$AA?5?$AA?5?$AA?5?$AA?5?$AA?5?$AA?5?$AA?5?$AA?5?$AA?5?$AA?5?$AA?5?$AA?5?$AA?5?$AA?5?$AA?5?$AA?5?$AA?5?$AA?5?$AA?5?$AA?5?$AA?5?$AA?5@ 0000000000002cf0     PciDump:PciDump.obj
 0002:00000a50       ??_C@_1NI@DIOJEFI@?$AA?$HM?$AA?$HM?$AA?5?$AA?$FL?$AAL?$AA?1?$AAl?$AA?$FN?$AA?5?$AA?5?$AA?5?$AA?5?$AA?5?$AA?5?$AA?5?$AA?5?$AA?5?$AA?5?$AA?5?$AA?5?$AA?5?$AA?5?$AA?5?$AA?5?$AA?5?$AA?5?$AA?5?$AA?5?$AA?5?$AA?5?$AA?5?$AA?5@ 0000000000002dd0     PciDump:PciDump.obj
 0002:00000b30       ??_C@_1NK@FBCACJBN@?$AA?6?$AA?$DN?$AA?$DN?$AA?$DN?$AA?$DN?$AA?$DN?$AA?$DN?$AA?$DN?$AA?$DN?$AA?$DN?$AA?$DN?$AA?$DN?$AA?$DN?$AA?$DN?$AA?$DN?$AA?$DN?$AA?$DN?$AA?$DN?$AA?$DN?$AA?$DN?$AA?$DN?$AA?$DN?$AA?$DN?$AA?$DN?$AA?$DN?$AA?$DN?$AA?$DN?$AA?$DN?$AA?$DN?$AA?$DN?$AA?$DN?$AA?$DN@ 0000000000002eb0     PciDump:PciDump.obj
 0002:00000c10       ??_C@_1FO@LNLNFKHL@?$AA?5?$AA?$DM?$AA?5?$AAE?$AAN?$AAT?$AAE?$AAR?$AA?5?$AA?8?$AA?9?$AAh?$AA?8?$AA?5?$AAO?$AAR?$AA?5?$AA?8?$AA?9?$AAh?$AAe?$AAl?$AAp?$AA?8?$AA?5?$AAT?$AAO?$AA?5?$AAG?$AAE?$AAT?$AA?5@ 0000000000002f90     PciDump:PciDump.obj
 0002:00000c70       ??_C@_19PDIFHHOB@?$AAw?$AAo?$AAr?$AAd?$AA?$AA@ 0000000000002ff0     PciDump:PciDump.obj
 0002:00000c80       ??_C@_19LMNIHEDB@?$AAW?$AAo?$AAr?$AAd?$AA?$AA@ 0000000000003000     PciDump:PciDump.obj
 0002:00000c90       ??_C@_19OGDDIBJJ@?$AAb?$AAy?$AAt?$AAe?$AA?$AA@ 0000000000003010     PciDump:PciDump.obj
 0002:00000ca0       ??_C@_19KJGOICEJ@?$AAB?$AAy?$AAt?$AAe?$AA?$AA@ 0000000000003020     PciDump:PciDump.obj
 0002:00000cb0       ??_C@_1DI@JDCBJNEC@?$AA?$CF?$AA0?$AA2?$AAl?$AAx?$AA?5?$AA?5?$AA?5?$AA?5?$AA?$CF?$AA0?$AA2?$AAl?$AAx?$AA?5?$AA?5?$AA?5?$AA?5?$AA?5?$AA?5?$AA?5?$AA?$CF?$AA0?$AA2?$AAl?$AAx?$AA?6?$AA?$AA@ 0000000000003030     PciDump:PciDump.obj
 0002:00000ce8       ??_C@_1DK@KMPHHDD@?$AA?$CF?$AA0?$AA4?$AAl?$AAx?$AA?5?$AA?5?$AA?5?$AA?5?$AA?5?$AA?5?$AA?5?$AA?5?$AA?5?$AA?$CF?$AA0?$AA4?$AAl?$AAx?$AA?5?$AA?5?$AA?5?$AA?5?$AA?5?$AA?5?$AA?5?$AA?5?$AA?5?$AA?$AA@ 0000000000003068     PciDump:PciDump.obj
 0002:00000d30       ??_C@_1GI@ICADGMFH@?$AAD?$AAE?$AAV?$AAI?$AAC?$AAE?$AA?5?$AAI?$AAD?$AA?5?$AA?5?$AA?5?$AA?5?$AAV?$AAE?$AAN?$AAD?$AAO?$AAR?$AA?5?$AAI?$AAD?$AA?5?$AA?5?$AA?5?$AA?5?$AAB?$AAU?$AAS?$AA?$CD?$AA?5?$AA?5@ 00000000000030b0     PciDump:PciDump.obj
 0002:00000d98       ??_C@_1M@EMIGGGGA@?$AA?9?$AAh?$AAe?$AAl?$AAp?$AA?$AA@ 0000000000003118     PciDump:PciDump.obj
 0002:00000da4       ??_C@_15LJNJHFI@?$AA?9?$AAh?$AA?$AA@ 0000000000003124     PciDump:PciDump.obj
 0002:00000dac       ??_C@_13KPELGIFI@?$AAl?$AA?$AA@ 000000000000312c     PciDump:PciDump.obj
 0002:00000db0       ??_C@_13PHJMHGG@?$AAL?$AA?$AA@ 0000000000003130     PciDump:PciDump.obj
 0002:00000dc0       ??_C@_1IK@GGJNFPLP@?$AA?6?$AAS?$AAo?$AAr?$AAr?$AAy?$AA?0?$AA?5?$AAG?$AAe?$AAt?$AAt?$AAi?$AAn?$AAg?$AA?5?$AAS?$AAh?$AAe?$AAl?$AAl?$AA?5?$AAp?$AAa?$AAr?$AAa?$AAm?$AAs?$AA?5?$AAd?$AAi?$AAd@ 0000000000003140     PciDump:PciDump.obj
 0002:00000e50       ??_C@_0DK@EOJCOAME@Length?5?$DM?5_gPcd_FixedAtBuild_PcdM@ 00000000000031d0     BaseLib:String.obj
 0002:00000e90       ??_C@_0CD@BDCLIGHD@?$CI?$CIUINTN?$CJ?5String?5?$CG?50x00000001?$CJ?5?$DN?$DN@ 0000000000003210     BaseLib:String.obj
 0002:00000eb8       ??_C@_0CD@OOJADBME@q?3?2MdePkg?2Library?2BaseLib?2String@ 0000000000003238     BaseLib:String.obj
 0002:00000ee0       ??_C@_0BH@MAAHKCPC@String?5?$CB?$DN?5?$CI?$CIvoid?5?$CK?$CJ?50?$CJ?$AA@ 0000000000003260     BaseLib:String.obj
 0002:00000ef8       ??_C@_0BM@DALBOILC@StrSize?5?$CISecondString?$CJ?5?$CB?$DN?50?$AA@ 0000000000003278     BaseLib:String.obj
 0002:00000f18       ??_C@_0BL@JAAMOCAJ@StrSize?5?$CIFirstString?$CJ?5?$CB?$DN?50?$AA@ 0000000000003298     BaseLib:String.obj
 0002:00000f38       ??_C@_0BG@KBNOLIGE@StrSize?5?$CIString?$CJ?5?$CB?$DN?50?$AA@ 00000000000032b8     BaseLib:String.obj
 0002:00000f50       ??_C@_0ED@BNMFHFDG@Result?5?$DM?$DN?5?$CI?$CI?$CI?$CIUINTN?$CJ?5?$HO0?$CJ?5?9?5Inter@ 00000000000032d0     BaseLib:String.obj
 0002:00000f98       ??_C@_0DI@MDIKFADO@Length?5?$DM?5_gPcd_FixedAtBuild_PcdM@ 0000000000003318     BaseLib:String.obj
 0002:00000fd0       ??_C@_0N@KGHEHMDL@Divisor?5?$CB?$DN?50?$AA@ 0000000000003350     BaseLib:DivU64x32.obj
 0002:00000fe0       ??_C@_0BE@BDFJLGLN@gBS?5?$CB?$DN?5?$CI?$CIvoid?5?$CK?$CJ?50?$CJ?$AA@ 0000000000003360     UefiBootServicesTableLib:UefiBootServicesTableLib.obj
 0002:00000ff8       ??_C@_0BE@DGNHAHIL@gST?5?$CB?$DN?5?$CI?$CIvoid?5?$CK?$CJ?50?$CJ?$AA@ 0000000000003378     UefiBootServicesTableLib:UefiBootServicesTableLib.obj
 0002:00001010       ??_C@_0EG@IHBEIGJL@q?3?2MdePkg?2Library?2UefiBootServic@ 0000000000003390     UefiBootServicesTableLib:UefiBootServicesTableLib.obj
 0002:00001058       ??_C@_0BN@COECPDCC@gImageHandle?5?$CB?$DN?5?$CI?$CIvoid?5?$CK?$CJ?50?$CJ?$AA@ 00000000000033d8     UefiBootServicesTableLib:UefiBootServicesTableLib.obj
 0002:00001078       ??_C@_0DA@NKIBNOLC@q?3?2MdePkg?2Library?2BaseIoLibIntri@ 00000000000033f8     BaseIoLibIntrinsic:IoLibMsc.obj
 0002:000010a8       ??_C@_0BA@HCECIDGN@?$CIPort?5?$CG?53?$CJ?5?$DN?$DN?50?$AA@ 0000000000003428     BaseIoLibIntrinsic:IoLibMsc.obj
 0002:000010c0       ??_C@_0EM@DLKNJEFG@q?3?2MdePkg?2Library?2UefiRuntimeSer@ 0000000000003440     UefiRuntimeServicesTableLib:UefiRuntimeServicesTableLib.obj
 0002:00001110       ??_C@_0BE@OBDFIHND@gRT?5?$CB?$DN?5?$CI?$CIvoid?5?$CK?$CJ?50?$CJ?$AA@ 0000000000003490     UefiRuntimeServicesTableLib:UefiRuntimeServicesTableLib.obj
 0002:00001128       ??_C@_0BH@IACGKAP@Buffer?5?$CB?$DN?5?$CI?$CIvoid?5?$CK?$CJ?50?$CJ?$AA@ 00000000000034a8     UefiLib:UefiLibPrint.obj
 0002:00001140       ??_C@_0BI@DIKLKBJC@Console?5?$CB?$DN?5?$CI?$CIvoid?5?$CK?$CJ?50?$CJ?$AA@ 00000000000034c0     UefiLib:UefiLibPrint.obj
 0002:00001158       ??_C@_0CD@NJDNMGBE@?$CI?$CIUINTN?$CJ?5Format?5?$CG?50x00000001?$CJ?5?$DN?$DN@ 00000000000034d8     UefiLib:UefiLibPrint.obj
 0002:00001180       ??_C@_0CJ@ICOLKBCP@q?3?2MdePkg?2Library?2UefiLib?2UefiLi@ 0000000000003500     UefiLib:UefiLibPrint.obj
 0002:000011b0       ??_C@_0BH@LKMBFCBF@Format?5?$CB?$DN?5?$CI?$CIvoid?5?$CK?$CJ?50?$CJ?$AA@ 0000000000003530     UefiLib:UefiLibPrint.obj
 0002:000011c8       ??_C@_1CI@KODDBPPH@?$AAC?$AAA?$AAN?$AA?8?$AAT?$AA?5?$AAF?$AAI?$AAN?$AAD?$AA?5?$AAD?$AAE?$AAV?$AAI?$AAC?$AAE?$AA?4?$AA?6?$AA?$AA@ 0000000000003548     MYLIB_IoLib:MYLIB_IoLib.obj
 0002:000011f0       ??_C@_13LBAGMAIH@?$AA?6?$AA?$AA@ 0000000000003570     MYLIB_IoLib:MYLIB_IoLib.obj
 0002:000011f8       ??_C@_1O@MIIJPBCD@?$AA?$CF?$AA0?$AA8?$AAl?$AAx?$AA?5?$AA?$AA@ 0000000000003578     MYLIB_IoLib:MYLIB_IoLib.obj
 0002:00001208       ??_C@_1BK@CHPOBAKK@?$AA?$CF?$AA0?$AA4?$AAl?$AAx?$AA?5?$AA?$CF?$AA0?$AA4?$AAl?$AAx?$AA?5?$AA?$AA@ 0000000000003588     MYLIB_IoLib:MYLIB_IoLib.obj
 0002:00001228       ??_C@_1DC@CALGNKFI@?$AA?$CF?$AA0?$AA2?$AAl?$AAx?$AA?5?$AA?$CF?$AA0?$AA2?$AAl?$AAx?$AA?5?$AA?$CF?$AA0?$AA2?$AAl?$AAx?$AA?5?$AA?$CF?$AA0?$AA2?$AAl?$AAx?$AA?5?$AA?$AA@ 00000000000035a8     MYLIB_IoLib:MYLIB_IoLib.obj
 0002:00001260       ??_C@_1BC@MNGAACE@?$AA?$CF?$AA0?$AA2?$AAl?$AAx?$AA?5?$AA?5?$AA?5?$AA?$AA@ 00000000000035e0     MYLIB_IoLib:MYLIB_IoLib.obj
 0002:00001274       ??_C@_15IABLJNFO@?$AA?6?$AA?6?$AA?$AA@ 00000000000035f4     MYLIB_IoLib:MYLIB_IoLib.obj
 0002:00001280       ??_C@_1CM@OHGFBEKL@?$AA?$CF?$AA0?$AA2?$AAl?$AAx?$AA?$CF?$AA0?$AA2?$AAl?$AAx?$AA?$CF?$AA0?$AA2?$AAl?$AAx?$AA?$CF?$AA0?$AA2?$AAl?$AAx?$AA?5?$AA?$AA@ 0000000000003600     MYLIB_IoLib:MYLIB_IoLib.obj
 0002:000012b0       ??_C@_1BI@PNPPBPCD@?$AA?$CF?$AA0?$AA2?$AAl?$AAx?$AA?$CF?$AA0?$AA2?$AAl?$AAx?$AA?5?$AA?$AA@ 0000000000003630     MYLIB_IoLib:MYLIB_IoLib.obj
 0002:000012c8       ??_C@_1O@NPKLGBOK@?$AA?$CF?$AA0?$AA2?$AAl?$AAx?$AA?5?$AA?$AA@ 0000000000003648     MYLIB_IoLib:MYLIB_IoLib.obj
 0002:000012d8       ??_C@_1M@INKOCJOG@?$AA?5?$AA?5?$AA?5?$AA?5?$AA?5?$AA?$AA@ 0000000000003658     MYLIB_IoLib:MYLIB_IoLib.obj
 0002:000012e8       ??_C@_0CG@MHAECJIA@q?3?2MdePkg?2Library?2BaseLib?2Unalig@ 0000000000003668     BaseLib:Unaligned.obj
 0002:00001310       ??_C@_0EA@JCDEKIGH@q?3?2MdePkg?2Library?2UefiMemoryAllo@ 0000000000003690     UefiMemoryAllocationLib:MemoryAllocationLib.obj
 0002:00001350       ??_C@_0CH@KJLBGOBB@?$CI?$CI?$CIUINTN?$CJ?5?$CIFormatString?$CJ?$CJ?5?$CG?50x01@ 00000000000036d0     BasePrintLib:PrintLib.obj
 0002:00001378       ??_C@_0CK@LOLCLJPB@q?3?2MdePkg?2Library?2BasePrintLib?2P@ 00000000000036f8     BasePrintLib:PrintLib.obj
 0002:000013a8       ??_C@_0CI@BGLNHBLM@?$CI?$CI?$CIUINTN?$CJ?5?$CIStartOfBuffer?$CJ?$CJ?5?$CG?50x0@ 0000000000003728     BasePrintLib:PrintLib.obj
 0002:000013d0       ??_C@_0BB@MFGDFIJM@Compromised?5Data?$AA@ 0000000000003750     BasePrintLib:PrintLibInternal.obj
 0002:000013e8       ??_C@_0BB@KFJAMCOC@Invalid?5Language?$AA@ 0000000000003768     BasePrintLib:PrintLibInternal.obj
 0002:00001400       ??_C@_0M@FKGOBENP@End?5of?5File?$AA@ 0000000000003780     BasePrintLib:PrintLibInternal.obj
 0002:00001410       ??_C@_0O@GLPDOMCP@Reserved?5?$CI30?$CJ?$AA@ 0000000000003790     BasePrintLib:PrintLibInternal.obj
 0002:00001420       ??_C@_0O@NMJOLAMF@Reserved?5?$CI29?$CJ?$AA@ 00000000000037a0     BasePrintLib:PrintLibInternal.obj
 0002:00001430       ??_C@_0N@JEJDHPO@End?5of?5Media?$AA@ 00000000000037b0     BasePrintLib:PrintLibInternal.obj
 0002:00001440       ??_C@_09BOMAGJEG@CRC?5Error?$AA@ 00000000000037c0     BasePrintLib:PrintLibInternal.obj
 0002:00001450       ??_C@_0BD@KHMPCIOG@Security?5Violation?$AA@ 00000000000037d0     BasePrintLib:PrintLibInternal.obj
 0002:00001468       ??_C@_0BF@EHOBGFMI@Incompatible?5Version?$AA@ 00000000000037e8     BasePrintLib:PrintLibInternal.obj
 0002:00001480       ??_C@_0P@NCJHBCLM@Protocol?5Error?$AA@ 0000000000003800     BasePrintLib:PrintLibInternal.obj
 0002:00001490       ??_C@_0L@DJKNJKHM@TFTP?5Error?$AA@ 0000000000003810     BasePrintLib:PrintLibInternal.obj
 0002:000014a0       ??_C@_0L@LKIFCMNO@ICMP?5Error?$AA@ 0000000000003820     BasePrintLib:PrintLibInternal.obj
 0002:000014b0       ??_C@_07LCKDCBKK@Aborted?$AA@ 0000000000003830     BasePrintLib:PrintLibInternal.obj
 0002:000014b8       ??_C@_0BA@IGIBFFPH@Already?5started?$AA@ 0000000000003838     BasePrintLib:PrintLibInternal.obj
 0002:000014c8       ??_C@_0M@DCJFAFHJ@Not?5started?$AA@ 0000000000003848     BasePrintLib:PrintLibInternal.obj
 0002:000014d8       ??_C@_08PAFJCNGP@Time?5out?$AA@ 0000000000003858     BasePrintLib:PrintLibInternal.obj
 0002:000014e8       ??_C@_0L@IFPBNFC@No?5mapping?$AA@ 0000000000003868     BasePrintLib:PrintLibInternal.obj
 0002:000014f8       ??_C@_0M@ENKCBFEP@No?5Response?$AA@ 0000000000003878     BasePrintLib:PrintLibInternal.obj
 0002:00001508       ??_C@_0O@NFHOBIDO@Access?5Denied?$AA@ 0000000000003888     BasePrintLib:PrintLibInternal.obj
 0002:00001518       ??_C@_09CFCBFJND@Not?5Found?$AA@ 0000000000003898     BasePrintLib:PrintLibInternal.obj
 0002:00001528       ??_C@_0O@JNCJKCCD@Media?5changed?$AA@ 00000000000038a8     BasePrintLib:PrintLibInternal.obj
 0002:00001538       ??_C@_08KEGAJDNN@No?5Media?$AA@ 00000000000038b8     BasePrintLib:PrintLibInternal.obj
 0002:00001548       ??_C@_0M@HDLEPOFA@Volume?5Full?$AA@ 00000000000038c8     BasePrintLib:PrintLibInternal.obj
 0002:00001558       ??_C@_0P@EIOJGIF@Volume?5Corrupt?$AA@ 00000000000038d8     BasePrintLib:PrintLibInternal.obj
 0002:00001568       ??_C@_0BB@GOILNEAA@Out?5of?5Resources?$AA@ 00000000000038e8     BasePrintLib:PrintLibInternal.obj
 0002:00001580       ??_C@_0BA@LNEDDFNB@Write?5Protected?$AA@ 0000000000003900     BasePrintLib:PrintLibInternal.obj
 0002:00001590       ??_C@_0N@HHEABDHO@Device?5Error?$AA@ 0000000000003910     BasePrintLib:PrintLibInternal.obj
 0002:000015a0       ??_C@_09NKFGCIPN@Not?5Ready?$AA@ 0000000000003920     BasePrintLib:PrintLibInternal.obj
 0002:000015b0       ??_C@_0BB@EGELJFOB@Buffer?5Too?5Small?$AA@ 0000000000003930     BasePrintLib:PrintLibInternal.obj
 0002:000015c8       ??_C@_0BA@FLNMPMCF@Bad?5Buffer?5Size?$AA@ 0000000000003948     BasePrintLib:PrintLibInternal.obj
 0002:000015d8       ??_C@_0M@BEECMOIL@Unsupported?$AA@ 0000000000003958     BasePrintLib:PrintLibInternal.obj
 0002:000015e8       ??_C@_0BC@HOFHKGJN@Invalid?5Parameter?$AA@ 0000000000003968     BasePrintLib:PrintLibInternal.obj
 0002:00001600       ??_C@_0L@PLPBEPPC@Load?5Error?$AA@ 0000000000003980     BasePrintLib:PrintLibInternal.obj
 0002:00001610       ??_C@_0BD@IFJNJCCO@Warning?5Stale?5Data?$AA@ 0000000000003990     BasePrintLib:PrintLibInternal.obj
 0002:00001628       ??_C@_0BJ@ODIPDGHB@Warning?5Buffer?5Too?5Small?$AA@ 00000000000039a8     BasePrintLib:PrintLibInternal.obj
 0002:00001648       ??_C@_0BG@ECIJMOED@Warning?5Write?5Failure?$AA@ 00000000000039c8     BasePrintLib:PrintLibInternal.obj
 0002:00001660       ??_C@_0BH@GKKCJEPJ@Warning?5Delete?5Failure?$AA@ 00000000000039e0     BasePrintLib:PrintLibInternal.obj
 0002:00001678       ??_C@_0BG@CFJMNNJK@Warning?5Unknown?5Glyph?$AA@ 00000000000039f8     BasePrintLib:PrintLibInternal.obj
 0002:00001690       ??_C@_07PBILKAFL@Success?$AA@ 0000000000003a10     BasePrintLib:PrintLibInternal.obj
 0002:00001698       mHexStr                    0000000000003a18     BasePrintLib:PrintLibInternal.obj
 0002:000016b0       mStatusString              0000000000003a30     BasePrintLib:PrintLibInternal.obj
 0002:000017e8       ??_C@_0DC@CHCEMEEB@q?3?2MdePkg?2Library?2BasePrintLib?2P@ 0000000000003b68     BasePrintLib:PrintLibInternal.obj
 0002:00001820       ??_C@_0EG@NFDMKACK@?$CI?$CI?$CIFlags?5?$CG?50x00000040?$CJ?5?$CB?$DN?50?$CJ?$CJ?5?$HM?$HM@ 0000000000003ba0     BasePrintLib:PrintLibInternal.obj
 0002:00001870       ??_C@_0EM@FPGGOFNC@?$CI?$CI?$CIFlags?5?$CG?50x00000040?$CJ?5?$DN?$DN?50?$CJ?$CJ?5?$HM?$HM@ 0000000000003bf0     BasePrintLib:PrintLibInternal.obj
 0002:000018bc       ??_C@_01LIIJDEN@?$AN?$AA@  0000000000003c3c     BasePrintLib:PrintLibInternal.obj
 0002:000018c0       ??_C@_04JIMNDDED@?$CF08X?$AA@ 0000000000003c40     BasePrintLib:PrintLibInternal.obj
 0002:000018c8       ??_C@_0O@MLOLIMFM@?$DMnull?5string?$DO?$AA@ 0000000000003c48     BasePrintLib:PrintLibInternal.obj
 0002:000018d8       ??_C@_0BK@FCPKCIDD@?$CF02d?1?$CF02d?1?$CF04d?5?5?$CF02d?3?$CF02d?$AA@ 0000000000003c58     BasePrintLib:PrintLibInternal.obj
 0002:000018f8       ??_C@_0M@LHGBCIKM@?$DMnull?5time?$DO?$AA@ 0000000000003c78     BasePrintLib:PrintLibInternal.obj
 0002:00001908       ??_C@_0DB@PMLHLBMO@?$CF08x?9?$CF04x?9?$CF04x?9?$CF02x?$CF02x?9?$CF02x?$CF02x@ 0000000000003c88     BasePrintLib:PrintLibInternal.obj
 0002:00001940       ??_C@_0M@BJJDNPHK@?$DMnull?5guid?$DO?$AA@ 0000000000003cc0     BasePrintLib:PrintLibInternal.obj
 0002:0000194c       ??_C@_02PCIJFNDE@?$AN?6?$AA@ 0000000000003ccc     BasePrintLib:PrintLibInternal.obj
 0002:00001950       ??_C@_0BL@BFEFANFD@AsciiStrSize?5?$CIFormat?$CJ?5?$CB?$DN?50?$AA@ 0000000000003cd0     BasePrintLib:PrintLibInternal.obj
 0002:00001970       ??_C@_0CB@NIHAJGJE@StrSize?5?$CI?$CICHAR16?5?$CK?$CJ?5Format?$CJ?5?$CB?$DN?50@ 0000000000003cf0     BasePrintLib:PrintLibInternal.obj
 0002:00001998       ??_C@_0CM@EPNCIHKK@q?3?2MdePkg?2Library?2BasePciCf8Lib?2@ 0000000000003d18     BasePciCf8Lib:PciCf8Lib.obj
 0002:000019c8       ??_C@_0CG@EDKLCMBO@?$CI?$CIAddress?$CJ?5?$CG?5?$CI?$HO0xffff0ff?5?$HM?5?$CI3?$CJ?$CJ?$CJ@ 0000000000003d48     BasePciCf8Lib:PciCf8Lib.obj
 0002:000019f0       ??_C@_0CP@CPEPIGGJ@q?3?2MdePkg?2Library?2BaseLib?2DivU64@ 0000000000003d70     BaseLib:DivU64x32Remainder.obj
 0002:00001a20       gImageHandle               0000000000003da0     UefiBootServicesTableLib:UefiBootServicesTableLib.obj
 0002:00001a28       gST                        0000000000003da8     UefiBootServicesTableLib:UefiBootServicesTableLib.obj
 0002:00001a30       gBS                        0000000000003db0     UefiBootServicesTableLib:UefiBootServicesTableLib.obj
 0002:00001a38       gRT                        0000000000003db8     UefiRuntimeServicesTableLib:UefiRuntimeServicesTableLib.obj

 entry point at        0001:00000000

 Static symbols

